Archive member included because of file (symbol)

C:\Users\12199434\My Local Data\08\2019_Autumn_Project-master\Library\libAnalog.a(analog.o)
                              ./Sources/Analog.o (Analog_Init)
C:\Users\12199434\My Local Data\08\2019_Autumn_Project-master\Library\libAnalog.a(SPI.o)
                              C:\Users\12199434\My Local Data\08\2019_Autumn_Project-master\Library\libAnalog.a(analog.o) (SPI_Init)
c:/software/freescale/kds_3.0.0/toolchain/bin/../lib/gcc/arm-none-eabi/4.8.4/../../../../arm-none-eabi/lib/armv7e-m/fpu\libm.a(lib_a-w_fmod.o)
                              ./Sources/UART.o (fmod)
c:/software/freescale/kds_3.0.0/toolchain/bin/../lib/gcc/arm-none-eabi/4.8.4/../../../../arm-none-eabi/lib/armv7e-m/fpu\libm.a(lib_a-e_fmod.o)
                              c:/software/freescale/kds_3.0.0/toolchain/bin/../lib/gcc/arm-none-eabi/4.8.4/../../../../arm-none-eabi/lib/armv7e-m/fpu\libm.a(lib_a-w_fmod.o) (__ieee754_fmod)
c:/software/freescale/kds_3.0.0/toolchain/bin/../lib/gcc/arm-none-eabi/4.8.4/../../../../arm-none-eabi/lib/armv7e-m/fpu\libm.a(lib_a-s_fpclassify.o)
                              c:/software/freescale/kds_3.0.0/toolchain/bin/../lib/gcc/arm-none-eabi/4.8.4/../../../../arm-none-eabi/lib/armv7e-m/fpu\libm.a(lib_a-w_fmod.o) (__fpclassifyd)
c:/software/freescale/kds_3.0.0/toolchain/bin/../lib/gcc/arm-none-eabi/4.8.4/../../../../arm-none-eabi/lib/armv7e-m/fpu\libm.a(lib_a-s_lib_ver.o)
                              c:/software/freescale/kds_3.0.0/toolchain/bin/../lib/gcc/arm-none-eabi/4.8.4/../../../../arm-none-eabi/lib/armv7e-m/fpu\libm.a(lib_a-w_fmod.o) (__fdlib_version)
c:/software/freescale/kds_3.0.0/toolchain/bin/../lib/gcc/arm-none-eabi/4.8.4/../../../../arm-none-eabi/lib/armv7e-m/fpu\libm.a(lib_a-s_matherr.o)
                              c:/software/freescale/kds_3.0.0/toolchain/bin/../lib/gcc/arm-none-eabi/4.8.4/../../../../arm-none-eabi/lib/armv7e-m/fpu\libm.a(lib_a-w_fmod.o) (matherr)
c:/software/freescale/kds_3.0.0/toolchain/bin/../lib/gcc/arm-none-eabi/4.8.4/armv7e-m/fpu\libgcc.a(_arm_addsubdf3.o)
                              ./Sources/PIT.o (__aeabi_dsub)
c:/software/freescale/kds_3.0.0/toolchain/bin/../lib/gcc/arm-none-eabi/4.8.4/armv7e-m/fpu\libgcc.a(_arm_muldivdf3.o)
                              ./Sources/PIT.o (__aeabi_dmul)
c:/software/freescale/kds_3.0.0/toolchain/bin/../lib/gcc/arm-none-eabi/4.8.4/armv7e-m/fpu\libgcc.a(_arm_cmpdf2.o)
                              c:/software/freescale/kds_3.0.0/toolchain/bin/../lib/gcc/arm-none-eabi/4.8.4/../../../../arm-none-eabi/lib/armv7e-m/fpu\libm.a(lib_a-w_fmod.o) (__aeabi_dcmpeq)
c:/software/freescale/kds_3.0.0/toolchain/bin/../lib/gcc/arm-none-eabi/4.8.4/armv7e-m/fpu\libgcc.a(_arm_fixunsdfsi.o)
                              ./Sources/PIT.o (__aeabi_d2uiz)
c:/software/freescale/kds_3.0.0/toolchain/bin/../lib/gcc/arm-none-eabi/4.8.4/armv7e-m/fpu\libgcc.a(_arm_truncdfsf2.o)
                              ./Sources/UART.o (__aeabi_d2f)
c:/software/freescale/kds_3.0.0/toolchain/bin/../lib/gcc/arm-none-eabi/4.8.4/armv7e-m/fpu\libgcc.a(_aeabi_ldivmod.o)
                              ./Sources/FixPoint32.o (__aeabi_ldivmod)
c:/software/freescale/kds_3.0.0/toolchain/bin/../lib/gcc/arm-none-eabi/4.8.4/armv7e-m/fpu\libgcc.a(bpabi.o)
                              c:/software/freescale/kds_3.0.0/toolchain/bin/../lib/gcc/arm-none-eabi/4.8.4/armv7e-m/fpu\libgcc.a(_aeabi_ldivmod.o) (__gnu_ldivmod_helper)
c:/software/freescale/kds_3.0.0/toolchain/bin/../lib/gcc/arm-none-eabi/4.8.4/armv7e-m/fpu\libgcc.a(unwind-arm.o)
                              ./Sources/Analog.o (__aeabi_unwind_cpp_pr1)
c:/software/freescale/kds_3.0.0/toolchain/bin/../lib/gcc/arm-none-eabi/4.8.4/armv7e-m/fpu\libgcc.a(libunwind.o)
                              c:/software/freescale/kds_3.0.0/toolchain/bin/../lib/gcc/arm-none-eabi/4.8.4/armv7e-m/fpu\libgcc.a(unwind-arm.o) (restore_core_regs)
c:/software/freescale/kds_3.0.0/toolchain/bin/../lib/gcc/arm-none-eabi/4.8.4/armv7e-m/fpu\libgcc.a(pr-support.o)
                              c:/software/freescale/kds_3.0.0/toolchain/bin/../lib/gcc/arm-none-eabi/4.8.4/armv7e-m/fpu\libgcc.a(unwind-arm.o) (__gnu_unwind_execute)
c:/software/freescale/kds_3.0.0/toolchain/bin/../lib/gcc/arm-none-eabi/4.8.4/armv7e-m/fpu\libgcc.a(_dvmd_tls.o)
                              c:/software/freescale/kds_3.0.0/toolchain/bin/../lib/gcc/arm-none-eabi/4.8.4/armv7e-m/fpu\libgcc.a(_aeabi_ldivmod.o) (__aeabi_ldiv0)
c:/software/freescale/kds_3.0.0/toolchain/bin/../lib/gcc/arm-none-eabi/4.8.4/armv7e-m/fpu\libgcc.a(_divdi3.o)
                              c:/software/freescale/kds_3.0.0/toolchain/bin/../lib/gcc/arm-none-eabi/4.8.4/armv7e-m/fpu\libgcc.a(bpabi.o) (__divdi3)
c:/software/freescale/kds_3.0.0/toolchain/bin/../lib/gcc/arm-none-eabi/4.8.4/armv7e-m/fpu\libgcc.a(_udivdi3.o)
                              c:/software/freescale/kds_3.0.0/toolchain/bin/../lib/gcc/arm-none-eabi/4.8.4/armv7e-m/fpu\libgcc.a(bpabi.o) (__udivdi3)
[...]
Memory Configuration

Name             Origin             Length             Attributes
m_interrupts     0x00000000         0x000001e8         xr
m_text           0x00000410         0x0007fbf0         xr
m_data           0x1fff0000         0x00010000         rw
m_data_20000000  0x20000000         0x00010000         rw
m_cfmprotrom     0x00000400         0x00000010         xr
*default*        0x00000000         0xffffffff

Linker script and memory map

LOAD c:/software/freescale/kds_3.0.0/toolchain/bin/../lib/gcc/arm-none-eabi/4.8.4/armv7e-m/fpu/crti.o
LOAD c:/software/freescale/kds_3.0.0/toolchain/bin/../lib/gcc/arm-none-eabi/4.8.4/armv7e-m/fpu/crtbegin.o
LOAD c:/software/freescale/kds_3.0.0/toolchain/bin/../lib/gcc/arm-none-eabi/4.8.4/../../../../arm-none-eabi/lib/armv7e-m/fpu/crt0.o
LOAD ./Sources/Analog.o
LOAD ./Sources/FIFO.o
LOAD ./Sources/FixPoint32.o
LOAD ./Sources/Flash.o
LOAD ./Sources/IDMT.o
LOAD ./Sources/LEDs.o
LOAD ./Sources/PIT.o
LOAD ./Sources/Packet.o
LOAD ./Sources/UART.o
LOAD ./Sources/main.o
LOAD ./Project_Settings/Startup_Code/startup.o
LOAD ./Generated_Code/Cpu.o
LOAD ./Generated_Code/Vectors.o
LOAD C:\Users\12199434\My Local Data\08\2019_Autumn_Project-master\Library\libOS.a
LOAD C:\Users\12199434\My Local Data\08\2019_Autumn_Project-master\Library\libAnalog.a
LOAD c:/software/freescale/kds_3.0.0/toolchain/bin/../lib/gcc/arm-none-eabi/4.8.4/../../../../arm-none-eabi/lib/armv7e-m/fpu\libstdc++_s.a
LOAD c:/software/freescale/kds_3.0.0/toolchain/bin/../lib/gcc/arm-none-eabi/4.8.4/../../../../arm-none-eabi/lib/armv7e-m/fpu\libm.a
START GROUP
LOAD c:/software/freescale/kds_3.0.0/toolchain/bin/../lib/gcc/arm-none-eabi/4.8.4/armv7e-m/fpu\libgcc.a
LOAD c:/software/freescale/kds_3.0.0/toolchain/bin/../lib/gcc/arm-none-eabi/4.8.4/../../../../arm-none-eabi/lib/armv7e-m/fpu\libg_s.a
LOAD c:/software/freescale/kds_3.0.0/toolchain/bin/../lib/gcc/arm-none-eabi/4.8.4/../../../../arm-none-eabi/lib/armv7e-m/fpu\libc_s.a
END GROUP
START GROUP
LOAD c:/software/freescale/kds_3.0.0/toolchain/bin/../lib/gcc/arm-none-eabi/4.8.4/armv7e-m/fpu\libgcc.a
LOAD c:/software/freescale/kds_3.0.0/toolchain/bin/../lib/gcc/arm-none-eabi/4.8.4/../../../../arm-none-eabi/lib/armv7e-m/fpu\libc_s.a
LOAD c:/software/freescale/kds_3.0.0/toolchain/bin/../lib/gcc/arm-none-eabi/4.8.4/../../../../arm-none-eabi/lib/armv7e-m/fpu\libnosys.a
END GROUP
START GROUP
LOAD c:/software/freescale/kds_3.0.0/toolchain/bin/../lib/gcc/arm-none-eabi/4.8.4/armv7e-m/fpu\libgcc.a
LOAD c:/software/freescale/kds_3.0.0/toolchain/bin/../lib/gcc/arm-none-eabi/4.8.4/../../../../arm-none-eabi/lib/armv7e-m/fpu\libc_s.a
LOAD c:/software/freescale/kds_3.0.0/toolchain/bin/../lib/gcc/arm-none-eabi/4.8.4/../../../../arm-none-eabi/lib/armv7e-m/fpu\libnosys.a
END GROUP
LOAD c:/software/freescale/kds_3.0.0/toolchain/bin/../lib/gcc/arm-none-eabi/4.8.4/armv7e-m/fpu/crtend.o
LOAD c:/software/freescale/kds_3.0.0/toolchain/bin/../lib/gcc/arm-none-eabi/4.8.4/armv7e-m/fpu/crtn.o
                0x20000000                _estack = 0x20000000
                0x20000000                __SP_INIT = _estack
                0x20000000                __stack = _estack
                0x00000000                __heap_size = 0x0
                0x00000400                __stack_size = 0x400

.interrupts     0x00000000      0x1e8
                0x00000000                __vector_table = .
                0x00000000                . = ALIGN (0x4)
 *(.vectortable)
 .vectortable   0x00000000      0x1e8 ./Generated_Code/Vectors.o
                0x00000000                __vect_table
                0x000001e8                . = ALIGN (0x4)

.cfmprotect     0x00000400       0x10
                0x00000400                . = ALIGN (0x4)
 *(.cfmconfig)
 .cfmconfig     0x00000400       0x10 ./Generated_Code/Cpu.o
                0x00000400                _cfm
                0x00000410                . = ALIGN (0x4)

.text           0x00000410     0x4980
                0x00000410                . = ALIGN (0x4)
 *(.text)
 .text          0x00000410       0x54 c:/software/freescale/kds_3.0.0/toolchain/bin/../lib/gcc/arm-none-eabi/4.8.4/armv7e-m/fpu/crtbegin.o
 .text          0x00000464       0x74 c:/software/freescale/kds_3.0.0/toolchain/bin/../lib/gcc/arm-none-eabi/4.8.4/../../../../arm-none-eabi/lib/armv7e-m/fpu/crt0.o
                0x00000464                _start
                0x00000464                _mainCRTStartup
 .text          0x000004d8      0x370 c:/software/freescale/kds_3.0.0/toolchain/bin/../lib/gcc/arm-none-eabi/4.8.4/armv7e-m/fpu\libgcc.a(_arm_addsubdf3.o)
                0x000004d8                __aeabi_drsub
                0x000004e0                __aeabi_dsub
                0x000004e0                __subdf3
                0x000004e4                __aeabi_dadd
                0x000004e4                __adddf3
                0x0000075c                __floatunsidf
                0x0000075c                __aeabi_ui2d
                0x0000077c                __floatsidf
                0x0000077c                __aeabi_i2d
                0x000007a0                __aeabi_f2d
                0x000007a0                __extendsfdf2
                0x000007dc                __floatundidf
                0x000007dc                __aeabi_ul2d
                0x000007ec                __floatdidf
                0x000007ec                __aeabi_l2d
 .text          0x00000848      0x424 c:/software/freescale/kds_3.0.0/toolchain/bin/../lib/gcc/arm-none-eabi/4.8.4/armv7e-m/fpu\libgcc.a(_arm_muldivdf3.o)
                0x00000848                __aeabi_dmul
                0x00000848                __muldf3
                0x00000a9c                __divdf3
                0x00000a9c                __aeabi_ddiv
 .text          0x00000c6c      0x110 c:/software/freescale/kds_3.0.0/toolchain/bin/../lib/gcc/arm-none-eabi/4.8.4/armv7e-m/fpu\libgcc.a(_arm_cmpdf2.o)
                0x00000c6c                __gtdf2
                0x00000c6c                __gedf2
                0x00000c74                __ltdf2
                0x00000c74                __ledf2
                0x00000c7c                __nedf2
                0x00000c7c                __eqdf2
                0x00000c7c                __cmpdf2
                0x00000cf8                __aeabi_cdrcmple
                0x00000d08                __aeabi_cdcmpeq
                0x00000d08                __aeabi_cdcmple
                0x00000d18                __aeabi_dcmpeq
                0x00000d2c                __aeabi_dcmplt
                0x00000d40                __aeabi_dcmple
                0x00000d54                __aeabi_dcmpge
                0x00000d68                __aeabi_dcmpgt
 .text          0x00000d7c       0x40 c:/software/freescale/kds_3.0.0/toolchain/bin/../lib/gcc/arm-none-eabi/4.8.4/armv7e-m/fpu\libgcc.a(_arm_fixunsdfsi.o)
                0x00000d7c                __aeabi_d2uiz
                0x00000d7c                __fixunsdfsi
 .text          0x00000dbc       0xa0 c:/software/freescale/kds_3.0.0/toolchain/bin/../lib/gcc/arm-none-eabi/4.8.4/armv7e-m/fpu\libgcc.a(_arm_truncdfsf2.o)
                0x00000dbc                __truncdfsf2
                0x00000dbc                __aeabi_d2f
 .text          0x00000e5c       0x38 c:/software/freescale/kds_3.0.0/toolchain/bin/../lib/gcc/arm-none-eabi/4.8.4/armv7e-m/fpu\libgcc.a(_aeabi_ldivmod.o)
                0x00000e5c                __aeabi_ldivmod
 .text          0x00000e94       0x60 c:/software/freescale/kds_3.0.0/toolchain/bin/../lib/gcc/arm-none-eabi/4.8.4/armv7e-m/fpu\libgcc.a(bpabi.o)
                0x00000e94                __gnu_ldivmod_helper
                0x00000ec4                __gnu_uldivmod_helper
 .text          0x00000ef4      0xa1c c:/software/freescale/kds_3.0.0/toolchain/bin/../lib/gcc/arm-none-eabi/4.8.4/armv7e-m/fpu\libgcc.a(unwind-arm.o)
                0x000011d8                _Unwind_GetCFA
                0x000011dc                __gnu_Unwind_RaiseException
                0x0000123c                __gnu_Unwind_ForcedUnwind
                0x00001250                __gnu_Unwind_Resume
                0x00001294                __gnu_Unwind_Resume_or_Rethrow
                0x000012a4                _Unwind_Complete
                0x000012a8                _Unwind_DeleteException
                0x000012b8                _Unwind_VRS_Get
                0x00001308                _Unwind_VRS_Set
                0x00001358                __gnu_Unwind_Backtrace
                0x000016ac                __aeabi_unwind_cpp_pr0
                0x000016b4                __aeabi_unwind_cpp_pr1
                0x000016bc                __aeabi_unwind_cpp_pr2
                0x000016c4                _Unwind_VRS_Pop
 .text          0x00001910      0x1ac c:/software/freescale/kds_3.0.0/toolchain/bin/../lib/gcc/arm-none-eabi/4.8.4/armv7e-m/fpu\libgcc.a(libunwind.o)
                0x00001910                __restore_core_regs
                0x00001910                restore_core_regs
                0x00001928                __gnu_Unwind_Restore_VFP
                0x00001930                __gnu_Unwind_Save_VFP
                0x00001938                __gnu_Unwind_Restore_VFP_D
                0x00001940                __gnu_Unwind_Save_VFP_D
                0x00001948                __gnu_Unwind_Restore_VFP_D_16_to_31
                0x00001950                __gnu_Unwind_Save_VFP_D_16_to_31
                0x00001958                __gnu_Unwind_Restore_WMMXD
                0x0000199c                __gnu_Unwind_Save_WMMXD
                0x000019e0                __gnu_Unwind_Restore_WMMXC
                0x000019f4                __gnu_Unwind_Save_WMMXC
                0x00001a08                ___Unwind_RaiseException
                0x00001a08                _Unwind_RaiseException
                0x00001a2c                _Unwind_Resume
                0x00001a2c                ___Unwind_Resume
                0x00001a50                _Unwind_Resume_or_Rethrow
                0x00001a50                ___Unwind_Resume_or_Rethrow
                0x00001a74                _Unwind_ForcedUnwind
                0x00001a74                ___Unwind_ForcedUnwind
                0x00001a98                ___Unwind_Backtrace
                0x00001a98                _Unwind_Backtrace
 .text          0x00001abc      0x33c c:/software/freescale/kds_3.0.0/toolchain/bin/../lib/gcc/arm-none-eabi/4.8.4/armv7e-m/fpu\libgcc.a(pr-support.o)
                0x00001b10                __gnu_unwind_execute
                0x00001d9c                __gnu_unwind_frame
                0x00001dc8                _Unwind_GetRegionStart
                0x00001dd4                _Unwind_GetLanguageSpecificData
                0x00001de8                _Unwind_GetDataRelBase
                0x00001df0                _Unwind_GetTextRelBase
 .text          0x00001df8        0x4 c:/software/freescale/kds_3.0.0/toolchain/bin/../lib/gcc/arm-none-eabi/4.8.4/armv7e-m/fpu\libgcc.a(_dvmd_tls.o)
                0x00001df8                __aeabi_idiv0
                0x00001df8                __aeabi_ldiv0
 .text          0x00001dfc      0x298 c:/software/freescale/kds_3.0.0/toolchain/bin/../lib/gcc/arm-none-eabi/4.8.4/armv7e-m/fpu\libgcc.a(_divdi3.o)
                0x00001dfc                __divdi3
 .text          0x00002094      0x284 c:/software/freescale/kds_3.0.0/toolchain/bin/../lib/gcc/arm-none-eabi/4.8.4/armv7e-m/fpu\libgcc.a(_udivdi3.o)
                0x00002094                __udivdi3
 *(.text*)
 .text._ZN6Analog8Analog_tC2Em
                0x00002318       0x28 ./Sources/Analog.o
                0x00002318                Analog::Analog_t::Analog_t(unsigned long)
                0x00002318                Analog::Analog_t::Analog_t(unsigned long)
 .text._ZN6Analog8Analog_t9GetSampleEv
                0x00002340       0x1c ./Sources/Analog.o
                0x00002340                Analog::Analog_t::GetSample()
 .text._ZN6Analog8Analog_t7GetVmaxEv
                0x0000235c       0x74 ./Sources/Analog.o
                0x0000235c                Analog::Analog_t::GetVmax()
 .text._ZN6Analog8Analog_t9PutSampleEs
                0x000023d0       0x34 ./Sources/Analog.o
                0x000023d0                Analog::Analog_t::PutSample(short)
 .text._ZN8criticalC2Ev
                0x00002404       0x4c ./Sources/FIFO.o
                0x00002404                critical::critical()
                0x00002404                critical::critical()
 .text._ZN8criticalD2Ev
                0x00002450       0x44 ./Sources/FIFO.o
                0x00002450                critical::~critical()
                0x00002450                critical::~critical()
 .text._ZN5TFIFO3PutEh
                0x00002494       0x74 ./Sources/FIFO.o
                0x00002494                TFIFO::Put(unsigned char)
 .text._ZN5TFIFO3GetERh
                0x00002508       0x74 ./Sources/FIFO.o
                0x00002508                TFIFO::Get(unsigned char&)
 .text._ZSt4moveIRmEONSt16remove_referenceIT_E4typeEOS2_
                0x0000257c       0x18 ./Sources/FixPoint32.o
                0x0000257c                std::remove_reference<unsigned long&>::type&& std::move<unsigned long&>(unsigned long&)
 .text._ZN8FixPoint13GetVoltageRMSERKm
                0x00002594       0x5c ./Sources/FixPoint32.o
                0x00002594                FixPoint::GetVoltageRMS(unsigned long const&)
 .text._ZN8FixPoint13GetCurrentRMSERKm
                0x000025f0       0x54 ./Sources/FixPoint32.o
                0x000025f0                FixPoint::GetCurrentRMS(unsigned long const&)
 .text._ZN8FixPoint10SquareRootERm
                0x00002644       0xb8 ./Sources/FixPoint32.o
                0x00002644                FixPoint::SquareRoot(unsigned long&)
 .text._ZN8FixPoint3ExpERKmh
                0x000026fc       0x48 ./Sources/FixPoint32.o
                0x000026fc                FixPoint::Exp(unsigned long const&, unsigned char)
 .text._ZL17FlashAllocateBytePPVv
                0x00002744       0x6c ./Sources/Flash.o
 .text._ZL21FlashAllocateHalfWordPPVv
                0x000027b0       0xa0 ./Sources/Flash.o
 .text._ZN5Flash11AllocateVarEPPVvRKh
                0x00002850       0x3c ./Sources/Flash.o
                0x00002850                Flash::AllocateVar(void volatile**, unsigned char const&)
 .text._ZN5Flash7Write32EPVmRKm
                0x0000288c       0x64 ./Sources/Flash.o
                0x0000288c                Flash::Write32(unsigned long volatile*, unsigned long const&)
 .text._ZN5Flash7Write16EPVtRKt
                0x000028f0       0x60 ./Sources/Flash.o
                0x000028f0                Flash::Write16(unsigned short volatile*, unsigned short const&)
 .text._ZN5Flash6Write8EPVhRKh
                0x00002950       0x60 ./Sources/Flash.o
                0x00002950                Flash::Write8(unsigned char volatile*, unsigned char const&)
 .text._ZN6TFCCOB13LaunchCommandEv
                0x000029b0       0xd8 ./Sources/Flash.o
                0x000029b0                TFCCOB::LaunchCommand()
 .text._ZN6TFCCOB11WritePhraseERKmRK13uint64union_t
                0x00002a88       0xa8 ./Sources/Flash.o
                0x00002a88                TFCCOB::WritePhrase(unsigned long const&, uint64union_t const&)
 .text._ZN6TFCCOB11EraseSectorERKm
                0x00002b30       0x40 ./Sources/Flash.o
                0x00002b30                TFCCOB::EraseSector(unsigned long const&)
 .text._ZN5FlashC2Ev
                0x00002b70       0x60 ./Sources/IDMT.o
                0x00002b70                Flash::Flash()
                0x00002b70                Flash::Flash()
 .text._ZN4IDMT6IDMT_tC2Ev
                0x00002bd0       0x64 ./Sources/IDMT.o
                0x00002bd0                IDMT::IDMT_t::IDMT_t()
                0x00002bd0                IDMT::IDMT_t::IDMT_t()
 .text._ZN4IDMT6IDMT_t3SetEh
                0x00002c34       0x40 ./Sources/IDMT.o
                0x00002c34                IDMT::IDMT_t::Set(unsigned char)
 .text._ZN4IDMT6IDMT_t10GetSettingERh
                0x00002c74       0x30 ./Sources/IDMT.o
                0x00002c74                IDMT::IDMT_t::GetSetting(unsigned char&)
 .text._ZSt4moveIRtEONSt16remove_referenceIT_E4typeEOS2_
                0x00002ca4       0x18 ./Sources/IDMT.o
                0x00002ca4                std::remove_reference<unsigned short&>::type&& std::move<unsigned short&>(unsigned short&)
 .text._ZN4IDMT6IDMT_t10GetCurrentERm
                0x00002cbc       0x48 ./Sources/IDMT.o
                0x00002cbc                IDMT::IDMT_t::GetCurrent(unsigned long&)
 .text._ZN4IDMT6IDMT_t7InverseERt
                0x00002d04       0x88 ./Sources/IDMT.o
                0x00002d04                IDMT::IDMT_t::Inverse(unsigned short&)
 .text._ZN4IDMT6IDMT_t11VeryInverseERt
                0x00002d8c       0x64 ./Sources/IDMT.o
                0x00002d8c                IDMT::IDMT_t::VeryInverse(unsigned short&)
 .text._ZN4IDMT6IDMT_t16ExtremelyInverseERt
                0x00002df0       0x88 ./Sources/IDMT.o
                0x00002df0                IDMT::IDMT_t::ExtremelyInverse(unsigned short&)
 .text._ZN4IDMT6IDMT_t11GetTripTimeERt
                0x00002e78       0x84 ./Sources/IDMT.o
                0x00002e78                IDMT::IDMT_t::GetTripTime(unsigned short&)
 .text._ZN4IDMT6IDMT_t9GetNbTripERt
                0x00002efc       0x24 ./Sources/IDMT.o
                0x00002efc                IDMT::IDMT_t::GetNbTrip(unsigned short&)
 .text._Z41__static_initialization_and_destruction_0ii
                0x00002f20       0x2c ./Sources/IDMT.o
 .text._GLOBAL__sub_I__ZN4IDMT6IDMT_t7settingE
                0x00002f4c       0x10 ./Sources/IDMT.o
 .text._ZN3PIT5PIT_t4InitEv
                0x00002f5c       0xa4 ./Sources/PIT.o
                0x00002f5c                PIT::PIT_t::Init()
 .text._ZN3PIT5PIT_t3SetERKmb
                0x00003000      0x150 ./Sources/PIT.o
                0x00003000                PIT::PIT_t::Set(unsigned long const&, bool)
 .text._ZN3PIT5PIT_t6EnableEb
                0x00003150       0x44 ./Sources/PIT.o
                0x00003150                PIT::PIT_t::Enable(bool)
 .text._ZN3PIT5PIT_tC2EmPFvPvES1_
                0x00003194       0x30 ./Sources/PIT.o
                0x00003194                PIT::PIT_t::PIT_t(unsigned long, void (*)(void*), void*)
                0x00003194                PIT::PIT_t::PIT_t(unsigned long, void (*)(void*), void*)
 .text._ZN3PIT3ISREv
                0x000031c4       0x58 ./Sources/PIT.o
                0x000031c4                PIT::ISR()
 .text._ZN8Packet_t9PacketGetEv
                0x0000321c       0xd0 ./Sources/Packet.o
                0x0000321c                Packet_t::PacketGet()
 .text._ZN8Packet_t9PacketPutEhhhh
                0x000032ec      0x100 ./Sources/Packet.o
                0x000032ec                Packet_t::PacketPut(unsigned char, unsigned char, unsigned char, unsigned char)
 .text._ZN8Packet_t12SwitchPacketEv
                0x000033ec       0x34 ./Sources/Packet.o
                0x000033ec                Packet_t::SwitchPacket()
 .text._ZN8Packet_t12MakeChecksumEv
                0x00003420       0x30 ./Sources/Packet.o
                0x00003420                Packet_t::MakeChecksum()
 .text._ZL11GetFractionRKmS0_
                0x00003450       0x88 ./Sources/UART.o
 .text._ZNK6UART_t4InitEv
                0x000034d8       0xf8 ./Sources/UART.o
                0x000034d8                UART_t::Init() const
 .text._ZN6UART_t6InCharERh
                0x000035d0       0x20 ./Sources/UART.o
                0x000035d0                UART_t::InChar(unsigned char&)
 .text._ZN6UART_t7OutCharEh
                0x000035f0       0x24 ./Sources/UART.o
                0x000035f0                UART_t::OutChar(unsigned char)
 .text._Z8UART_ISRv
                0x00003614       0xc8 ./Sources/UART.o
                0x00003614                UART_ISR()
 .text._ZN6UART_tC2Emm
                0x000036dc       0x28 ./Sources/main.o
                0x000036dc                UART_t::UART_t(unsigned long, unsigned long)
                0x000036dc                UART_t::UART_t(unsigned long, unsigned long)
 .text._ZN8Packet_tC2Emm
                0x00003704       0x24 ./Sources/main.o
                0x00003704                Packet_t::Packet_t(unsigned long, unsigned long)
                0x00003704                Packet_t::Packet_t(unsigned long, unsigned long)
 .text._ZN12HandlePacket19HandleCommandPacketER8Packet_t
                0x00003728       0x54 ./Sources/main.o
                0x00003728                HandlePacket::HandleCommandPacket(Packet_t&)
 .text._ZN12HandlePacket19HandleNbTimeTrippedER8Packet_t
                0x0000377c       0x30 ./Sources/main.o
                0x0000377c                HandlePacket::HandleNbTimeTripped(Packet_t&)
 .text._ZN12HandlePacket24HandleIDMTCharacteristicER8Packet_t
                0x000037ac       0x58 ./Sources/main.o
                0x000037ac                HandlePacket::HandleIDMTCharacteristic(Packet_t&)
 .text._ZN12HandlePacket13HandleCurrentER8Packet_t
                0x00003804       0x6c ./Sources/main.o
                0x00003804                HandlePacket::HandleCurrent(Packet_t&)
 .text._ZN8CallBack3PITEPv
                0x00003870       0x40 ./Sources/main.o
                0x00003870                CallBack::PIT(void*)
 .text.main     0x000038b0       0x64 ./Sources/main.o
                0x000038b0                main
 .text._Z41__static_initialization_and_destruction_0ii
                0x00003914       0x3c ./Sources/main.o
 .text._GLOBAL__sub_I_AnalogIO
                0x00003950       0x10 ./Sources/main.o
 .text.__copy_rom_section
                0x00003960       0xe4 ./Project_Settings/Startup_Code/startup.o
                0x00003960                __copy_rom_section
 .text.__copy_rom_sections_to_ram
                0x00003a44       0x9c ./Project_Settings/Startup_Code/startup.o
                0x00003a44                __copy_rom_sections_to_ram
 .text.__init_registers
                0x00003ae0       0x20 ./Project_Settings/Startup_Code/startup.o
                0x00003ae0                __init_registers
 .text.__init_user
                0x00003b00        0xc ./Project_Settings/Startup_Code/startup.o
                0x00003b00                __init_user
 .text.__thumb_startup
                0x00003b0c       0x34 ./Project_Settings/Startup_Code/startup.o
                0x00003b0c                __thumb_startup
 .text.Cpu_Interrupt
                0x00003b40       0x18 ./Generated_Code/Cpu.o
                0x00003b40                Cpu_Interrupt
 .text.__init_hardware
                0x00003b58      0x1cc ./Generated_Code/Cpu.o
                0x00003b58                __init_hardware
 .text.Cpu_SetBASEPRI
                0x00003d24       0x18 ./Generated_Code/Cpu.o
                0x00003d24                Cpu_SetBASEPRI
 .text.PE_low_level_init
                0x00003d3c       0xe4 ./Generated_Code/Cpu.o
                0x00003d3c                PE_low_level_init
 .text.DACWrite
                0x00003e20       0x6c C:\Users\12199434\My Local Data\08\2019_Autumn_Project-master\Library\libAnalog.a(analog.o)
 .text.Analog_Init
                0x00003e8c      0x100 C:\Users\12199434\My Local Data\08\2019_Autumn_Project-master\Library\libAnalog.a(analog.o)
                0x00003e8c                Analog_Init
 .text.Analog_Get
                0x00003f8c       0x78 C:\Users\12199434\My Local Data\08\2019_Autumn_Project-master\Library\libAnalog.a(analog.o)
                0x00003f8c                Analog_Get
 .text.Analog_Put
                0x00004004       0x50 C:\Users\12199434\My Local Data\08\2019_Autumn_Project-master\Library\libAnalog.a(analog.o)
                0x00004004                Analog_Put
 .text.InitChipSelectPins
                0x00004054       0x6c C:\Users\12199434\My Local Data\08\2019_Autumn_Project-master\Library\libAnalog.a(SPI.o)
 .text.SetupModuleConfigurationRegister
                0x000040c0      0x104 C:\Users\12199434\My Local Data\08\2019_Autumn_Project-master\Library\libAnalog.a(SPI.o)
 .text.SetBaudRate
                0x000041c4      0x15c C:\Users\12199434\My Local Data\08\2019_Autumn_Project-master\Library\libAnalog.a(SPI.o)
 .text.SetDelayAfterTransfer
                0x00004320      0x168 C:\Users\12199434\My Local Data\08\2019_Autumn_Project-master\Library\libAnalog.a(SPI.o)
 .text.SetupClockAndTransferAttributesRegister
                0x00004488      0x16c C:\Users\12199434\My Local Data\08\2019_Autumn_Project-master\Library\libAnalog.a(SPI.o)
 .text.SPI_Init
                0x000045f4       0x90 C:\Users\12199434\My Local Data\08\2019_Autumn_Project-master\Library\libAnalog.a(SPI.o)
                0x000045f4                SPI_Init
 .text.SPI_SelectSlaveDevice
                0x00004684       0x6c C:\Users\12199434\My Local Data\08\2019_Autumn_Project-master\Library\libAnalog.a(SPI.o)
                0x00004684                SPI_SelectSlaveDevice
 .text.SPI_Exchange
                0x000046f0       0x94 C:\Users\12199434\My Local Data\08\2019_Autumn_Project-master\Library\libAnalog.a(SPI.o)
                0x000046f0                SPI_Exchange
 .text.fmod     0x00004784       0xcc c:/software/freescale/kds_3.0.0/toolchain/bin/../lib/gcc/arm-none-eabi/4.8.4/../../../../arm-none-eabi/lib/armv7e-m/fpu\libm.a(lib_a-w_fmod.o)
                0x00004784                fmod
 .text.__ieee754_fmod
                0x00004850      0x284 c:/software/freescale/kds_3.0.0/toolchain/bin/../lib/gcc/arm-none-eabi/4.8.4/../../../../arm-none-eabi/lib/armv7e-m/fpu\libm.a(lib_a-e_fmod.o)
                0x00004850                __ieee754_fmod
 .text.__fpclassifyd
                0x00004ad4       0x54 c:/software/freescale/kds_3.0.0/toolchain/bin/../lib/gcc/arm-none-eabi/4.8.4/../../../../arm-none-eabi/lib/armv7e-m/fpu\libm.a(lib_a-s_fpclassify.o)
                0x00004ad4                __fpclassifyd
 .text.matherr  0x00004b28        0x4 c:/software/freescale/kds_3.0.0/toolchain/bin/../lib/gcc/arm-none-eabi/4.8.4/../../../../arm-none-eabi/lib/armv7e-m/fpu\libm.a(lib_a-s_matherr.o)
                0x00004b28                matherr
 .text.abort    0x00004b2c        0xe c:/software/freescale/kds_3.0.0/toolchain/bin/../lib/gcc/arm-none-eabi/4.8.4/../../../../arm-none-eabi/lib/armv7e-m/fpu\libg_s.a(lib_a-abort.o)
                0x00004b2c                abort
 *fill*         0x00004b3a        0x2 
 .text.__errno  0x00004b3c        0xc c:/software/freescale/kds_3.0.0/toolchain/bin/../lib/gcc/arm-none-eabi/4.8.4/../../../../arm-none-eabi/lib/armv7e-m/fpu\libg_s.a(lib_a-errno.o)
                0x00004b3c                __errno
 .text.exit     0x00004b48       0x28 c:/software/freescale/kds_3.0.0/toolchain/bin/../lib/gcc/arm-none-eabi/4.8.4/../../../../arm-none-eabi/lib/armv7e-m/fpu\libg_s.a(lib_a-exit.o)
                0x00004b48                exit
 .text.__libc_init_array
                0x00004b70       0x4c c:/software/freescale/kds_3.0.0/toolchain/bin/../lib/gcc/arm-none-eabi/4.8.4/../../../../arm-none-eabi/lib/armv7e-m/fpu\libg_s.a(lib_a-init.o)
                0x00004b70                __libc_init_array
 .text.memcpy   0x00004bbc       0x12 c:/software/freescale/kds_3.0.0/toolchain/bin/../lib/gcc/arm-none-eabi/4.8.4/../../../../arm-none-eabi/lib/armv7e-m/fpu\libg_s.a(lib_a-memcpy-stub.o)
                0x00004bbc                memcpy
 .text.memset   0x00004bce       0x10 c:/software/freescale/kds_3.0.0/toolchain/bin/../lib/gcc/arm-none-eabi/4.8.4/../../../../arm-none-eabi/lib/armv7e-m/fpu\libg_s.a(lib_a-memset.o)
                0x00004bce                memset
 .text._raise_r
                0x00004bde       0x50 c:/software/freescale/kds_3.0.0/toolchain/bin/../lib/gcc/arm-none-eabi/4.8.4/../../../../arm-none-eabi/lib/armv7e-m/fpu\libg_s.a(lib_a-signal.o)
                0x00004bde                _raise_r
 *fill*         0x00004c2e        0x2 
 .text.raise    0x00004c30       0x10 c:/software/freescale/kds_3.0.0/toolchain/bin/../lib/gcc/arm-none-eabi/4.8.4/../../../../arm-none-eabi/lib/armv7e-m/fpu\libg_s.a(lib_a-signal.o)
                0x00004c30                raise
 .text._kill_r  0x00004c40       0x24 c:/software/freescale/kds_3.0.0/toolchain/bin/../lib/gcc/arm-none-eabi/4.8.4/../../../../arm-none-eabi/lib/armv7e-m/fpu\libg_s.a(lib_a-signalr.o)
                0x00004c40                _kill_r
 .text._getpid_r
                0x00004c64        0x4 c:/software/freescale/kds_3.0.0/toolchain/bin/../lib/gcc/arm-none-eabi/4.8.4/../../../../arm-none-eabi/lib/armv7e-m/fpu\libg_s.a(lib_a-signalr.o)
                0x00004c64                _getpid_r
 .text._getpid  0x00004c68       0x10 c:/software/freescale/kds_3.0.0/toolchain/bin/../lib/gcc/arm-none-eabi/4.8.4/../../../../arm-none-eabi/lib/armv7e-m/fpu\libnosys.a(getpid.o)
                0x00004c68                _getpid
 .text._kill    0x00004c78       0x10 c:/software/freescale/kds_3.0.0/toolchain/bin/../lib/gcc/arm-none-eabi/4.8.4/../../../../arm-none-eabi/lib/armv7e-m/fpu\libnosys.a(kill.o)
                0x00004c78                _kill
 .text._exit    0x00004c88        0x4 c:/software/freescale/kds_3.0.0/toolchain/bin/../lib/gcc/arm-none-eabi/4.8.4/../../../../arm-none-eabi/lib/armv7e-m/fpu\libnosys.a(_exit.o)
                0x00004c88                _exit
 *(.rodata)
 .rodata        0x00004c8c        0xc ./Sources/IDMT.o
 .rodata        0x00004c98        0x4 C:\Users\12199434\My Local Data\08\2019_Autumn_Project-master\Library\libAnalog.a(analog.o)
 .rodata        0x00004c9c       0xa0 C:\Users\12199434\My Local Data\08\2019_Autumn_Project-master\Library\libAnalog.a(SPI.o)
 *(.rodata*)
 .rodata.SPI_SETUP
                0x00004d3c       0x1c C:\Users\12199434\My Local Data\08\2019_Autumn_Project-master\Library\libAnalog.a(analog.o)
 .rodata.str1.4
                0x00004d58        0x8 c:/software/freescale/kds_3.0.0/toolchain/bin/../lib/gcc/arm-none-eabi/4.8.4/../../../../arm-none-eabi/lib/armv7e-m/fpu\libm.a(lib_a-w_fmod.o)
 .rodata.Zero   0x00004d60       0x10 c:/software/freescale/kds_3.0.0/toolchain/bin/../lib/gcc/arm-none-eabi/4.8.4/../../../../arm-none-eabi/lib/armv7e-m/fpu\libm.a(lib_a-e_fmod.o)
 .rodata.str1.1
                0x00004d70        0x2 c:/software/freescale/kds_3.0.0/toolchain/bin/../lib/gcc/arm-none-eabi/4.8.4/../../../../arm-none-eabi/lib/armv7e-m/fpu\libg_s.a(lib_a-impure.o)
 *fill*         0x00004d72        0x2 
 .rodata._global_impure_ptr
                0x00004d74        0x4 c:/software/freescale/kds_3.0.0/toolchain/bin/../lib/gcc/arm-none-eabi/4.8.4/../../../../arm-none-eabi/lib/armv7e-m/fpu\libg_s.a(lib_a-impure.o)
                0x00004d74                _global_impure_ptr
 *(.glue_7)
 .glue_7        0x00000000        0x0 linker stubs
 *(.glue_7t)
 .glue_7t       0x00000000        0x0 linker stubs
 *(.eh_frame)
 .eh_frame      0x00004d78        0x0 c:/software/freescale/kds_3.0.0/toolchain/bin/../lib/gcc/arm-none-eabi/4.8.4/armv7e-m/fpu/crtbegin.o
 *(.init)
 .init          0x00004d78        0x4 c:/software/freescale/kds_3.0.0/toolchain/bin/../lib/gcc/arm-none-eabi/4.8.4/armv7e-m/fpu/crti.o
                0x00004d78                _init
 .init          0x00004d7c        0x8 c:/software/freescale/kds_3.0.0/toolchain/bin/../lib/gcc/arm-none-eabi/4.8.4/armv7e-m/fpu/crtn.o
 *(.fini)
 .fini          0x00004d84        0x4 c:/software/freescale/kds_3.0.0/toolchain/bin/../lib/gcc/arm-none-eabi/4.8.4/armv7e-m/fpu/crti.o
                0x00004d84                _fini
 .fini          0x00004d88        0x8 c:/software/freescale/kds_3.0.0/toolchain/bin/../lib/gcc/arm-none-eabi/4.8.4/armv7e-m/fpu/crtn.o
                0x00004d90                . = ALIGN (0x4)
                0x00004d90                _etext = .

.vfp11_veneer   0x00004d90        0x0
 .vfp11_veneer  0x00000000        0x0 linker stubs

.v4_bx          0x00004d90        0x0
 .v4_bx         0x00000000        0x0 linker stubs

.iplt           0x00004d90        0x0
 .iplt          0x00000000        0x0 c:/software/freescale/kds_3.0.0/toolchain/bin/../lib/gcc/arm-none-eabi/4.8.4/armv7e-m/fpu/crtbegin.o

.ARM.extab      0x00004d90      0x160
 *(.ARM.extab* .gnu.linkonce.armextab.*)
 .ARM.extab.text._ZN6Analog8Analog_tC2Em
                0x00004d90        0xc ./Sources/Analog.o
 .ARM.extab.text._ZN6Analog8Analog_t9GetSampleEv
                0x00004d9c        0xc ./Sources/Analog.o
 .ARM.extab.text._ZN6Analog8Analog_t7GetVmaxEv
                0x00004da8        0xc ./Sources/Analog.o
 .ARM.extab.text._ZN6Analog8Analog_t9PutSampleEs
                0x00004db4        0xc ./Sources/Analog.o
 .ARM.extab.text._ZN8criticalC2Ev
                0x00004dc0        0x0 ./Sources/FIFO.o
 .ARM.extab.text._ZN8criticalD2Ev
                0x00004dc0        0x0 ./Sources/FIFO.o
 .ARM.extab.text._ZSt4moveIRmEONSt16remove_referenceIT_E4typeEOS2_
                0x00004dc0        0x0 ./Sources/FixPoint32.o
 .ARM.extab.text._ZN5Flash7Write32EPVmRKm
                0x00004dc0        0xc ./Sources/Flash.o
 .ARM.extab.text._ZN5Flash7Write16EPVtRKt
                0x00004dcc        0xc ./Sources/Flash.o
 .ARM.extab.text._ZN5Flash6Write8EPVhRKh
                0x00004dd8        0xc ./Sources/Flash.o
 .ARM.extab.text._ZN5FlashC2Ev
                0x00004de4        0x0 ./Sources/IDMT.o
 .ARM.extab.text._ZN4IDMT6IDMT_tC2Ev
                0x00004de4        0xc ./Sources/IDMT.o
 .ARM.extab.text._ZN4IDMT6IDMT_t3SetEh
                0x00004df0        0xc ./Sources/IDMT.o
 .ARM.extab.text._ZSt4moveIRtEONSt16remove_referenceIT_E4typeEOS2_
                0x00004dfc        0x0 ./Sources/IDMT.o
 .ARM.extab.text._ZN4IDMT6IDMT_t10GetCurrentERm
                0x00004dfc        0xc ./Sources/IDMT.o
 .ARM.extab.text._ZN4IDMT6IDMT_t7InverseERt
                0x00004e08        0xc ./Sources/IDMT.o
 .ARM.extab.text._ZN4IDMT6IDMT_t11GetTripTimeERt
                0x00004e14        0xc ./Sources/IDMT.o
 .ARM.extab.text._ZN3PIT3ISREv
                0x00004e20        0xc ./Sources/PIT.o
 .ARM.extab.text._ZN8Packet_t9PacketGetEv
                0x00004e2c        0xc ./Sources/Packet.o
 .ARM.extab.text._ZN8Packet_t9PacketPutEhhhh
                0x00004e38        0xc ./Sources/Packet.o
 .ARM.extab.text._ZN6UART_t6InCharERh
                0x00004e44        0xc ./Sources/UART.o
 .ARM.extab.text._ZN6UART_t7OutCharEh
                0x00004e50        0xc ./Sources/UART.o
 .ARM.extab.text._Z8UART_ISRv
                0x00004e5c       0x10 ./Sources/UART.o
 .ARM.extab.text._ZN6UART_tC2Emm
                0x00004e6c        0xc ./Sources/main.o
 .ARM.extab.text._ZN8Packet_tC2Emm
                0x00004e78        0xc ./Sources/main.o
 .ARM.extab.text._ZN12HandlePacket19HandleCommandPacketER8Packet_t
                0x00004e84        0xc ./Sources/main.o
 .ARM.extab.text._ZN12HandlePacket19HandleNbTimeTrippedER8Packet_t
                0x00004e90        0xc ./Sources/main.o
 .ARM.extab.text._ZN12HandlePacket24HandleIDMTCharacteristicER8Packet_t
                0x00004e9c        0xc ./Sources/main.o
 .ARM.extab.text._ZN12HandlePacket13HandleCurrentER8Packet_t
                0x00004ea8        0xc ./Sources/main.o
 .ARM.extab.text._ZN8CallBack3PITEPv
                0x00004eb4        0xc ./Sources/main.o
 .ARM.extab.text.main
                0x00004ec0        0xc ./Sources/main.o
 .ARM.extab     0x00004ecc        0xc c:/software/freescale/kds_3.0.0/toolchain/bin/../lib/gcc/arm-none-eabi/4.8.4/armv7e-m/fpu\libgcc.a(unwind-arm.o)
 .ARM.extab     0x00004ed8       0x18 c:/software/freescale/kds_3.0.0/toolchain/bin/../lib/gcc/arm-none-eabi/4.8.4/armv7e-m/fpu\libgcc.a(pr-support.o)

.ARM            0x00004ef0      0x1d0
                0x00004ef0                __exidx_start = .
 *(.ARM.exidx*)
 .ARM.exidx     0x00004ef0        0x8 c:/software/freescale/kds_3.0.0/toolchain/bin/../lib/gcc/arm-none-eabi/4.8.4/../../../../arm-none-eabi/lib/armv7e-m/fpu/crt0.o
 .ARM.exidx.text._ZN6Analog8Analog_tC2Em
                0x00004fb8        0x8 ./Sources/Analog.o
 .ARM.exidx.text._ZN6Analog8Analog_t9GetSampleEv
                0x00004fc0        0x8 ./Sources/Analog.o
 .ARM.exidx.text._ZN6Analog8Analog_t7GetVmaxEv
                0x00004fc8        0x8 ./Sources/Analog.o
 .ARM.exidx.text._ZN6Analog8Analog_t9PutSampleEs
                0x00004fd0        0x8 ./Sources/Analog.o
 .ARM.exidx.text._ZN8criticalC2Ev
                0x00004fd8        0x8 ./Sources/FIFO.o
 .ARM.exidx.text._ZN8criticalD2Ev
                0x00004fe0        0x0 ./Sources/FIFO.o
                                  0x8 (size before relaxing)
 .ARM.exidx.text._ZN5TFIFO3PutEh
                0x00004fe0        0x0 ./Sources/FIFO.o
                                  0x8 (size before relaxing)
 .ARM.exidx.text._ZN5TFIFO3GetERh
                0x00004fe0        0x0 ./Sources/FIFO.o
                                  0x8 (size before relaxing)
 .ARM.exidx.text._ZSt4moveIRmEONSt16remove_referenceIT_E4typeEOS2_
                0x00004fe0        0x0 ./Sources/FixPoint32.o
                                  0x8 (size before relaxing)
 .ARM.exidx.text._ZN8FixPoint13GetVoltageRMSERKm
                0x00004fe0        0x0 ./Sources/FixPoint32.o
                                  0x8 (size before relaxing)
 .ARM.exidx.text._ZN8FixPoint13GetCurrentRMSERKm
                0x00004fe0        0x0 ./Sources/FixPoint32.o
                                  0x8 (size before relaxing)
 .ARM.exidx.text._ZN8FixPoint10SquareRootERm
                0x00004fe0        0x0 ./Sources/FixPoint32.o
                                  0x8 (size before relaxing)
 .ARM.exidx.text._ZN8FixPoint3ExpERKmh
                0x00004fe0        0x0 ./Sources/FixPoint32.o
                                  0x8 (size before relaxing)
 .ARM.exidx.text._ZL17FlashAllocateBytePPVv
                0x00004fe0        0x0 ./Sources/Flash.o
                                  0x8 (size before relaxing)
 .ARM.exidx.text._ZL21FlashAllocateHalfWordPPVv
                0x00004fe0        0x0 ./Sources/Flash.o
                                  0x8 (size before relaxing)
 .ARM.exidx.text._ZN5Flash11AllocateVarEPPVvRKh
                0x00004fe0        0x0 ./Sources/Flash.o
                                  0x8 (size before relaxing)
 .ARM.exidx.text._ZN5Flash7Write32EPVmRKm
                0x00004fe0        0x8 ./Sources/Flash.o
 .ARM.exidx.text._ZN5Flash7Write16EPVtRKt
                0x00004fe8        0x8 ./Sources/Flash.o
 .ARM.exidx.text._ZN5Flash6Write8EPVhRKh
                0x00004ff0        0x8 ./Sources/Flash.o
 .ARM.exidx.text._ZN6TFCCOB13LaunchCommandEv
                0x00004ff8        0x8 ./Sources/Flash.o
 .ARM.exidx.text._ZN6TFCCOB11WritePhraseERKmRK13uint64union_t
                0x00005000        0x0 ./Sources/Flash.o
                                  0x8 (size before relaxing)
 .ARM.exidx.text._ZN6TFCCOB11EraseSectorERKm
                0x00005000        0x0 ./Sources/Flash.o
                                  0x8 (size before relaxing)
 .ARM.exidx.text._ZN5FlashC2Ev
                0x00005000        0x0 ./Sources/IDMT.o
                                  0x8 (size before relaxing)
 .ARM.exidx.text._ZN4IDMT6IDMT_tC2Ev
                0x00005000        0x8 ./Sources/IDMT.o
 .ARM.exidx.text._ZN4IDMT6IDMT_t3SetEh
                0x00005008        0x8 ./Sources/IDMT.o
 .ARM.exidx.text._ZN4IDMT6IDMT_t10GetSettingERh
                0x00005010        0x8 ./Sources/IDMT.o
 .ARM.exidx.text._ZSt4moveIRtEONSt16remove_referenceIT_E4typeEOS2_
                0x00005018        0x0 ./Sources/IDMT.o
                                  0x8 (size before relaxing)
 .ARM.exidx.text._ZN4IDMT6IDMT_t10GetCurrentERm
                0x00005018        0x8 ./Sources/IDMT.o
 .ARM.exidx.text._ZN4IDMT6IDMT_t7InverseERt
                0x00005020        0x8 ./Sources/IDMT.o
 .ARM.exidx.text._ZN4IDMT6IDMT_t11VeryInverseERt
                0x00005028        0x8 ./Sources/IDMT.o
 .ARM.exidx.text._ZN4IDMT6IDMT_t16ExtremelyInverseERt
                0x00005030        0x0 ./Sources/IDMT.o
                                  0x8 (size before relaxing)
 .ARM.exidx.text._ZN4IDMT6IDMT_t11GetTripTimeERt
                0x00005030        0x8 ./Sources/IDMT.o
 .ARM.exidx.text._ZN4IDMT6IDMT_t9GetNbTripERt
                0x00005038        0x8 ./Sources/IDMT.o
 .ARM.exidx.text._Z41__static_initialization_and_destruction_0ii
                0x00005040        0x0 ./Sources/IDMT.o
                                  0x8 (size before relaxing)
 .ARM.exidx.text._GLOBAL__sub_I__ZN4IDMT6IDMT_t7settingE
                0x00005040        0x0 ./Sources/IDMT.o
                                  0x8 (size before relaxing)
 .ARM.exidx.text._ZN3PIT5PIT_t4InitEv
                0x00005040        0x0 ./Sources/PIT.o
                                  0x8 (size before relaxing)
 .ARM.exidx.text._ZN3PIT5PIT_t3SetERKmb
                0x00005040        0x0 ./Sources/PIT.o
                                  0x8 (size before relaxing)
 .ARM.exidx.text._ZN3PIT5PIT_t6EnableEb
                0x00005040        0x0 ./Sources/PIT.o
                                  0x8 (size before relaxing)
 .ARM.exidx.text._ZN3PIT5PIT_tC2EmPFvPvES1_
                0x00005040        0x0 ./Sources/PIT.o
                                  0x8 (size before relaxing)
 .ARM.exidx.text._ZN3PIT3ISREv
                0x00005040        0x8 ./Sources/PIT.o
 .ARM.exidx.text._ZN8Packet_t9PacketGetEv
                0x00005048        0x8 ./Sources/Packet.o
 .ARM.exidx.text._ZN8Packet_t9PacketPutEhhhh
                0x00005050        0x8 ./Sources/Packet.o
 .ARM.exidx.text._ZN8Packet_t12SwitchPacketEv
                0x00005058        0x8 ./Sources/Packet.o
 .ARM.exidx.text._ZN8Packet_t12MakeChecksumEv
                0x00005060        0x0 ./Sources/Packet.o
                                  0x8 (size before relaxing)
 .ARM.exidx.text._ZL11GetFractionRKmS0_
                0x00005060        0x0 ./Sources/UART.o
                                  0x8 (size before relaxing)
 .ARM.exidx.text._ZNK6UART_t4InitEv
                0x00005060        0x0 ./Sources/UART.o
                                  0x8 (size before relaxing)
 .ARM.exidx.text._ZN6UART_t6InCharERh
                0x00005060        0x8 ./Sources/UART.o
 .ARM.exidx.text._ZN6UART_t7OutCharEh
                0x00005068        0x8 ./Sources/UART.o
 .ARM.exidx.text._Z8UART_ISRv
                0x00005070        0x8 ./Sources/UART.o
 .ARM.exidx.text._ZN6UART_tC2Emm
                0x00005078        0x8 ./Sources/main.o
 .ARM.exidx.text._ZN8Packet_tC2Emm
                0x00005080        0x8 ./Sources/main.o
 .ARM.exidx.text._ZN12HandlePacket19HandleCommandPacketER8Packet_t
                0x00005088        0x8 ./Sources/main.o
 .ARM.exidx.text._ZN12HandlePacket19HandleNbTimeTrippedER8Packet_t
                0x00005090        0x8 ./Sources/main.o
 .ARM.exidx.text._ZN12HandlePacket24HandleIDMTCharacteristicER8Packet_t
                0x00005098        0x8 ./Sources/main.o
 .ARM.exidx.text._ZN12HandlePacket13HandleCurrentER8Packet_t
                0x000050a0        0x8 ./Sources/main.o
 .ARM.exidx.text._ZN8CallBack3PITEPv
                0x000050a8        0x8 ./Sources/main.o
 .ARM.exidx.text.main
                0x000050b0        0x8 ./Sources/main.o
 .ARM.exidx.text._Z41__static_initialization_and_destruction_0ii
                0x000050b8        0x8 ./Sources/main.o
 .ARM.exidx.text._GLOBAL__sub_I_AnalogIO
                0x000050c0        0x0 ./Sources/main.o
                                  0x8 (size before relaxing)
 .ARM.exidx     0x00004ef8       0x88 c:/software/freescale/kds_3.0.0/toolchain/bin/../lib/gcc/arm-none-eabi/4.8.4/armv7e-m/fpu\libgcc.a(unwind-arm.o)
                                 0xd8 (size before relaxing)
 .ARM.exidx     0x00004f80       0x38 c:/software/freescale/kds_3.0.0/toolchain/bin/../lib/gcc/arm-none-eabi/4.8.4/armv7e-m/fpu\libgcc.a(pr-support.o)
                                 0x48 (size before relaxing)
 .ARM.exidx     0x00004fb8        0x0 c:/software/freescale/kds_3.0.0/toolchain/bin/../lib/gcc/arm-none-eabi/4.8.4/armv7e-m/fpu\libgcc.a(_divdi3.o)
                                  0x8 (size before relaxing)
 .ARM.exidx     0x00004fb8        0x0 c:/software/freescale/kds_3.0.0/toolchain/bin/../lib/gcc/arm-none-eabi/4.8.4/armv7e-m/fpu\libgcc.a(_udivdi3.o)
                                  0x8 (size before relaxing)
                0x000050c0                __exidx_end = .

.rel.dyn        0x000050c0        0x0
 .rel.iplt      0x00000000        0x0 c:/software/freescale/kds_3.0.0/toolchain/bin/../lib/gcc/arm-none-eabi/4.8.4/armv7e-m/fpu/crtbegin.o

.ctors          0x000050c0        0x0
                0x000050c0                __CTOR_LIST__ = .
 *crtbegin.o(.ctors)
 *(EXCLUDE_FILE(*crtend.o) .ctors)
 *(SORT(.ctors.*))
 *(.ctors)
                0x000050c0                __CTOR_END__ = .

.dtors          0x000050c0        0x0
                0x000050c0                __DTOR_LIST__ = .
 *crtbegin.o(.dtors)
 *(EXCLUDE_FILE(*crtend.o) .dtors)
 *(SORT(.dtors.*))
 *(.dtors)
                0x000050c0                __DTOR_END__ = .

.preinit_array  0x000050c0        0x0
                0x000050c0                PROVIDE (__preinit_array_start, .)
 *(.preinit_array*)
                0x000050c0                PROVIDE (__preinit_array_end, .)

.init_array     0x000050c0        0xc
                0x000050c0                PROVIDE (__init_array_start, .)
 *(SORT(.init_array.*))
 *(.init_array*)
 .init_array    0x000050c0        0x4 c:/software/freescale/kds_3.0.0/toolchain/bin/../lib/gcc/arm-none-eabi/4.8.4/armv7e-m/fpu/crtbegin.o
 .init_array    0x000050c4        0x4 ./Sources/IDMT.o
 .init_array    0x000050c8        0x4 ./Sources/main.o
                0x000050cc                PROVIDE (__init_array_end, .)

.fini_array     0x000050cc        0x4
                0x000050cc                PROVIDE (__fini_array_start, .)
 *(SORT(.fini_array.*))
 *(.fini_array*)
 .fini_array    0x000050cc        0x4 c:/software/freescale/kds_3.0.0/toolchain/bin/../lib/gcc/arm-none-eabi/4.8.4/armv7e-m/fpu/crtbegin.o
                0x000050d0                PROVIDE (__fini_array_end, .)
                0x000050d0                ___ROM_AT = .

.data           0x1fff0000       0x80 load address 0x000050d0
                0x1fff0000                . = ALIGN (0x4)
                0x1fff0000                _sdata = .
 *(.data)
 *(.data*)
 .data._ZN4IDMTL5curveE
                0x1fff0000       0x14 ./Sources/IDMT.o
 .data._ZZN8Packet_t9PacketGetEvE13nbBytesPacket
                0x1fff0014        0x4 ./Sources/Packet.o
 .data.__fdlib_version
                0x1fff0018        0x1 c:/software/freescale/kds_3.0.0/toolchain/bin/../lib/gcc/arm-none-eabi/4.8.4/../../../../arm-none-eabi/lib/armv7e-m/fpu\libm.a(lib_a-s_lib_ver.o)
                0x1fff0018                __fdlib_version
 *fill*         0x1fff0019        0x3 
 .data.impure_data
                0x1fff001c       0x60 c:/software/freescale/kds_3.0.0/toolchain/bin/../lib/gcc/arm-none-eabi/4.8.4/../../../../arm-none-eabi/lib/armv7e-m/fpu\libg_s.a(lib_a-impure.o)
 .data._impure_ptr
                0x1fff007c        0x4 c:/software/freescale/kds_3.0.0/toolchain/bin/../lib/gcc/arm-none-eabi/4.8.4/../../../../arm-none-eabi/lib/armv7e-m/fpu\libg_s.a(lib_a-impure.o)
                0x1fff007c                _impure_ptr
                0x1fff0080                . = ALIGN (0x4)
                0x1fff0080                _edata = .
                0x00000080                ___data_size = (_edata - _sdata)
                0x00005150                ___m_data_20000000_ROMStart = (___ROM_AT + SIZEOF (.data))

.jcr            0x1fff0080        0x0 load address 0x00005150
 .jcr           0x1fff0080        0x0 c:/software/freescale/kds_3.0.0/toolchain/bin/../lib/gcc/arm-none-eabi/4.8.4/armv7e-m/fpu/crtbegin.o

.igot.plt       0x1fff0080        0x0 load address 0x00005150
 .igot.plt      0x00000000        0x0 c:/software/freescale/kds_3.0.0/toolchain/bin/../lib/gcc/arm-none-eabi/4.8.4/armv7e-m/fpu/crtbegin.o

.m_data_20000000
                0x20000000        0x0 load address 0x00005150
                0x20000000                . = ALIGN (0x4)
                0x20000000                ___m_data_20000000_RAMStart = .
 *(.m_data_20000000)
                0x20000000                ___m_data_20000000_RAMEnd = .
                0x20000000                . = ALIGN (0x4)
                0x00000000                ___m_data_20000000_ROMSize = (___m_data_20000000_RAMEnd - ___m_data_20000000_RAMStart)
                0x20000000                . = ALIGN (0x4)

.bss            0x1fff0080      0x324 load address 0x00005150
                0x1fff0080                __START_BSS = .
                0x1fff0080                PROVIDE (__bss_start__, __START_BSS)
 *(.bss)
 .bss           0x1fff0080       0x1c c:/software/freescale/kds_3.0.0/toolchain/bin/../lib/gcc/arm-none-eabi/4.8.4/armv7e-m/fpu/crtbegin.o
 *(.bss*)
 .bss._ZN6Analog8Analog_t5maxVpE
                0x1fff009c        0x4 ./Sources/Analog.o
                0x1fff009c                Analog::Analog_t::maxVp
 .bss._ZL12FlashSector0
                0x1fff00a0        0x8 ./Sources/Flash.o
 .bss._ZN4IDMTL5FlashE
                0x1fff00a8        0xc ./Sources/IDMT.o
 .bss._ZN4IDMTL7successE
                0x1fff00b4        0x1 ./Sources/IDMT.o
 *fill*         0x1fff00b5        0x3 
 .bss._ZN4IDMT6IDMT_t7settingE
                0x1fff00b8        0x4 ./Sources/IDMT.o
                0x1fff00b8                IDMT::IDMT_t::setting
 .bss._ZN4IDMT6IDMT_t6nBTripE
                0x1fff00bc        0x4 ./Sources/IDMT.o
                0x1fff00bc                IDMT::IDMT_t::nBTrip
 .bss._ZN4IDMT6IDMT_t5countE
                0x1fff00c0        0x2 ./Sources/IDMT.o
                0x1fff00c0                IDMT::IDMT_t::count
 *fill*         0x1fff00c2        0x2 
 .bss._ZN3PITL8UserFuncE
                0x1fff00c4        0x4 ./Sources/PIT.o
 .bss._ZN3PITL8UserArguE
                0x1fff00c8        0x4 ./Sources/PIT.o
 .bss._ZL6TxFIFO
                0x1fff00cc      0x104 ./Sources/UART.o
 .bss._ZL6RxFIFO
                0x1fff01d0      0x104 ./Sources/UART.o
 .bss.AnalogIO  0x1fff02d4        0xc ./Sources/main.o
                0x1fff02d4                AnalogIO
 .bss.Idmt      0x1fff02e0        0x8 ./Sources/main.o
                0x1fff02e0                Idmt
 .bss._ZL7counter
                0x1fff02e8        0x4 ./Sources/main.o
 .bss.time      0x1fff02ec        0x4 ./Sources/main.o
                0x1fff02ec                time
 .bss.SR_lock   0x1fff02f0        0x1 ./Generated_Code/Cpu.o
                0x1fff02f0                SR_lock
 *fill*         0x1fff02f1        0x3 
 .bss.ADCCommandUnion
                0x1fff02f4        0x4 C:\Users\12199434\My Local Data\08\2019_Autumn_Project-master\Library\libAnalog.a(analog.o)
 *(COMMON)
 COMMON         0x1fff02f8        0x1 ./Generated_Code/Cpu.o
                0x1fff02f8                SR_reg
 *fill*         0x1fff02f9        0x3 
 COMMON         0x1fff02fc       0xa4 C:\Users\12199434\My Local Data\08\2019_Autumn_Project-master\Library\libAnalog.a(analog.o)
                0x1fff02fc                Analog_Inputs
                0x1fff039c                DACInput
 COMMON         0x1fff03a0        0x4 c:/software/freescale/kds_3.0.0/toolchain/bin/../lib/gcc/arm-none-eabi/4.8.4/../../../../arm-none-eabi/lib/armv7e-m/fpu\libg_s.a(lib_a-reent.o)
                0x1fff03a0                errno
                0x1fff03a4                . = ALIGN (0x4)
                0x1fff03a4                __END_BSS = .
                0x1fff03a4                PROVIDE (__bss_end__, __END_BSS)
                0x00005150                _romp_at = ((___ROM_AT + SIZEOF (.data)) + SIZEOF (.m_data_20000000))

.romp           0x1fff03a4       0x24 load address 0x00005150
                0x00005150                __S_romp = _romp_at
                0x1fff03a4        0x4 LONG 0x50d0 ___ROM_AT
                0x1fff03a8        0x4 LONG 0x1fff0000 _sdata
                0x1fff03ac        0x4 LONG 0x80 ___data_size
                0x1fff03b0        0x4 LONG 0x5150 ___m_data_20000000_ROMStart
                0x1fff03b4        0x4 LONG 0x20000000 ___m_data_20000000_RAMStart
                0x1fff03b8        0x4 LONG 0x0 ___m_data_20000000_ROMSize
                0x1fff03bc        0x4 LONG 0x0
                0x1fff03c0        0x4 LONG 0x0
                0x1fff03c4        0x4 LONG 0x0

._user_heap_stack
                0x1fff03c8      0x400 load address 0x00005174
                0x1fff03c8                . = ALIGN (0x4)
                0x1fff03c8                PROVIDE (end, .)
                0x1fff03c8                PROVIDE (_end, .)
                0x1fff03c8                __heap_addr = .
                0x1fff03c8                __HeapBase = .
                0x1fff03c8                . = (. + __heap_size)
                0x1fff03c8                __HeapLimit = .
                0x1fff07c8                . = (. + __stack_size)
 *fill*         0x1fff03c8      0x400 
                0x1fff07c8                . = ALIGN (0x4)

.ARM.attributes
                0x00000000       0x30
 *(.ARM.attributes)
 .ARM.attributes
                0x00000000       0x22 c:/software/freescale/kds_3.0.0/toolchain/bin/../lib/gcc/arm-none-eabi/4.8.4/armv7e-m/fpu/crti.o
 .ARM.attributes
                0x00000022       0x34 c:/software/freescale/kds_3.0.0/toolchain/bin/../lib/gcc/arm-none-eabi/4.8.4/armv7e-m/fpu/crtbegin.o
 .ARM.attributes
                0x00000056       0x20 c:/software/freescale/kds_3.0.0/toolchain/bin/../lib/gcc/arm-none-eabi/4.8.4/../../../../arm-none-eabi/lib/armv7e-m/fpu/crt0.o
 .ARM.attributes
                0x00000076       0x39 ./Sources/Analog.o
 .ARM.attributes
                0x000000af       0x39 ./Sources/FIFO.o
 .ARM.attributes
                0x000000e8       0x39 ./Sources/FixPoint32.o
 .ARM.attributes
                0x00000121       0x39 ./Sources/Flash.o
 .ARM.attributes
                0x0000015a       0x39 ./Sources/IDMT.o
 .ARM.attributes
                0x00000193       0x39 ./Sources/PIT.o
 .ARM.attributes
                0x000001cc       0x39 ./Sources/Packet.o
 .ARM.attributes
                0x00000205       0x39 ./Sources/UART.o
 .ARM.attributes
                0x0000023e       0x39 ./Sources/main.o
 .ARM.attributes
                0x00000277       0x39 ./Project_Settings/Startup_Code/startup.o
 .ARM.attributes
                0x000002b0       0x39 ./Generated_Code/Cpu.o
 .ARM.attributes
                0x000002e9       0x39 ./Generated_Code/Vectors.o
 .ARM.attributes
                0x00000322       0x39 C:\Users\12199434\My Local Data\08\2019_Autumn_Project-master\Library\libAnalog.a(analog.o)
 .ARM.attributes
                0x0000035b       0x39 C:\Users\12199434\My Local Data\08\2019_Autumn_Project-master\Library\libAnalog.a(SPI.o)
 .ARM.attributes
                0x00000394       0x34 c:/software/freescale/kds_3.0.0/toolchain/bin/../lib/gcc/arm-none-eabi/4.8.4/../../../../arm-none-eabi/lib/armv7e-m/fpu\libm.a(lib_a-w_fmod.o)
 .ARM.attributes
                0x000003c8       0x34 c:/software/freescale/kds_3.0.0/toolchain/bin/../lib/gcc/arm-none-eabi/4.8.4/../../../../arm-none-eabi/lib/armv7e-m/fpu\libm.a(lib_a-e_fmod.o)
 .ARM.attributes
                0x000003fc       0x34 c:/software/freescale/kds_3.0.0/toolchain/bin/../lib/gcc/arm-none-eabi/4.8.4/../../../../arm-none-eabi/lib/armv7e-m/fpu\libm.a(lib_a-s_fpclassify.o)
 .ARM.attributes
                0x00000430       0x34 c:/software/freescale/kds_3.0.0/toolchain/bin/../lib/gcc/arm-none-eabi/4.8.4/../../../../arm-none-eabi/lib/armv7e-m/fpu\libm.a(lib_a-s_lib_ver.o)
 .ARM.attributes
                0x00000464       0x34 c:/software/freescale/kds_3.0.0/toolchain/bin/../lib/gcc/arm-none-eabi/4.8.4/../../../../arm-none-eabi/lib/armv7e-m/fpu\libm.a(lib_a-s_matherr.o)
 .ARM.attributes
                0x00000498       0x22 c:/software/freescale/kds_3.0.0/toolchain/bin/../lib/gcc/arm-none-eabi/4.8.4/armv7e-m/fpu\libgcc.a(_arm_addsubdf3.o)
 .ARM.attributes
                0x000004ba       0x22 c:/software/freescale/kds_3.0.0/toolchain/bin/../lib/gcc/arm-none-eabi/4.8.4/armv7e-m/fpu\libgcc.a(_arm_muldivdf3.o)
 .ARM.attributes
                0x000004dc       0x22 c:/software/freescale/kds_3.0.0/toolchain/bin/../lib/gcc/arm-none-eabi/4.8.4/armv7e-m/fpu\libgcc.a(_arm_cmpdf2.o)
 .ARM.attributes
                0x000004fe       0x22 c:/software/freescale/kds_3.0.0/toolchain/bin/../lib/gcc/arm-none-eabi/4.8.4/armv7e-m/fpu\libgcc.a(_arm_fixunsdfsi.o)
 .ARM.attributes
                0x00000520       0x22 c:/software/freescale/kds_3.0.0/toolchain/bin/../lib/gcc/arm-none-eabi/4.8.4/armv7e-m/fpu\libgcc.a(_arm_truncdfsf2.o)
 .ARM.attributes
                0x00000542       0x22 c:/software/freescale/kds_3.0.0/toolchain/bin/../lib/gcc/arm-none-eabi/4.8.4/armv7e-m/fpu\libgcc.a(_aeabi_ldivmod.o)
 .ARM.attributes
                0x00000564       0x34 c:/software/freescale/kds_3.0.0/toolchain/bin/../lib/gcc/arm-none-eabi/4.8.4/armv7e-m/fpu\libgcc.a(bpabi.o)
 .ARM.attributes
                0x00000598       0x34 c:/software/freescale/kds_3.0.0/toolchain/bin/../lib/gcc/arm-none-eabi/4.8.4/armv7e-m/fpu\libgcc.a(unwind-arm.o)
 .ARM.attributes
                0x000005cc       0x22 c:/software/freescale/kds_3.0.0/toolchain/bin/../lib/gcc/arm-none-eabi/4.8.4/armv7e-m/fpu\libgcc.a(libunwind.o)
 .ARM.attributes
                0x000005ee       0x34 c:/software/freescale/kds_3.0.0/toolchain/bin/../lib/gcc/arm-none-eabi/4.8.4/armv7e-m/fpu\libgcc.a(pr-support.o)
 .ARM.attributes
                0x00000622       0x22 c:/software/freescale/kds_3.0.0/toolchain/bin/../lib/gcc/arm-none-eabi/4.8.4/armv7e-m/fpu\libgcc.a(_dvmd_tls.o)
 .ARM.attributes
                0x00000644       0x34 c:/software/freescale/kds_3.0.0/toolchain/bin/../lib/gcc/arm-none-eabi/4.8.4/armv7e-m/fpu\libgcc.a(_divdi3.o)
 .ARM.attributes
                0x00000678       0x34 c:/software/freescale/kds_3.0.0/toolchain/bin/../lib/gcc/arm-none-eabi/4.8.4/armv7e-m/fpu\libgcc.a(_udivdi3.o)
 .ARM.attributes
                0x000006ac       0x34 c:/software/freescale/kds_3.0.0/toolchain/bin/../lib/gcc/arm-none-eabi/4.8.4/../../../../arm-none-eabi/lib/armv7e-m/fpu\libg_s.a(lib_a-abort.o)
 .ARM.attributes
                0x000006e0       0x34 c:/software/freescale/kds_3.0.0/toolchain/bin/../lib/gcc/arm-none-eabi/4.8.4/../../../../arm-none-eabi/lib/armv7e-m/fpu\libg_s.a(lib_a-errno.o)
 .ARM.attributes
                0x00000714       0x34 c:/software/freescale/kds_3.0.0/toolchain/bin/../lib/gcc/arm-none-eabi/4.8.4/../../../../arm-none-eabi/lib/armv7e-m/fpu\libg_s.a(lib_a-exit.o)
 .ARM.attributes
                0x00000748       0x34 c:/software/freescale/kds_3.0.0/toolchain/bin/../lib/gcc/arm-none-eabi/4.8.4/../../../../arm-none-eabi/lib/armv7e-m/fpu\libg_s.a(lib_a-impure.o)
 .ARM.attributes
                0x0000077c       0x34 c:/software/freescale/kds_3.0.0/toolchain/bin/../lib/gcc/arm-none-eabi/4.8.4/../../../../arm-none-eabi/lib/armv7e-m/fpu\libg_s.a(lib_a-init.o)
 .ARM.attributes
                0x000007b0       0x34 c:/software/freescale/kds_3.0.0/toolchain/bin/../lib/gcc/arm-none-eabi/4.8.4/../../../../arm-none-eabi/lib/armv7e-m/fpu\libg_s.a(lib_a-memcpy-stub.o)
 .ARM.attributes
                0x000007e4       0x34 c:/software/freescale/kds_3.0.0/toolchain/bin/../lib/gcc/arm-none-eabi/4.8.4/../../../../arm-none-eabi/lib/armv7e-m/fpu\libg_s.a(lib_a-memset.o)
 .ARM.attributes
                0x00000818       0x34 c:/software/freescale/kds_3.0.0/toolchain/bin/../lib/gcc/arm-none-eabi/4.8.4/../../../../arm-none-eabi/lib/armv7e-m/fpu\libg_s.a(lib_a-signal.o)
 .ARM.attributes
                0x0000084c       0x34 c:/software/freescale/kds_3.0.0/toolchain/bin/../lib/gcc/arm-none-eabi/4.8.4/../../../../arm-none-eabi/lib/armv7e-m/fpu\libg_s.a(lib_a-signalr.o)
 .ARM.attributes
                0x00000880       0x34 c:/software/freescale/kds_3.0.0/toolchain/bin/../lib/gcc/arm-none-eabi/4.8.4/../../../../arm-none-eabi/lib/armv7e-m/fpu\libg_s.a(lib_a-reent.o)
 .ARM.attributes
                0x000008b4       0x34 c:/software/freescale/kds_3.0.0/toolchain/bin/../lib/gcc/arm-none-eabi/4.8.4/../../../../arm-none-eabi/lib/armv7e-m/fpu\libnosys.a(getpid.o)
 .ARM.attributes
                0x000008e8       0x34 c:/software/freescale/kds_3.0.0/toolchain/bin/../lib/gcc/arm-none-eabi/4.8.4/../../../../arm-none-eabi/lib/armv7e-m/fpu\libnosys.a(kill.o)
 .ARM.attributes
                0x0000091c       0x34 c:/software/freescale/kds_3.0.0/toolchain/bin/../lib/gcc/arm-none-eabi/4.8.4/../../../../arm-none-eabi/lib/armv7e-m/fpu\libnosys.a(_exit.o)
 .ARM.attributes
                0x00000950       0x22 c:/software/freescale/kds_3.0.0/toolchain/bin/../lib/gcc/arm-none-eabi/4.8.4/armv7e-m/fpu/crtn.o
OUTPUT(Project.elf elf32-littlearm)

.debug_info     0x00000000     0x65a8
 .debug_info    0x00000000      0x2e6 ./Sources/Analog.o
 .debug_info    0x000002e6      0x313 ./Sources/FIFO.o
 .debug_info    0x000005f9      0x3f8 ./Sources/FixPoint32.o
 .debug_info    0x000009f1      0x996 ./Sources/Flash.o
 .debug_info    0x00001387      0xb5a ./Sources/IDMT.o
 .debug_info    0x00001ee1      0x6e3 ./Sources/PIT.o
 .debug_info    0x000025c4      0x74a ./Sources/Packet.o
 .debug_info    0x00002d0e      0xc93 ./Sources/UART.o
 .debug_info    0x000039a1      0xab9 ./Sources/main.o
 .debug_info    0x0000445a      0x3b0 ./Project_Settings/Startup_Code/startup.o
 .debug_info    0x0000480a      0xc82 ./Generated_Code/Cpu.o
 .debug_info    0x0000548c      0x152 ./Generated_Code/Vectors.o
 .debug_info    0x000055de      0x56a C:\Users\12199434\My Local Data\08\2019_Autumn_Project-master\Library\libAnalog.a(analog.o)
 .debug_info    0x00005b48      0xa60 C:\Users\12199434\My Local Data\08\2019_Autumn_Project-master\Library\libAnalog.a(SPI.o)

.debug_abbrev   0x00000000     0x1caf
 .debug_abbrev  0x00000000      0x197 ./Sources/Analog.o
 .debug_abbrev  0x00000197      0x1ce ./Sources/FIFO.o
 .debug_abbrev  0x00000365      0x1b9 ./Sources/FixPoint32.o
 .debug_abbrev  0x0000051e      0x22f ./Sources/Flash.o
 .debug_abbrev  0x0000074d      0x358 ./Sources/IDMT.o
 .debug_abbrev  0x00000aa5      0x259 ./Sources/PIT.o
 .debug_abbrev  0x00000cfe      0x1fc ./Sources/Packet.o
 .debug_abbrev  0x00000efa      0x373 ./Sources/UART.o
 .debug_abbrev  0x0000126d      0x34f ./Sources/main.o
 .debug_abbrev  0x000015bc      0x189 ./Project_Settings/Startup_Code/startup.o
 .debug_abbrev  0x00001745      0x185 ./Generated_Code/Cpu.o
 .debug_abbrev  0x000018ca       0xb6 ./Generated_Code/Vectors.o
 .debug_abbrev  0x00001980      0x15a C:\Users\12199434\My Local Data\08\2019_Autumn_Project-master\Library\libAnalog.a(analog.o)
 .debug_abbrev  0x00001ada      0x1d5 C:\Users\12199434\My Local Data\08\2019_Autumn_Project-master\Library\libAnalog.a(SPI.o)

.debug_aranges  0x00000000      0x400
 .debug_aranges
                0x00000000       0x38 ./Sources/Analog.o
 .debug_aranges
                0x00000038       0x38 ./Sources/FIFO.o
 .debug_aranges
                0x00000070       0x40 ./Sources/FixPoint32.o
 .debug_aranges
                0x000000b0       0x68 ./Sources/Flash.o
 .debug_aranges
                0x00000118       0x88 ./Sources/IDMT.o
 .debug_aranges
                0x000001a0       0x40 ./Sources/PIT.o
 .debug_aranges
                0x000001e0       0x38 ./Sources/Packet.o
 .debug_aranges
                0x00000218       0x50 ./Sources/UART.o
 .debug_aranges
                0x00000268       0x68 ./Sources/main.o
 .debug_aranges
                0x000002d0       0x50 ./Project_Settings/Startup_Code/startup.o
 .debug_aranges
                0x00000320       0x38 ./Generated_Code/Cpu.o
 .debug_aranges
                0x00000358       0x18 ./Generated_Code/Vectors.o
 .debug_aranges
                0x00000370       0x38 C:\Users\12199434\My Local Data\08\2019_Autumn_Project-master\Library\libAnalog.a(analog.o)
 .debug_aranges
                0x000003a8       0x58 C:\Users\12199434\My Local Data\08\2019_Autumn_Project-master\Library\libAnalog.a(SPI.o)

.debug_ranges   0x00000000      0x318
 .debug_ranges  0x00000000       0x28 ./Sources/Analog.o
 .debug_ranges  0x00000028       0x28 ./Sources/FIFO.o
 .debug_ranges  0x00000050       0x30 ./Sources/FixPoint32.o
 .debug_ranges  0x00000080       0x58 ./Sources/Flash.o
 .debug_ranges  0x000000d8       0x78 ./Sources/IDMT.o
 .debug_ranges  0x00000150       0x30 ./Sources/PIT.o
 .debug_ranges  0x00000180       0x28 ./Sources/Packet.o
 .debug_ranges  0x000001a8       0x40 ./Sources/UART.o
 .debug_ranges  0x000001e8       0x58 ./Sources/main.o
 .debug_ranges  0x00000240       0x40 ./Project_Settings/Startup_Code/startup.o
 .debug_ranges  0x00000280       0x28 ./Generated_Code/Cpu.o
 .debug_ranges  0x000002a8       0x28 C:\Users\12199434\My Local Data\08\2019_Autumn_Project-master\Library\libAnalog.a(analog.o)
 .debug_ranges  0x000002d0       0x48 C:\Users\12199434\My Local Data\08\2019_Autumn_Project-master\Library\libAnalog.a(SPI.o)

.debug_macro    0x00000000    0x35030
 .debug_macro   0x00000000       0x69 ./Sources/Analog.o
 .debug_macro   0x00000069      0x874 ./Sources/Analog.o
 .debug_macro   0x000008dd       0x1c ./Sources/Analog.o
 .debug_macro   0x000008f9       0x16 ./Sources/Analog.o
 .debug_macro   0x0000090f       0x44 ./Sources/Analog.o
 .debug_macro   0x00000953      0x209 ./Sources/Analog.o
 .debug_macro   0x00000b5c       0xc8 ./Sources/FIFO.o
 .debug_macro   0x00000c24    0x174c1 ./Sources/FIFO.o
 .debug_macro   0x000180e5     0x181c ./Sources/FIFO.o
 .debug_macro   0x00019901      0x14e ./Sources/FIFO.o
 .debug_macro   0x00019a4f       0x64 ./Sources/FIFO.o
 .debug_macro   0x00019ab3       0x9a ./Sources/FIFO.o
 .debug_macro   0x00019b4d       0x28 ./Sources/FIFO.o
 .debug_macro   0x00019b75       0x30 ./Sources/FIFO.o
 .debug_macro   0x00019ba5       0xc8 ./Sources/FixPoint32.o
 .debug_macro   0x00019c6d       0xef ./Sources/FixPoint32.o
 .debug_macro   0x00019d5c      0x329 ./Sources/FixPoint32.o
 .debug_macro   0x0001a085       0x28 ./Sources/FixPoint32.o
 .debug_macro   0x0001a0ad       0x11 ./Sources/FixPoint32.o
 .debug_macro   0x0001a0be       0x12 ./Sources/FixPoint32.o
 .debug_macro   0x0001a0d0       0x69 ./Sources/Flash.o
 .debug_macro   0x0001a139       0x28 ./Sources/Flash.o
 .debug_macro   0x0001a161       0xea ./Sources/IDMT.o
 .debug_macro   0x0001a24b       0x6d ./Sources/PIT.o
 .debug_macro   0x0001a2b8       0xe0 ./Sources/Packet.o
 .debug_macro   0x0001a398      0x1a2 ./Sources/UART.o
 .debug_macro   0x0001a53a       0x58 ./Sources/UART.o
 .debug_macro   0x0001a592       0x35 ./Sources/UART.o
 .debug_macro   0x0001a5c7       0xa3 ./Sources/UART.o
 .debug_macro   0x0001a66a      0x174 ./Sources/UART.o
 .debug_macro   0x0001a7de       0x52 ./Sources/UART.o
 .debug_macro   0x0001a830       0x16 ./Sources/UART.o
 .debug_macro   0x0001a846       0x43 ./Sources/UART.o
 .debug_macro   0x0001a889      0x180 ./Sources/UART.o
 .debug_macro   0x0001aa09      0x1da ./Sources/UART.o
 .debug_macro   0x0001abe3       0xee ./Sources/UART.o
 .debug_macro   0x0001acd1      0x1a4 ./Sources/main.o
 .debug_macro   0x0001ae75     0x1816 ./Sources/main.o
 .debug_macro   0x0001c68b      0x121 ./Project_Settings/Startup_Code/startup.o
 .debug_macro   0x0001c7ac      0x850 ./Project_Settings/Startup_Code/startup.o
 .debug_macro   0x0001cffc       0xa3 ./Project_Settings/Startup_Code/startup.o
 .debug_macro   0x0001d09f      0x166 ./Project_Settings/Startup_Code/startup.o
 .debug_macro   0x0001d205       0x4a ./Project_Settings/Startup_Code/startup.o
 .debug_macro   0x0001d24f       0x43 ./Project_Settings/Startup_Code/startup.o
 .debug_macro   0x0001d292      0x2a6 ./Project_Settings/Startup_Code/startup.o
 .debug_macro   0x0001d538       0x10 ./Project_Settings/Startup_Code/startup.o
 .debug_macro   0x0001d548       0x35 ./Project_Settings/Startup_Code/startup.o
 .debug_macro   0x0001d57d       0x16 ./Project_Settings/Startup_Code/startup.o
 .debug_macro   0x0001d593       0x22 ./Project_Settings/Startup_Code/startup.o
 .debug_macro   0x0001d5b5       0x16 ./Project_Settings/Startup_Code/startup.o
 .debug_macro   0x0001d5cb      0x20f ./Project_Settings/Startup_Code/startup.o
 .debug_macro   0x0001d7da    0x174af ./Project_Settings/Startup_Code/startup.o
 .debug_macro   0x00034c89       0x84 ./Generated_Code/Cpu.o
 .debug_macro   0x00034d0d       0xa0 ./Generated_Code/Cpu.o
 .debug_macro   0x00034dad       0xee ./Generated_Code/Vectors.o
 .debug_macro   0x00034e9b       0xf5 C:\Users\12199434\My Local Data\08\2019_Autumn_Project-master\Library\libAnalog.a(analog.o)
 .debug_macro   0x00034f90       0x22 C:\Users\12199434\My Local Data\08\2019_Autumn_Project-master\Library\libAnalog.a(analog.o)
 .debug_macro   0x00034fb2       0x16 C:\Users\12199434\My Local Data\08\2019_Autumn_Project-master\Library\libAnalog.a(analog.o)
 .debug_macro   0x00034fc8       0x68 C:\Users\12199434\My Local Data\08\2019_Autumn_Project-master\Library\libAnalog.a(SPI.o)

.debug_line     0x00000000     0x3310
 .debug_line    0x00000000      0x220 ./Sources/Analog.o
 .debug_line    0x00000220      0x36c ./Sources/FIFO.o
 .debug_line    0x0000058c      0x3d8 ./Sources/FixPoint32.o
 .debug_line    0x00000964      0x347 ./Sources/Flash.o
 .debug_line    0x00000cab      0x4fd ./Sources/IDMT.o
 .debug_line    0x000011a8      0x2cd ./Sources/PIT.o
 .debug_line    0x00001475      0x395 ./Sources/Packet.o
 .debug_line    0x0000180a      0x5da ./Sources/UART.o
 .debug_line    0x00001de4      0x5fa ./Sources/main.o
 .debug_line    0x000023de      0x429 ./Project_Settings/Startup_Code/startup.o
 .debug_line    0x00002807      0x2b3 ./Generated_Code/Cpu.o
 .debug_line    0x00002aba      0x36b ./Generated_Code/Vectors.o
 .debug_line    0x00002e25      0x218 C:\Users\12199434\My Local Data\08\2019_Autumn_Project-master\Library\libAnalog.a(analog.o)
 .debug_line    0x0000303d      0x2d3 C:\Users\12199434\My Local Data\08\2019_Autumn_Project-master\Library\libAnalog.a(SPI.o)

.debug_str      0x00000000    0x90e50
 .debug_str     0x00000000     0x3000 ./Sources/Analog.o
                               0x3188 (size before relaxing)
 .debug_str     0x00003000    0x8797e ./Sources/FIFO.o
                              0x8a99b (size before relaxing)
 .debug_str     0x0008a97e     0x156f ./Sources/FixPoint32.o
                               0x45ae (size before relaxing)
 .debug_str     0x0008beed      0x4b9 ./Sources/Flash.o
                              0x832f1 (size before relaxing)
 .debug_str     0x0008c3a6      0x2f7 ./Sources/IDMT.o
                              0x8494b (size before relaxing)
 .debug_str     0x0008c69d      0x261 ./Sources/PIT.o
                              0x8a140 (size before relaxing)
 .debug_str     0x0008c8fe      0x24f ./Sources/Packet.o
                              0x8ab8d (size before relaxing)
 .debug_str     0x0008cb4d     0x214e ./Sources/UART.o
                              0x8de41 (size before relaxing)
 .debug_str     0x0008ec9b      0x289 ./Sources/main.o
                              0x8c596 (size before relaxing)
 .debug_str     0x0008ef24     0x135e ./Project_Settings/Startup_Code/startup.o
                              0x85404 (size before relaxing)
 .debug_str     0x00090282      0x204 ./Generated_Code/Cpu.o
                              0x8aab0 (size before relaxing)
 .debug_str     0x00090486       0x2d ./Generated_Code/Vectors.o
                              0x8a95a (size before relaxing)
 .debug_str     0x000904b3      0x60f C:\Users\12199434\My Local Data\08\2019_Autumn_Project-master\Library\libAnalog.a(analog.o)
                               0x38d5 (size before relaxing)
 .debug_str     0x00090ac2      0x38e C:\Users\12199434\My Local Data\08\2019_Autumn_Project-master\Library\libAnalog.a(SPI.o)
                              0x83389 (size before relaxing)

.comment        0x00000000       0x70
 .comment       0x00000000       0x70 ./Sources/Analog.o
                                 0x71 (size before relaxing)
 .comment       0x00000000       0x71 ./Sources/FIFO.o
 .comment       0x00000000       0x71 ./Sources/FixPoint32.o
 .comment       0x00000000       0x71 ./Sources/Flash.o
 .comment       0x00000000       0x71 ./Sources/IDMT.o
 .comment       0x00000000       0x71 ./Sources/PIT.o
 .comment       0x00000000       0x71 ./Sources/Packet.o
 .comment       0x00000000       0x71 ./Sources/UART.o
 .comment       0x00000000       0x71 ./Sources/main.o
 .comment       0x00000000       0x71 ./Project_Settings/Startup_Code/startup.o
 .comment       0x00000000       0x71 ./Generated_Code/Cpu.o
 .comment       0x00000000       0x71 ./Generated_Code/Vectors.o
 .comment       0x00000000       0x71 C:\Users\12199434\My Local Data\08\2019_Autumn_Project-master\Library\libAnalog.a(analog.o)
 .comment       0x00000000       0x71 C:\Users\12199434\My Local Data\08\2019_Autumn_Project-master\Library\libAnalog.a(SPI.o)

.debug_frame    0x00000000     0x12ac
 .debug_frame   0x00000000       0x94 ./Sources/Analog.o
 .debug_frame   0x00000094       0x88 ./Sources/FIFO.o
 .debug_frame   0x0000011c       0xc0 ./Sources/FixPoint32.o
 .debug_frame   0x000001dc      0x144 ./Sources/Flash.o
 .debug_frame   0x00000320      0x1c8 ./Sources/IDMT.o
 .debug_frame   0x000004e8       0xb4 ./Sources/PIT.o
 .debug_frame   0x0000059c       0x88 ./Sources/Packet.o
 .debug_frame   0x00000624       0xf0 ./Sources/UART.o
 .debug_frame   0x00000714      0x14c ./Sources/main.o
 .debug_frame   0x00000860       0xc0 ./Project_Settings/Startup_Code/startup.o
 .debug_frame   0x00000920       0x80 ./Generated_Code/Cpu.o
 .debug_frame   0x000009a0       0x90 C:\Users\12199434\My Local Data\08\2019_Autumn_Project-master\Library\libAnalog.a(analog.o)
 .debug_frame   0x00000a30      0x100 C:\Users\12199434\My Local Data\08\2019_Autumn_Project-master\Library\libAnalog.a(SPI.o)
 .debug_frame   0x00000b30       0x38 c:/software/freescale/kds_3.0.0/toolchain/bin/../lib/gcc/arm-none-eabi/4.8.4/../../../../arm-none-eabi/lib/armv7e-m/fpu\libm.a(lib_a-w_fmod.o)
 .debug_frame   0x00000b68       0x34 c:/software/freescale/kds_3.0.0/toolchain/bin/../lib/gcc/arm-none-eabi/4.8.4/../../../../arm-none-eabi/lib/armv7e-m/fpu\libm.a(lib_a-e_fmod.o)
 .debug_frame   0x00000b9c       0x28 c:/software/freescale/kds_3.0.0/toolchain/bin/../lib/gcc/arm-none-eabi/4.8.4/../../../../arm-none-eabi/lib/armv7e-m/fpu\libm.a(lib_a-s_fpclassify.o)
 .debug_frame   0x00000bc4       0x20 c:/software/freescale/kds_3.0.0/toolchain/bin/../lib/gcc/arm-none-eabi/4.8.4/../../../../arm-none-eabi/lib/armv7e-m/fpu\libm.a(lib_a-s_matherr.o)
 .debug_frame   0x00000be4       0x50 c:/software/freescale/kds_3.0.0/toolchain/bin/../lib/gcc/arm-none-eabi/4.8.4/armv7e-m/fpu\libgcc.a(bpabi.o)
 .debug_frame   0x00000c34      0x2a4 c:/software/freescale/kds_3.0.0/toolchain/bin/../lib/gcc/arm-none-eabi/4.8.4/armv7e-m/fpu\libgcc.a(unwind-arm.o)
 .debug_frame   0x00000ed8       0xe4 c:/software/freescale/kds_3.0.0/toolchain/bin/../lib/gcc/arm-none-eabi/4.8.4/armv7e-m/fpu\libgcc.a(pr-support.o)
 .debug_frame   0x00000fbc       0x34 c:/software/freescale/kds_3.0.0/toolchain/bin/../lib/gcc/arm-none-eabi/4.8.4/armv7e-m/fpu\libgcc.a(_divdi3.o)
 .debug_frame   0x00000ff0       0x34 c:/software/freescale/kds_3.0.0/toolchain/bin/../lib/gcc/arm-none-eabi/4.8.4/armv7e-m/fpu\libgcc.a(_udivdi3.o)
 .debug_frame   0x00001024       0x28 c:/software/freescale/kds_3.0.0/toolchain/bin/../lib/gcc/arm-none-eabi/4.8.4/../../../../arm-none-eabi/lib/armv7e-m/fpu\libg_s.a(lib_a-abort.o)
 .debug_frame   0x0000104c       0x20 c:/software/freescale/kds_3.0.0/toolchain/bin/../lib/gcc/arm-none-eabi/4.8.4/../../../../arm-none-eabi/lib/armv7e-m/fpu\libg_s.a(lib_a-errno.o)
 .debug_frame   0x0000106c       0x28 c:/software/freescale/kds_3.0.0/toolchain/bin/../lib/gcc/arm-none-eabi/4.8.4/../../../../arm-none-eabi/lib/armv7e-m/fpu\libg_s.a(lib_a-exit.o)
 .debug_frame   0x00001094       0x2c c:/software/freescale/kds_3.0.0/toolchain/bin/../lib/gcc/arm-none-eabi/4.8.4/../../../../arm-none-eabi/lib/armv7e-m/fpu\libg_s.a(lib_a-init.o)
 .debug_frame   0x000010c0       0x28 c:/software/freescale/kds_3.0.0/toolchain/bin/../lib/gcc/arm-none-eabi/4.8.4/../../../../arm-none-eabi/lib/armv7e-m/fpu\libg_s.a(lib_a-memcpy-stub.o)
 .debug_frame   0x000010e8       0x20 c:/software/freescale/kds_3.0.0/toolchain/bin/../lib/gcc/arm-none-eabi/4.8.4/../../../../arm-none-eabi/lib/armv7e-m/fpu\libg_s.a(lib_a-memset.o)
 .debug_frame   0x00001108       0xc0 c:/software/freescale/kds_3.0.0/toolchain/bin/../lib/gcc/arm-none-eabi/4.8.4/../../../../arm-none-eabi/lib/armv7e-m/fpu\libg_s.a(lib_a-signal.o)
 .debug_frame   0x000011c8       0x3c c:/software/freescale/kds_3.0.0/toolchain/bin/../lib/gcc/arm-none-eabi/4.8.4/../../../../arm-none-eabi/lib/armv7e-m/fpu\libg_s.a(lib_a-signalr.o)
 .debug_frame   0x00001204       0x48 c:/software/freescale/kds_3.0.0/toolchain/bin/../lib/gcc/arm-none-eabi/4.8.4/../../../../arm-none-eabi/lib/armv7e-m/fpu\libg_s.a(lib_a-reent.o)
 .debug_frame   0x0000124c       0x20 c:/software/freescale/kds_3.0.0/toolchain/bin/../lib/gcc/arm-none-eabi/4.8.4/../../../../arm-none-eabi/lib/armv7e-m/fpu\libnosys.a(getpid.o)
 .debug_frame   0x0000126c       0x20 c:/software/freescale/kds_3.0.0/toolchain/bin/../lib/gcc/arm-none-eabi/4.8.4/../../../../arm-none-eabi/lib/armv7e-m/fpu\libnosys.a(kill.o)
 .debug_frame   0x0000128c       0x20 c:/software/freescale/kds_3.0.0/toolchain/bin/../lib/gcc/arm-none-eabi/4.8.4/../../../../arm-none-eabi/lib/armv7e-m/fpu\libnosys.a(_exit.o)

.stab           0x00000000       0x3c
 .stab          0x00000000       0x24 c:/software/freescale/kds_3.0.0/toolchain/bin/../lib/gcc/arm-none-eabi/4.8.4/../../../../arm-none-eabi/lib/armv7e-m/fpu\libnosys.a(getpid.o)
 .stab          0x00000024       0x18 c:/software/freescale/kds_3.0.0/toolchain/bin/../lib/gcc/arm-none-eabi/4.8.4/../../../../arm-none-eabi/lib/armv7e-m/fpu\libnosys.a(kill.o)
                                 0x24 (size before relaxing)

.stabstr        0x00000000       0x76
 .stabstr       0x00000000       0x76 c:/software/freescale/kds_3.0.0/toolchain/bin/../lib/gcc/arm-none-eabi/4.8.4/../../../../arm-none-eabi/lib/armv7e-m/fpu\libnosys.a(getpid.o)
