Archive member included because of file (symbol)

C:\Users\12199434\My Local Data\08\2019_Autumn_Project-master\Library\libOS.a(OS.o)
                              ./Sources/main.o (OS_Init)
C:\Users\12199434\My Local Data\08\2019_Autumn_Project-master\Library\libAnalog.a(analog.o)
                              ./Sources/Analog.o (Analog_Init)
C:\Users\12199434\My Local Data\08\2019_Autumn_Project-master\Library\libAnalog.a(SPI.o)
                              C:\Users\12199434\My Local Data\08\2019_Autumn_Project-master\Library\libAnalog.a(analog.o) (SPI_Init)
c:/software/freescale/kds_3.0.0/toolchain/bin/../lib/gcc/arm-none-eabi/4.8.4/../../../../arm-none-eabi/lib/armv7e-m/fpu\libstdc++_s.a(eh_arm.o)
                              ./Sources/Analog.o (__cxa_end_cleanup)
c:/software/freescale/kds_3.0.0/toolchain/bin/../lib/gcc/arm-none-eabi/4.8.4/../../../../arm-none-eabi/lib/armv7e-m/fpu\libstdc++_s.a(eh_terminate.o)
                              c:/software/freescale/kds_3.0.0/toolchain/bin/../lib/gcc/arm-none-eabi/4.8.4/../../../../arm-none-eabi/lib/armv7e-m/fpu\libstdc++_s.a(eh_arm.o) (std::terminate())
c:/software/freescale/kds_3.0.0/toolchain/bin/../lib/gcc/arm-none-eabi/4.8.4/../../../../arm-none-eabi/lib/armv7e-m/fpu\libstdc++_s.a(eh_catch.o)
                              ./Sources/Analog.o (__cxa_begin_catch)
c:/software/freescale/kds_3.0.0/toolchain/bin/../lib/gcc/arm-none-eabi/4.8.4/../../../../arm-none-eabi/lib/armv7e-m/fpu\libstdc++_s.a(new_op.o)
                              ./Sources/Analog.o (operator new(unsigned int))
c:/software/freescale/kds_3.0.0/toolchain/bin/../lib/gcc/arm-none-eabi/4.8.4/../../../../arm-none-eabi/lib/armv7e-m/fpu\libstdc++_s.a(del_op.o)
                              ./Sources/Analog.o (operator delete(void*))
c:/software/freescale/kds_3.0.0/toolchain/bin/../lib/gcc/arm-none-eabi/4.8.4/../../../../arm-none-eabi/lib/armv7e-m/fpu\libstdc++_s.a(new_handler.o)
                              c:/software/freescale/kds_3.0.0/toolchain/bin/../lib/gcc/arm-none-eabi/4.8.4/../../../../arm-none-eabi/lib/armv7e-m/fpu\libstdc++_s.a(new_op.o) (__new_handler)
c:/software/freescale/kds_3.0.0/toolchain/bin/../lib/gcc/arm-none-eabi/4.8.4/../../../../arm-none-eabi/lib/armv7e-m/fpu\libstdc++_s.a(eh_throw.o)
                              ./Sources/Analog.o (__cxa_rethrow)
c:/software/freescale/kds_3.0.0/toolchain/bin/../lib/gcc/arm-none-eabi/4.8.4/../../../../arm-none-eabi/lib/armv7e-m/fpu\libstdc++_s.a(eh_alloc.o)
                              c:/software/freescale/kds_3.0.0/toolchain/bin/../lib/gcc/arm-none-eabi/4.8.4/../../../../arm-none-eabi/lib/armv7e-m/fpu\libstdc++_s.a(eh_throw.o) (__cxa_free_exception)
c:/software/freescale/kds_3.0.0/toolchain/bin/../lib/gcc/arm-none-eabi/4.8.4/../../../../arm-none-eabi/lib/armv7e-m/fpu\libstdc++_s.a(guard.o)
                              ./Sources/main.o (__cxa_guard_acquire)
c:/software/freescale/kds_3.0.0/toolchain/bin/../lib/gcc/arm-none-eabi/4.8.4/../../../../arm-none-eabi/lib/armv7e-m/fpu\libstdc++_s.a(eh_unex_handler.o)
                              c:/software/freescale/kds_3.0.0/toolchain/bin/../lib/gcc/arm-none-eabi/4.8.4/../../../../arm-none-eabi/lib/armv7e-m/fpu\libstdc++_s.a(eh_terminate.o) (__cxxabiv1::__unexpected_handler)
c:/software/freescale/kds_3.0.0/toolchain/bin/../lib/gcc/arm-none-eabi/4.8.4/../../../../arm-none-eabi/lib/armv7e-m/fpu\libstdc++_s.a(eh_personality.o)
                              ./Sources/Analog.o (__gxx_personality_v0)
c:/software/freescale/kds_3.0.0/toolchain/bin/../lib/gcc/arm-none-eabi/4.8.4/../../../../arm-none-eabi/lib/armv7e-m/fpu\libstdc++_s.a(eh_globals.o)
                              c:/software/freescale/kds_3.0.0/toolchain/bin/../lib/gcc/arm-none-eabi/4.8.4/../../../../arm-none-eabi/lib/armv7e-m/fpu\libstdc++_s.a(eh_catch.o) (__cxa_get_globals_fast)
c:/software/freescale/kds_3.0.0/toolchain/bin/../lib/gcc/arm-none-eabi/4.8.4/../../../../arm-none-eabi/lib/armv7e-m/fpu\libstdc++_s.a(atexit_arm.o)
                              ./Sources/Analog.o (__aeabi_atexit)
c:/software/freescale/kds_3.0.0/toolchain/bin/../lib/gcc/arm-none-eabi/4.8.4/../../../../arm-none-eabi/lib/armv7e-m/fpu\libstdc++_s.a(eh_term_handler.o)
                              c:/software/freescale/kds_3.0.0/toolchain/bin/../lib/gcc/arm-none-eabi/4.8.4/../../../../arm-none-eabi/lib/armv7e-m/fpu\libstdc++_s.a(eh_terminate.o) (__cxxabiv1::__terminate_handler)
c:/software/freescale/kds_3.0.0/toolchain/bin/../lib/gcc/arm-none-eabi/4.8.4/../../../../arm-none-eabi/lib/armv7e-m/fpu\libstdc++_s.a(vterminate.o)
                              c:/software/freescale/kds_3.0.0/toolchain/bin/../lib/gcc/arm-none-eabi/4.8.4/../../../../arm-none-eabi/lib/armv7e-m/fpu\libstdc++_s.a(eh_term_handler.o) (__gnu_cxx::__verbose_terminate_handler())
c:/software/freescale/kds_3.0.0/toolchain/bin/../lib/gcc/arm-none-eabi/4.8.4/../../../../arm-none-eabi/lib/armv7e-m/fpu\libstdc++_s.a(eh_type.o)
[...]
Memory Configuration

Name             Origin             Length             Attributes
m_interrupts     0x00000000         0x000001e8         xr
m_text           0x00000410         0x0007fbf0         xr
m_data           0x1fff0000         0x00010000         rw
m_data_20000000  0x20000000         0x00010000         rw
m_cfmprotrom     0x00000400         0x00000010         xr
*default*        0x00000000         0xffffffff

Linker script and memory map

LOAD c:/software/freescale/kds_3.0.0/toolchain/bin/../lib/gcc/arm-none-eabi/4.8.4/armv7e-m/fpu/crti.o
LOAD c:/software/freescale/kds_3.0.0/toolchain/bin/../lib/gcc/arm-none-eabi/4.8.4/armv7e-m/fpu/crtbegin.o
LOAD c:/software/freescale/kds_3.0.0/toolchain/bin/../lib/gcc/arm-none-eabi/4.8.4/../../../../arm-none-eabi/lib/armv7e-m/fpu/crt0.o
LOAD ./Sources/Analog.o
LOAD ./Sources/FIFO.o
LOAD ./Sources/FixPoint32.o
LOAD ./Sources/Flash.o
LOAD ./Sources/IDMT.o
LOAD ./Sources/LEDs.o
LOAD ./Sources/PIT.o
LOAD ./Sources/Packet.o
LOAD ./Sources/UART.o
LOAD ./Sources/main.o
LOAD ./Project_Settings/Startup_Code/startup.o
LOAD ./Generated_Code/Cpu.o
LOAD ./Generated_Code/Vectors.o
LOAD C:\Users\12199434\My Local Data\08\2019_Autumn_Project-master\Library\libOS.a
LOAD C:\Users\12199434\My Local Data\08\2019_Autumn_Project-master\Library\libAnalog.a
LOAD c:/software/freescale/kds_3.0.0/toolchain/bin/../lib/gcc/arm-none-eabi/4.8.4/../../../../arm-none-eabi/lib/armv7e-m/fpu\libstdc++_s.a
LOAD c:/software/freescale/kds_3.0.0/toolchain/bin/../lib/gcc/arm-none-eabi/4.8.4/../../../../arm-none-eabi/lib/armv7e-m/fpu\libm.a
START GROUP
LOAD c:/software/freescale/kds_3.0.0/toolchain/bin/../lib/gcc/arm-none-eabi/4.8.4/armv7e-m/fpu\libgcc.a
LOAD c:/software/freescale/kds_3.0.0/toolchain/bin/../lib/gcc/arm-none-eabi/4.8.4/../../../../arm-none-eabi/lib/armv7e-m/fpu\libg_s.a
LOAD c:/software/freescale/kds_3.0.0/toolchain/bin/../lib/gcc/arm-none-eabi/4.8.4/../../../../arm-none-eabi/lib/armv7e-m/fpu\libc_s.a
END GROUP
START GROUP
LOAD c:/software/freescale/kds_3.0.0/toolchain/bin/../lib/gcc/arm-none-eabi/4.8.4/armv7e-m/fpu\libgcc.a
LOAD c:/software/freescale/kds_3.0.0/toolchain/bin/../lib/gcc/arm-none-eabi/4.8.4/../../../../arm-none-eabi/lib/armv7e-m/fpu\libc_s.a
LOAD c:/software/freescale/kds_3.0.0/toolchain/bin/../lib/gcc/arm-none-eabi/4.8.4/../../../../arm-none-eabi/lib/armv7e-m/fpu\libnosys.a
END GROUP
START GROUP
LOAD c:/software/freescale/kds_3.0.0/toolchain/bin/../lib/gcc/arm-none-eabi/4.8.4/armv7e-m/fpu\libgcc.a
LOAD c:/software/freescale/kds_3.0.0/toolchain/bin/../lib/gcc/arm-none-eabi/4.8.4/../../../../arm-none-eabi/lib/armv7e-m/fpu\libc_s.a
LOAD c:/software/freescale/kds_3.0.0/toolchain/bin/../lib/gcc/arm-none-eabi/4.8.4/../../../../arm-none-eabi/lib/armv7e-m/fpu\libnosys.a
END GROUP
LOAD c:/software/freescale/kds_3.0.0/toolchain/bin/../lib/gcc/arm-none-eabi/4.8.4/armv7e-m/fpu/crtend.o
LOAD c:/software/freescale/kds_3.0.0/toolchain/bin/../lib/gcc/arm-none-eabi/4.8.4/armv7e-m/fpu/crtn.o
                0x20000000                _estack = 0x20000000
                0x20000000                __SP_INIT = _estack
                0x20000000                __stack = _estack
                0x00000000                __heap_size = 0x0
                0x00000400                __stack_size = 0x400

.interrupts     0x00000000      0x1e8
                0x00000000                __vector_table = .
                0x00000000                . = ALIGN (0x4)
 *(.vectortable)
 .vectortable   0x00000000      0x1e8 ./Generated_Code/Vectors.o
                0x00000000                __vect_table
                0x000001e8                . = ALIGN (0x4)

.cfmprotect     0x00000400       0x10
                0x00000400                . = ALIGN (0x4)
 *(.cfmconfig)
 .cfmconfig     0x00000400       0x10 ./Generated_Code/Cpu.o
                0x00000400                _cfm
                0x00000410                . = ALIGN (0x4)

.text           0x00000410     0xe80c
                0x00000410                . = ALIGN (0x4)
 *(.text)
 .text          0x00000410       0x54 c:/software/freescale/kds_3.0.0/toolchain/bin/../lib/gcc/arm-none-eabi/4.8.4/armv7e-m/fpu/crtbegin.o
 .text          0x00000464       0x74 c:/software/freescale/kds_3.0.0/toolchain/bin/../lib/gcc/arm-none-eabi/4.8.4/../../../../arm-none-eabi/lib/armv7e-m/fpu/crt0.o
                0x00000464                _start
                0x00000464                _mainCRTStartup
 .text          0x000004d8     0x5784 c:/software/freescale/kds_3.0.0/toolchain/bin/../lib/gcc/arm-none-eabi/4.8.4/../../../../arm-none-eabi/lib/armv7e-m/fpu\libstdc++_s.a(cp-demangle.o)
                0x00005b7c                __cxa_demangle
                0x00005c40                __gcclibcxx_demangle_callback
 .text          0x00005c5c      0x370 c:/software/freescale/kds_3.0.0/toolchain/bin/../lib/gcc/arm-none-eabi/4.8.4/armv7e-m/fpu\libgcc.a(_arm_addsubdf3.o)
                0x00005c5c                __aeabi_drsub
                0x00005c64                __aeabi_dsub
                0x00005c64                __subdf3
                0x00005c68                __aeabi_dadd
                0x00005c68                __adddf3
                0x00005ee0                __floatunsidf
                0x00005ee0                __aeabi_ui2d
                0x00005f00                __floatsidf
                0x00005f00                __aeabi_i2d
                0x00005f24                __aeabi_f2d
                0x00005f24                __extendsfdf2
                0x00005f60                __floatundidf
                0x00005f60                __aeabi_ul2d
                0x00005f70                __floatdidf
                0x00005f70                __aeabi_l2d
 .text          0x00005fcc      0x424 c:/software/freescale/kds_3.0.0/toolchain/bin/../lib/gcc/arm-none-eabi/4.8.4/armv7e-m/fpu\libgcc.a(_arm_muldivdf3.o)
                0x00005fcc                __aeabi_dmul
                0x00005fcc                __muldf3
                0x00006220                __divdf3
                0x00006220                __aeabi_ddiv
 .text          0x000063f0      0x110 c:/software/freescale/kds_3.0.0/toolchain/bin/../lib/gcc/arm-none-eabi/4.8.4/armv7e-m/fpu\libgcc.a(_arm_cmpdf2.o)
                0x000063f0                __gtdf2
                0x000063f0                __gedf2
                0x000063f8                __ltdf2
                0x000063f8                __ledf2
                0x00006400                __nedf2
                0x00006400                __eqdf2
                0x00006400                __cmpdf2
                0x0000647c                __aeabi_cdrcmple
                0x0000648c                __aeabi_cdcmpeq
                0x0000648c                __aeabi_cdcmple
                0x0000649c                __aeabi_dcmpeq
                0x000064b0                __aeabi_dcmplt
                0x000064c4                __aeabi_dcmple
                0x000064d8                __aeabi_dcmpge
                0x000064ec                __aeabi_dcmpgt
 .text          0x00006500       0x40 c:/software/freescale/kds_3.0.0/toolchain/bin/../lib/gcc/arm-none-eabi/4.8.4/armv7e-m/fpu\libgcc.a(_arm_fixunsdfsi.o)
                0x00006500                __aeabi_d2uiz
                0x00006500                __fixunsdfsi
 .text          0x00006540       0xa0 c:/software/freescale/kds_3.0.0/toolchain/bin/../lib/gcc/arm-none-eabi/4.8.4/armv7e-m/fpu\libgcc.a(_arm_truncdfsf2.o)
                0x00006540                __truncdfsf2
                0x00006540                __aeabi_d2f
 .text          0x000065e0       0x38 c:/software/freescale/kds_3.0.0/toolchain/bin/../lib/gcc/arm-none-eabi/4.8.4/armv7e-m/fpu\libgcc.a(_aeabi_ldivmod.o)
                0x000065e0                __aeabi_ldivmod
 .text          0x00006618       0x60 c:/software/freescale/kds_3.0.0/toolchain/bin/../lib/gcc/arm-none-eabi/4.8.4/armv7e-m/fpu\libgcc.a(bpabi.o)
                0x00006618                __gnu_ldivmod_helper
                0x00006648                __gnu_uldivmod_helper
 .text          0x00006678      0xa1c c:/software/freescale/kds_3.0.0/toolchain/bin/../lib/gcc/arm-none-eabi/4.8.4/armv7e-m/fpu\libgcc.a(unwind-arm.o)
                0x0000695c                _Unwind_GetCFA
                0x00006960                __gnu_Unwind_RaiseException
                0x000069c0                __gnu_Unwind_ForcedUnwind
                0x000069d4                __gnu_Unwind_Resume
                0x00006a18                __gnu_Unwind_Resume_or_Rethrow
                0x00006a28                _Unwind_Complete
                0x00006a2c                _Unwind_DeleteException
                0x00006a3c                _Unwind_VRS_Get
                0x00006a8c                _Unwind_VRS_Set
                0x00006adc                __gnu_Unwind_Backtrace
                0x00006e30                __aeabi_unwind_cpp_pr0
                0x00006e38                __aeabi_unwind_cpp_pr1
                0x00006e40                __aeabi_unwind_cpp_pr2
                0x00006e48                _Unwind_VRS_Pop
 .text          0x00007094      0x1ac c:/software/freescale/kds_3.0.0/toolchain/bin/../lib/gcc/arm-none-eabi/4.8.4/armv7e-m/fpu\libgcc.a(libunwind.o)
                0x00007094                __restore_core_regs
                0x00007094                restore_core_regs
                0x000070ac                __gnu_Unwind_Restore_VFP
                0x000070b4                __gnu_Unwind_Save_VFP
                0x000070bc                __gnu_Unwind_Restore_VFP_D
                0x000070c4                __gnu_Unwind_Save_VFP_D
                0x000070cc                __gnu_Unwind_Restore_VFP_D_16_to_31
                0x000070d4                __gnu_Unwind_Save_VFP_D_16_to_31
                0x000070dc                __gnu_Unwind_Restore_WMMXD
                0x00007120                __gnu_Unwind_Save_WMMXD
                0x00007164                __gnu_Unwind_Restore_WMMXC
                0x00007178                __gnu_Unwind_Save_WMMXC
                0x0000718c                ___Unwind_RaiseException
                0x0000718c                _Unwind_RaiseException
                0x000071b0                _Unwind_Resume
                0x000071b0                ___Unwind_Resume
                0x000071d4                _Unwind_Resume_or_Rethrow
                0x000071d4                ___Unwind_Resume_or_Rethrow
                0x000071f8                _Unwind_ForcedUnwind
                0x000071f8                ___Unwind_ForcedUnwind
                0x0000721c                ___Unwind_Backtrace
                0x0000721c                _Unwind_Backtrace
 .text          0x00007240      0x33c c:/software/freescale/kds_3.0.0/toolchain/bin/../lib/gcc/arm-none-eabi/4.8.4/armv7e-m/fpu\libgcc.a(pr-support.o)
                0x00007294                __gnu_unwind_execute
                0x00007520                __gnu_unwind_frame
                0x0000754c                _Unwind_GetRegionStart
                0x00007558                _Unwind_GetLanguageSpecificData
                0x0000756c                _Unwind_GetDataRelBase
                0x00007574                _Unwind_GetTextRelBase
 .text          0x0000757c        0x4 c:/software/freescale/kds_3.0.0/toolchain/bin/../lib/gcc/arm-none-eabi/4.8.4/armv7e-m/fpu\libgcc.a(_dvmd_tls.o)
                0x0000757c                __aeabi_idiv0
                0x0000757c                __aeabi_ldiv0
 .text          0x00007580      0x298 c:/software/freescale/kds_3.0.0/toolchain/bin/../lib/gcc/arm-none-eabi/4.8.4/armv7e-m/fpu\libgcc.a(_divdi3.o)
                0x00007580                __divdi3
 .text          0x00007818      0x284 c:/software/freescale/kds_3.0.0/toolchain/bin/../lib/gcc/arm-none-eabi/4.8.4/armv7e-m/fpu\libgcc.a(_udivdi3.o)
                0x00007818                __udivdi3
 .text          0x00007a9c       0x14 c:/software/freescale/kds_3.0.0/toolchain/bin/../lib/gcc/arm-none-eabi/4.8.4/../../../../arm-none-eabi/lib/armv7e-m/fpu\libg_s.a(lib_a-strcmp.o)
                0x00007a9c                strcmp
 *(.text*)
 .text._ZnwjPv  0x00007ab0       0x18 ./Sources/Analog.o
                0x00007ab0                operator new(unsigned int, void*)
 .text._ZN6Analog8Analog_tC2Em
                0x00007ac8       0x20 ./Sources/Analog.o
                0x00007ac8                Analog::Analog_t::Analog_t(unsigned long)
                0x00007ac8                Analog::Analog_t::Analog_t(unsigned long)
 .text._ZN6Analog8Analog_tC2Eh
                0x00007ae8       0x28 ./Sources/Analog.o
                0x00007ae8                Analog::Analog_t::Analog_t(unsigned char)
                0x00007ae8                Analog::Analog_t::Analog_t(unsigned char)
 .text._ZN6Analog8Analog_t9GetSampleEv
                0x00007b10       0x20 ./Sources/Analog.o
                0x00007b10                Analog::Analog_t::GetSample()
 .text._ZN6Analog8Analog_t9GetSignalEv
                0x00007b30       0x94 ./Sources/Analog.o
                0x00007b30                Analog::Analog_t::GetSignal()
 .text._ZN6Analog8Analog_t9PutSampleEsh
                0x00007bc4       0x3c ./Sources/Analog.o
                0x00007bc4                Analog::Analog_t::PutSample(short, unsigned char)
 .text._ZNSt6vectorIlSaIlEEC2Ev
                0x00007c00       0x1c ./Sources/Analog.o
                0x00007c00                std::vector<long, std::allocator<long> >::vector()
                0x00007c00                std::vector<long, std::allocator<long> >::vector()
 .text._ZNKSt6vectorIlSaIlEE4sizeEv
                0x00007c1c       0x24 ./Sources/Analog.o
                0x00007c1c                std::vector<long, std::allocator<long> >::size() const
 .text._ZSt7forwardIRKlEOT_RNSt16remove_referenceIS2_E4typeE
                0x00007c40       0x18 ./Sources/Analog.o
                0x00007c40                long const& std::forward<long const&>(std::remove_reference<long const&>::type&)
 .text._ZNSt6vectorIlSaIlEE9push_backERKl
                0x00007c58       0x40 ./Sources/Analog.o
                0x00007c58                std::vector<long, std::allocator<long> >::push_back(long const&)
 .text._ZNSt12_Vector_baseIlSaIlEE12_Vector_implD2Ev
                0x00007c98       0x18 ./Sources/Analog.o
                0x00007c98                std::_Vector_base<long, std::allocator<long> >::_Vector_impl::~_Vector_impl()
                0x00007c98                std::_Vector_base<long, std::allocator<long> >::_Vector_impl::~_Vector_impl()
 .text._ZNSt12_Vector_baseIlSaIlEEC2Ev
                0x00007cb0       0x1c ./Sources/Analog.o
                0x00007cb0                std::_Vector_base<long, std::allocator<long> >::_Vector_base()
                0x00007cb0                std::_Vector_base<long, std::allocator<long> >::_Vector_base()
 .text._ZNSt12_Vector_baseIlSaIlEED2Ev
                0x00007ccc       0x38 ./Sources/Analog.o
                0x00007ccc                std::_Vector_base<long, std::allocator<long> >::~_Vector_base()
                0x00007ccc                std::_Vector_base<long, std::allocator<long> >::~_Vector_base()
 .text._ZNSt16allocator_traitsISaIlEE9constructIlJRKlEEEDTcl12_S_constructfp_fp0_spcl7forwardIT0_Efp1_EEERS0_PT_DpOS5_
                0x00007d04       0x24 ./Sources/Analog.o
                0x00007d04                decltype (_S_construct({parm#1}, {parm#2}, (forward<long const&>)({parm#3}))) std::allocator_traits<std::allocator<long> >::construct<long, long const&>(std::allocator<long>&, long*, long const&)
 .text._ZNSt6vectorIlSaIlEE19_M_emplace_back_auxIJRKlEEEvDpOT_
                0x00007d28      0x128 ./Sources/Analog.o
                0x00007d28                void std::vector<long, std::allocator<long> >::_M_emplace_back_aux<long const&>(long const&)
 .text._ZNSt12_Vector_baseIlSaIlEE12_Vector_implC2Ev
                0x00007e50       0x2c ./Sources/Analog.o
                0x00007e50                std::_Vector_base<long, std::allocator<long> >::_Vector_impl::_Vector_impl()
                0x00007e50                std::_Vector_base<long, std::allocator<long> >::_Vector_impl::_Vector_impl()
 .text._ZNSaIlED2Ev
                0x00007e7c       0x18 ./Sources/Analog.o
                0x00007e7c                std::allocator<long>::~allocator()
                0x00007e7c                std::allocator<long>::~allocator()
 .text._ZNSt12_Vector_baseIlSaIlEE13_M_deallocateEPlj
                0x00007e94       0x24 ./Sources/Analog.o
                0x00007e94                std::_Vector_base<long, std::allocator<long> >::_M_deallocate(long*, unsigned int)
 .text._ZNSt16allocator_traitsISaIlEE12_S_constructIlJRKlEEENSt9enable_ifIXsrNS1_18__construct_helperIT_JDpT0_EEE5valueEvE4typeERS0_PS7_DpOS8_
                0x00007eb8       0x24 ./Sources/Analog.o
                0x00007eb8                std::enable_if<std::allocator_traits<std::allocator<long> >::__construct_helper<long, long const&>::value, void>::type std::allocator_traits<std::allocator<long> >::_S_construct<long, long const&>(std::allocator<long>&, long*, long const&)
 .text._ZNKSt6vectorIlSaIlEE12_M_check_lenEjPKc
                0x00007edc       0x90 ./Sources/Analog.o
                0x00007edc                std::vector<long, std::allocator<long> >::_M_check_len(unsigned int, char const*) const
 .text._ZNSt12_Vector_baseIlSaIlEE11_M_allocateEj
                0x00007f6c       0x2c ./Sources/Analog.o
                0x00007f6c                std::_Vector_base<long, std::allocator<long> >::_M_allocate(unsigned int)
 .text._ZNSt12_Vector_baseIlSaIlEE19_M_get_Tp_allocatorEv
                0x00007f98       0x18 ./Sources/Analog.o
                0x00007f98                std::_Vector_base<long, std::allocator<long> >::_M_get_Tp_allocator()
 .text._ZSt34__uninitialized_move_if_noexcept_aIPlS0_SaIlEET0_T_S3_S2_RT1_
                0x00007fb0       0x34 ./Sources/Analog.o
                0x00007fb0                long* std::__uninitialized_move_if_noexcept_a<long*, long*, std::allocator<long> >(long*, long*, long*, std::allocator<long>&)
 .text._ZNSt16allocator_traitsISaIlEE7destroyIlEEvRS0_PT_
                0x00007fe4       0x18 ./Sources/Analog.o
                0x00007fe4                void std::allocator_traits<std::allocator<long> >::destroy<long>(std::allocator<long>&, long*)
 .text._ZSt8_DestroyIPllEvT_S1_RSaIT0_E
                0x00007ffc       0x1c ./Sources/Analog.o
                0x00007ffc                void std::_Destroy<long*, long>(long*, long*, std::allocator<long>&)
 .text._ZNSaIlEC2Ev
                0x00008018       0x18 ./Sources/Analog.o
                0x00008018                std::allocator<long>::allocator()
                0x00008018                std::allocator<long>::allocator()
 .text._ZN9__gnu_cxx13new_allocatorIlED2Ev
                0x00008030       0x18 ./Sources/Analog.o
                0x00008030                __gnu_cxx::new_allocator<long>::~new_allocator()
                0x00008030                __gnu_cxx::new_allocator<long>::~new_allocator()
 .text._ZN9__gnu_cxx13new_allocatorIlE10deallocateEPlj
                0x00008048       0x18 ./Sources/Analog.o
                0x00008048                __gnu_cxx::new_allocator<long>::deallocate(long*, unsigned int)
 .text._ZN9__gnu_cxx13new_allocatorIlE9constructIlJRKlEEEvPT_DpOT0_
                0x00008060       0x30 ./Sources/Analog.o
                0x00008060                void __gnu_cxx::new_allocator<long>::construct<long, long const&>(long*, long const&)
 .text._ZNKSt6vectorIlSaIlEE8max_sizeEv
                0x00008090       0x24 ./Sources/Analog.o
                0x00008090                std::vector<long, std::allocator<long> >::max_size() const
 .text._ZSt3maxIjERKT_S2_S2_
                0x000080b4       0x28 ./Sources/Analog.o
                0x000080b4                unsigned int const& std::max<unsigned int>(unsigned int const&, unsigned int const&)
 .text._ZN9__gnu_cxx13new_allocatorIlE8allocateEjPKv
                0x000080dc       0x3c ./Sources/Analog.o
                0x000080dc                __gnu_cxx::new_allocator<long>::allocate(unsigned int, void const*)
 .text._ZSt32__make_move_if_noexcept_iteratorIPlSt13move_iteratorIS0_EET0_T_
                0x00008118       0x20 ./Sources/Analog.o
                0x00008118                std::move_iterator<long*> std::__make_move_if_noexcept_iterator<long*, std::move_iterator<long*> >(long*)
 .text._ZSt22__uninitialized_copy_aISt13move_iteratorIPlES1_lET0_T_S4_S3_RSaIT1_E
                0x00008138       0x24 ./Sources/Analog.o
                0x00008138                long* std::__uninitialized_copy_a<std::move_iterator<long*>, long*, long>(std::move_iterator<long*>, std::move_iterator<long*>, long*, std::allocator<long>&)
 .text._ZNSt16allocator_traitsISaIlEE10_S_destroyIlEENSt9enable_ifIXsrNS1_16__destroy_helperIT_EE5valueEvE4typeERS0_PS5_
                0x0000815c       0x18 ./Sources/Analog.o
                0x0000815c                std::enable_if<std::allocator_traits<std::allocator<long> >::__destroy_helper<long>::value, void>::type std::allocator_traits<std::allocator<long> >::_S_destroy<long>(std::allocator<long>&, long*)
 .text._ZSt8_DestroyIPlEvT_S1_
                0x00008174       0x18 ./Sources/Analog.o
                0x00008174                void std::_Destroy<long*>(long*, long*)
 .text._ZN9__gnu_cxx13new_allocatorIlEC2Ev
                0x0000818c       0x18 ./Sources/Analog.o
                0x0000818c                __gnu_cxx::new_allocator<long>::new_allocator()
                0x0000818c                __gnu_cxx::new_allocator<long>::new_allocator()
 .text._ZNSt16allocator_traitsISaIlEE8max_sizeERKS0_
                0x000081a4       0x18 ./Sources/Analog.o
                0x000081a4                std::allocator_traits<std::allocator<long> >::max_size(std::allocator<long> const&)
 .text._ZNKSt12_Vector_baseIlSaIlEE19_M_get_Tp_allocatorEv
                0x000081bc       0x18 ./Sources/Analog.o
                0x000081bc                std::_Vector_base<long, std::allocator<long> >::_M_get_Tp_allocator() const
 .text._ZNK9__gnu_cxx13new_allocatorIlE8max_sizeEv
                0x000081d4       0x18 ./Sources/Analog.o
                0x000081d4                __gnu_cxx::new_allocator<long>::max_size() const
 .text._ZNSt13move_iteratorIPlEC2ES0_
                0x000081ec       0x20 ./Sources/Analog.o
                0x000081ec                std::move_iterator<long*>::move_iterator(long*)
                0x000081ec                std::move_iterator<long*>::move_iterator(long*)
 .text._ZSt18uninitialized_copyISt13move_iteratorIPlES1_ET0_T_S4_S3_
                0x0000820c       0x20 ./Sources/Analog.o
                0x0000820c                long* std::uninitialized_copy<std::move_iterator<long*>, long*>(std::move_iterator<long*>, std::move_iterator<long*>, long*)
 .text._ZN9__gnu_cxx13new_allocatorIlE7destroyIlEEvPT_
                0x0000822c       0x14 ./Sources/Analog.o
                0x0000822c                void __gnu_cxx::new_allocator<long>::destroy<long>(long*)
 .text._ZNSt12_Destroy_auxILb1EE9__destroyIPlEEvT_S3_
                0x00008240       0x14 ./Sources/Analog.o
                0x00008240                void std::_Destroy_aux<true>::__destroy<long*>(long*, long*)
 .text._ZNSt16allocator_traitsISaIlEE11_S_max_sizeIKS0_EENSt9enable_ifIXsrNS1_16__maxsize_helperIT_EE5valueEjE4typeERS6_
                0x00008254       0x18 ./Sources/Analog.o
                0x00008254                std::enable_if<std::allocator_traits<std::allocator<long> >::__maxsize_helper<std::allocator<long> const>::value, unsigned int>::type std::allocator_traits<std::allocator<long> >::_S_max_size<std::allocator<long> const>(std::allocator<long> const&)
 .text._ZNSt20__uninitialized_copyILb1EE13__uninit_copyISt13move_iteratorIPlES3_EET0_T_S6_S5_
                0x0000826c       0x20 ./Sources/Analog.o
                0x0000826c                long* std::__uninitialized_copy<true>::__uninit_copy<std::move_iterator<long*>, long*>(std::move_iterator<long*>, std::move_iterator<long*>, long*)
 .text._ZSt4copyISt13move_iteratorIPlES1_ET0_T_S4_S3_
                0x0000828c       0x30 ./Sources/Analog.o
                0x0000828c                long* std::copy<std::move_iterator<long*>, long*>(std::move_iterator<long*>, std::move_iterator<long*>, long*)
 .text._ZSt12__miter_baseISt13move_iteratorIPlEENSt11_Miter_baseIT_E13iterator_typeES4_
                0x000082bc       0x18 ./Sources/Analog.o
                0x000082bc                std::_Miter_base<std::move_iterator<long*> >::iterator_type std::__miter_base<std::move_iterator<long*> >(std::move_iterator<long*>)
 .text._ZSt14__copy_move_a2ILb1EPlS0_ET1_T0_S2_S1_
                0x000082d4       0x38 ./Sources/Analog.o
                0x000082d4                long* std::__copy_move_a2<true, long*, long*>(long*, long*, long*)
 .text._ZNSt10_Iter_baseISt13move_iteratorIPlELb1EE7_S_baseES2_
                0x0000830c       0x1c ./Sources/Analog.o
                0x0000830c                std::_Iter_base<std::move_iterator<long*>, true>::_S_base(std::move_iterator<long*>)
 .text._ZSt12__niter_baseIPlENSt11_Niter_baseIT_E13iterator_typeES2_
                0x00008328       0x18 ./Sources/Analog.o
                0x00008328                std::_Niter_base<long*>::iterator_type std::__niter_base<long*>(long*)
 .text._ZSt13__copy_move_aILb1EPlS0_ET1_T0_S2_S1_
                0x00008340       0x24 ./Sources/Analog.o
                0x00008340                long* std::__copy_move_a<true, long*, long*>(long*, long*, long*)
 .text._ZNKSt13move_iteratorIPlE4baseEv
                0x00008364       0x18 ./Sources/Analog.o
                0x00008364                std::move_iterator<long*>::base() const
 .text._ZNSt10_Iter_baseIPlLb0EE7_S_baseES0_
                0x0000837c       0x18 ./Sources/Analog.o
                0x0000837c                std::_Iter_base<long*, false>::_S_base(long*)
 .text._ZNSt11__copy_moveILb1ELb1ESt26random_access_iterator_tagE8__copy_mIlEEPT_PKS3_S6_S4_
                0x00008394       0x3c ./Sources/Analog.o
                0x00008394                long* std::__copy_move<true, true, std::random_access_iterator_tag>::__copy_m<long>(long const*, long const*, long*)
 .text._Z41__static_initialization_and_destruction_0ii
                0x000083d0       0x3c ./Sources/Analog.o
 .text._ZNSt6vectorIlSaIlEED2Ev
                0x0000840c       0x38 ./Sources/Analog.o
                0x0000840c                std::vector<long, std::allocator<long> >::~vector()
                0x0000840c                std::vector<long, std::allocator<long> >::~vector()
 .text._GLOBAL__sub_I__ZN6Analog8Analog_t13inputSinusoidE
                0x00008444       0x10 ./Sources/Analog.o
 .text._ZN8criticalC2Ev
                0x00008454       0x18 ./Sources/FIFO.o
                0x00008454                critical::critical()
                0x00008454                critical::critical()
 .text._ZN8criticalD2Ev
                0x0000846c       0x18 ./Sources/FIFO.o
                0x0000846c                critical::~critical()
                0x0000846c                critical::~critical()
 .text._ZN5TFIFOC2Ev
                0x00008484       0x30 ./Sources/FIFO.o
                0x00008484                TFIFO::TFIFO()
                0x00008484                TFIFO::TFIFO()
 .text._ZN5TFIFO3PutEh
                0x000084b4       0x74 ./Sources/FIFO.o
                0x000084b4                TFIFO::Put(unsigned char)
 .text._ZN5TFIFO3GetERh
                0x00008528       0x74 ./Sources/FIFO.o
                0x00008528                TFIFO::Get(unsigned char&)
 .text._ZN8FixPoint13GetVoltageRMSEv
                0x0000859c       0xcc ./Sources/FixPoint32.o
                0x0000859c                FixPoint::GetVoltageRMS()
 .text._ZSt4moveIRmEONSt16remove_referenceIT_E4typeEOS2_
                0x00008668       0x18 ./Sources/FixPoint32.o
                0x00008668                std::remove_reference<unsigned long&>::type&& std::move<unsigned long&>(unsigned long&)
 .text._ZN8FixPoint13GetCurrentRMSEv
                0x00008680       0x50 ./Sources/FixPoint32.o
                0x00008680                FixPoint::GetCurrentRMS()
 .text._ZN8FixPoint10SquareRootERm
                0x000086d0       0xb8 ./Sources/FixPoint32.o
                0x000086d0                FixPoint::SquareRoot(unsigned long&)
 .text._ZN8FixPoint3ExpERKmh
                0x00008788       0x48 ./Sources/FixPoint32.o
                0x00008788                FixPoint::Exp(unsigned long const&, unsigned char)
 .text._ZNSt6vectorIlSaIlEE5beginEv
                0x000087d0       0x20 ./Sources/FixPoint32.o
                0x000087d0                std::vector<long, std::allocator<long> >::begin()
 .text._ZNSt6vectorIlSaIlEE3endEv
                0x000087f0       0x24 ./Sources/FixPoint32.o
                0x000087f0                std::vector<long, std::allocator<long> >::end()
 .text._ZN9__gnu_cxxneIPlSt6vectorIlSaIlEEEEbRKNS_17__normal_iteratorIT_T0_EESA_
                0x00008814       0x30 ./Sources/FixPoint32.o
                0x00008814                bool __gnu_cxx::operator!=<long*, std::vector<long, std::allocator<long> > >(__gnu_cxx::__normal_iterator<long*, std::vector<long, std::allocator<long> > > const&, __gnu_cxx::__normal_iterator<long*, std::vector<long, std::allocator<long> > > const&)
 .text._ZN9__gnu_cxx17__normal_iteratorIPlSt6vectorIlSaIlEEEppEv
                0x00008844       0x20 ./Sources/FixPoint32.o
                0x00008844                __gnu_cxx::__normal_iterator<long*, std::vector<long, std::allocator<long> > >::operator++()
 .text._ZNK9__gnu_cxx17__normal_iteratorIPlSt6vectorIlSaIlEEEdeEv
                0x00008864       0x18 ./Sources/FixPoint32.o
                0x00008864                __gnu_cxx::__normal_iterator<long*, std::vector<long, std::allocator<long> > >::operator*() const
 .text._ZNSt6vectorIlSaIlEE5clearEv
                0x0000887c       0x1c ./Sources/FixPoint32.o
                0x0000887c                std::vector<long, std::allocator<long> >::clear()
 .text._ZN9__gnu_cxx17__normal_iteratorIPlSt6vectorIlSaIlEEEC2ERKS1_
                0x00008898       0x20 ./Sources/FixPoint32.o
                0x00008898                __gnu_cxx::__normal_iterator<long*, std::vector<long, std::allocator<long> > >::__normal_iterator(long* const&)
                0x00008898                __gnu_cxx::__normal_iterator<long*, std::vector<long, std::allocator<long> > >::__normal_iterator(long* const&)
 .text._ZNK9__gnu_cxx17__normal_iteratorIPlSt6vectorIlSaIlEEE4baseEv
                0x000088b8       0x18 ./Sources/FixPoint32.o
                0x000088b8                __gnu_cxx::__normal_iterator<long*, std::vector<long, std::allocator<long> > >::base() const
 .text._ZNSt6vectorIlSaIlEE15_M_erase_at_endEPl
                0x000088d0       0x30 ./Sources/FixPoint32.o
                0x000088d0                std::vector<long, std::allocator<long> >::_M_erase_at_end(long*)
 .text._ZL17FlashAllocateBytePPVv
                0x00008900       0x6c ./Sources/Flash.o
 .text._ZL21FlashAllocateHalfWordPPVv
                0x0000896c       0xa0 ./Sources/Flash.o
 .text._ZN5Flash11AllocateVarEPPVvRKh
                0x00008a0c       0x3c ./Sources/Flash.o
                0x00008a0c                Flash::AllocateVar(void volatile**, unsigned char const&)
 .text._ZN5Flash7Write32EPVmRKm
                0x00008a48       0x64 ./Sources/Flash.o
                0x00008a48                Flash::Write32(unsigned long volatile*, unsigned long const&)
 .text._ZN5Flash7Write16EPVtRKt
                0x00008aac       0x60 ./Sources/Flash.o
                0x00008aac                Flash::Write16(unsigned short volatile*, unsigned short const&)
 .text._ZN5Flash6Write8EPVhRKh
                0x00008b0c       0x60 ./Sources/Flash.o
                0x00008b0c                Flash::Write8(unsigned char volatile*, unsigned char const&)
 .text._ZN6TFCCOB13LaunchCommandEv
                0x00008b6c       0xd8 ./Sources/Flash.o
                0x00008b6c                TFCCOB::LaunchCommand()
 .text._ZN6TFCCOB11WritePhraseERKmRK13uint64union_t
                0x00008c44       0xa8 ./Sources/Flash.o
                0x00008c44                TFCCOB::WritePhrase(unsigned long const&, uint64union_t const&)
 .text._ZN6TFCCOB11EraseSectorERKm
                0x00008cec       0x40 ./Sources/Flash.o
                0x00008cec                TFCCOB::EraseSector(unsigned long const&)
 .text._ZN5FlashC2Ev
                0x00008d2c       0x60 ./Sources/IDMT.o
                0x00008d2c                Flash::Flash()
                0x00008d2c                Flash::Flash()
 .text._ZN4IDMT6IDMT_tC2Ev
                0x00008d8c       0x58 ./Sources/IDMT.o
                0x00008d8c                IDMT::IDMT_t::IDMT_t()
                0x00008d8c                IDMT::IDMT_t::IDMT_t()
 .text._ZN4IDMT6IDMT_t3SetEh
                0x00008de4       0x40 ./Sources/IDMT.o
                0x00008de4                IDMT::IDMT_t::Set(unsigned char)
 .text._ZN4IDMT6IDMT_t10GetSettingERh
                0x00008e24       0x30 ./Sources/IDMT.o
                0x00008e24                IDMT::IDMT_t::GetSetting(unsigned char&)
 .text._ZSt4moveIRtEONSt16remove_referenceIT_E4typeEOS2_
                0x00008e54       0x18 ./Sources/IDMT.o
                0x00008e54                std::remove_reference<unsigned short&>::type&& std::move<unsigned short&>(unsigned short&)
 .text._ZN4IDMT6IDMT_t10GetCurrentEv
                0x00008e6c       0x48 ./Sources/IDMT.o
                0x00008e6c                IDMT::IDMT_t::GetCurrent()
 .text._ZN4IDMT6IDMT_t7InverseEv
                0x00008eb4       0x88 ./Sources/IDMT.o
                0x00008eb4                IDMT::IDMT_t::Inverse()
 .text._ZN4IDMT6IDMT_t11VeryInverseEv
                0x00008f3c       0x60 ./Sources/IDMT.o
                0x00008f3c                IDMT::IDMT_t::VeryInverse()
 .text._ZN4IDMT6IDMT_t16ExtremelyInverseEv
                0x00008f9c       0x84 ./Sources/IDMT.o
                0x00008f9c                IDMT::IDMT_t::ExtremelyInverse()
 .text._ZN4IDMT6IDMT_t11GetTripTimeERt
                0x00009020       0x54 ./Sources/IDMT.o
                0x00009020                IDMT::IDMT_t::GetTripTime(unsigned short&)
 .text._ZN4IDMT6IDMT_t9GetNbTripERt
                0x00009074       0x24 ./Sources/IDMT.o
                0x00009074                IDMT::IDMT_t::GetNbTrip(unsigned short&)
 .text._Z41__static_initialization_and_destruction_0ii
                0x00009098       0x2c ./Sources/IDMT.o
 .text._GLOBAL__sub_I__ZN4IDMT6IDMT_t7settingE
                0x000090c4       0x10 ./Sources/IDMT.o
 .text._ZN5LED_t4InitEv
                0x000090d4       0xa8 ./Sources/LEDs.o
                0x000090d4                LED_t::Init()
 .text._ZN5LED_t5ColorENS_4TLEDE
                0x0000917c       0x1c ./Sources/LEDs.o
                0x0000917c                LED_t::Color(LED_t::TLED)
 .text._ZNK5LED_t2OnEv
                0x00009198       0x20 ./Sources/LEDs.o
                0x00009198                LED_t::On() const
 .text._ZNK5LED_t3OffEv
                0x000091b8       0x20 ./Sources/LEDs.o
                0x000091b8                LED_t::Off() const
 .text._ZN3PIT5PIT_t4InitEv
                0x000091d8       0x8c ./Sources/PIT.o
                0x000091d8                PIT::PIT_t::Init()
 *fill*         0x00009264        0x4 
 .text._ZN3PIT5PIT_t3SetERKmb
                0x00009268      0x150 ./Sources/PIT.o
                0x00009268                PIT::PIT_t::Set(unsigned long const&, bool)
 .text._ZN3PIT5PIT_t6EnableEb
                0x000093b8       0x44 ./Sources/PIT.o
                0x000093b8                PIT::PIT_t::Enable(bool)
 .text._ZN3PIT5PIT_tC2Em
                0x000093fc       0x20 ./Sources/PIT.o
                0x000093fc                PIT::PIT_t::PIT_t(unsigned long)
                0x000093fc                PIT::PIT_t::PIT_t(unsigned long)
 .text._ZN8Packet_t9PacketGetEv
                0x0000941c       0xd0 ./Sources/Packet.o
                0x0000941c                Packet_t::PacketGet()
 .text._ZN8Packet_t9PacketPutEhhhh
                0x000094ec      0x100 ./Sources/Packet.o
                0x000094ec                Packet_t::PacketPut(unsigned char, unsigned char, unsigned char, unsigned char)
 .text._ZN8Packet_t12SwitchPacketEv
                0x000095ec       0x34 ./Sources/Packet.o
                0x000095ec                Packet_t::SwitchPacket()
 .text._ZN8Packet_t12MakeChecksumEv
                0x00009620       0x30 ./Sources/Packet.o
                0x00009620                Packet_t::MakeChecksum()
 .text._Z41__static_initialization_and_destruction_0ii
                0x00009650       0x34 ./Sources/Packet.o
 .text._GLOBAL__sub_I__ZN8Packet_t9PacketGetEv
                0x00009684       0x10 ./Sources/Packet.o
 .text._ZN2OSC2Ev
                0x00009694       0x18 ./Sources/UART.o
                0x00009694                OS::OS()
                0x00009694                OS::OS()
 .text._ZN2OSD2Ev
                0x000096ac       0x18 ./Sources/UART.o
                0x000096ac                OS::~OS()
                0x000096ac                OS::~OS()
 .text._ZL11GetFractionRKmS0_
                0x000096c4       0x88 ./Sources/UART.o
 .text._ZNK6UART_t4InitEv
                0x0000974c       0xf8 ./Sources/UART.o
                0x0000974c                UART_t::Init() const
 .text._ZN6UART_t6InCharERh
                0x00009844       0x20 ./Sources/UART.o
                0x00009844                UART_t::InChar(unsigned char&)
 .text._ZN6UART_t7OutCharEh
                0x00009864       0x24 ./Sources/UART.o
                0x00009864                UART_t::OutChar(unsigned char)
 .text._Z8UART_ISRv
                0x00009888       0xc8 ./Sources/UART.o
                0x00009888                UART_ISR()
 .text._Z41__static_initialization_and_destruction_0ii
                0x00009950       0x34 ./Sources/UART.o
 .text._GLOBAL__sub_I__ZNK6UART_t4InitEv
                0x00009984       0x10 ./Sources/UART.o
 .text._ZN6UART_tC2Emm
                0x00009994       0x68 ./Sources/main.o
                0x00009994                UART_t::UART_t(unsigned long, unsigned long)
                0x00009994                UART_t::UART_t(unsigned long, unsigned long)
 .text._ZL8RxThreadPv
                0x000099fc       0x30 ./Sources/main.o
 .text._ZL8TxThreadPv
                0x00009a2c       0x68 ./Sources/main.o
 .text._ZN8Packet_tC2Emm
                0x00009a94       0x24 ./Sources/main.o
                0x00009a94                Packet_t::Packet_t(unsigned long, unsigned long)
                0x00009a94                Packet_t::Packet_t(unsigned long, unsigned long)
 .text._ZN6UART_tC2Ev
                0x00009ab8       0x18 ./Sources/main.o
                0x00009ab8                UART_t::UART_t()
                0x00009ab8                UART_t::UART_t()
 .text._ZN8Packet_tC2Ev
                0x00009ad0       0x1c ./Sources/main.o
                0x00009ad0                Packet_t::Packet_t()
                0x00009ad0                Packet_t::Packet_t()
 .text._ZN5LED_tC2Ev
                0x00009aec       0x2c ./Sources/main.o
                0x00009aec                LED_t::LED_t()
                0x00009aec                LED_t::LED_t()
 .text._ZN12HandlePacketC2EPFvPvES0_h
                0x00009b18       0x38 ./Sources/main.o
                0x00009b18                HandlePacket::HandlePacket(void (*)(void*), void*, unsigned char)
                0x00009b18                HandlePacket::HandlePacket(void (*)(void*), void*, unsigned char)
 .text._ZN12HandlePacket19HandleCommandPacketER8Packet_t
                0x00009b50       0x54 ./Sources/main.o
                0x00009b50                HandlePacket::HandleCommandPacket(Packet_t&)
 .text._ZN12HandlePacket19HandleNbTimeTrippedER8Packet_t
                0x00009ba4       0x30 ./Sources/main.o
                0x00009ba4                HandlePacket::HandleNbTimeTripped(Packet_t&)
 .text._ZN12HandlePacket24HandleIDMTCharacteristicER8Packet_t
                0x00009bd4       0x58 ./Sources/main.o
                0x00009bd4                HandlePacket::HandleIDMTCharacteristic(Packet_t&)
 .text._ZN12HandlePacket13HandleCurrentER8Packet_t
                0x00009c2c       0x28 ./Sources/main.o
                0x00009c2c                HandlePacket::HandleCurrent(Packet_t&)
 .text._ZL17InitModulesThreadPv
                0x00009c54       0x88 ./Sources/main.o
 .text._ZL18OutputSignalThreadPv
                0x00009cdc       0x84 ./Sources/main.o
 .text._ZN3PIT3ISREv
                0x00009d60       0x80 ./Sources/main.o
                0x00009d60                PIT::ISR()
 .text._Z20AnalogLoopbackThreadPv
                0x00009de0      0x164 ./Sources/main.o
                0x00009de0                AnalogLoopbackThread(void*)
 .text._ZL18HandlePacketThreadPv
                0x00009f44       0x30 ./Sources/main.o
 .text.main     0x00009f74       0xc4 ./Sources/main.o
                0x00009f74                main
 .text._Z41__static_initialization_and_destruction_0ii
                0x0000a038       0x40 ./Sources/main.o
 .text._GLOBAL__sub_I_Idmt
                0x0000a078       0x10 ./Sources/main.o
 .text.__copy_rom_section
                0x0000a088       0xe4 ./Project_Settings/Startup_Code/startup.o
                0x0000a088                __copy_rom_section
 .text.__copy_rom_sections_to_ram
                0x0000a16c       0x9c ./Project_Settings/Startup_Code/startup.o
                0x0000a16c                __copy_rom_sections_to_ram
 .text.__init_registers
                0x0000a208       0x20 ./Project_Settings/Startup_Code/startup.o
                0x0000a208                __init_registers
 .text.__init_user
                0x0000a228        0xc ./Project_Settings/Startup_Code/startup.o
                0x0000a228                __init_user
 .text.__thumb_startup
                0x0000a234       0x34 ./Project_Settings/Startup_Code/startup.o
                0x0000a234                __thumb_startup
 .text.Cpu_Interrupt
                0x0000a268       0x18 ./Generated_Code/Cpu.o
                0x0000a268                Cpu_Interrupt
 .text.__init_hardware
                0x0000a280      0x1cc ./Generated_Code/Cpu.o
                0x0000a280                __init_hardware
 .text.Cpu_SetBASEPRI
                0x0000a44c       0x18 ./Generated_Code/Cpu.o
                0x0000a44c                Cpu_SetBASEPRI
 .text.PE_low_level_init
                0x0000a464       0xe4 ./Generated_Code/Cpu.o
                0x0000a464                PE_low_level_init
 .text._Z41__static_initialization_and_destruction_0ii
                0x0000a548       0x34 ./Generated_Code/Vectors.o
 .text._GLOBAL__sub_I___vect_table
                0x0000a57c       0x10 ./Generated_Code/Vectors.o
 .text.OS_Init  0x0000a58c      0x110 C:\Users\12199434\My Local Data\08\2019_Autumn_Project-master\Library\libOS.a(OS.o)
                0x0000a58c                OS_Init
 .text.OS_ISREnter
                0x0000a69c       0x20 C:\Users\12199434\My Local Data\08\2019_Autumn_Project-master\Library\libOS.a(OS.o)
                0x0000a69c                OS_ISREnter
 .text.OS_ISRExit
                0x0000a6bc       0x1c C:\Users\12199434\My Local Data\08\2019_Autumn_Project-master\Library\libOS.a(OS.o)
                0x0000a6bc                OS_ISRExit
 .text.OS_SemaphoreCreate
                0x0000a6d8       0x90 C:\Users\12199434\My Local Data\08\2019_Autumn_Project-master\Library\libOS.a(OS.o)
                0x0000a6d8                OS_SemaphoreCreate
 .text.OS_SemaphoreSignal
                0x0000a768       0x44 C:\Users\12199434\My Local Data\08\2019_Autumn_Project-master\Library\libOS.a(OS.o)
                0x0000a768                OS_SemaphoreSignal
 .text.OS_SemaphoreWait
                0x0000a7ac       0x58 C:\Users\12199434\My Local Data\08\2019_Autumn_Project-master\Library\libOS.a(OS.o)
                0x0000a7ac                OS_SemaphoreWait
 .text.OS_Start
                0x0000a804       0x10 C:\Users\12199434\My Local Data\08\2019_Autumn_Project-master\Library\libOS.a(OS.o)
                0x0000a804                OS_Start
 .text.OS_ThreadCreate
                0x0000a814      0x160 C:\Users\12199434\My Local Data\08\2019_Autumn_Project-master\Library\libOS.a(OS.o)
                0x0000a814                OS_ThreadCreate
 .text.OS_ThreadDelete
                0x0000a974      0x18c C:\Users\12199434\My Local Data\08\2019_Autumn_Project-master\Library\libOS.a(OS.o)
                0x0000a974                OS_ThreadDelete
 .text.EventThreadReady
                0x0000ab00       0x68 C:\Users\12199434\My Local Data\08\2019_Autumn_Project-master\Library\libOS.a(OS.o)
 .text.EventThreadWait
                0x0000ab68       0x64 C:\Users\12199434\My Local Data\08\2019_Autumn_Project-master\Library\libOS.a(OS.o)
 .text.EventTimeout
                0x0000abcc       0x40 C:\Users\12199434\My Local Data\08\2019_Autumn_Project-master\Library\libOS.a(OS.o)
 .text.Idle     0x0000ac0c       0x18 C:\Users\12199434\My Local Data\08\2019_Autumn_Project-master\Library\libOS.a(OS.o)
 .text.FindFirstSet
                0x0000ac24       0x44 C:\Users\12199434\My Local Data\08\2019_Autumn_Project-master\Library\libOS.a(OS.o)
 .text.Schedule
                0x0000ac68       0x64 C:\Users\12199434\My Local Data\08\2019_Autumn_Project-master\Library\libOS.a(OS.o)
 .text.TCBInit  0x0000accc       0xcc C:\Users\12199434\My Local Data\08\2019_Autumn_Project-master\Library\libOS.a(OS.o)
 .text.TimeTick
                0x0000ad98       0x74 C:\Users\12199434\My Local Data\08\2019_Autumn_Project-master\Library\libOS.a(OS.o)
 *fill*         0x0000ae0c        0x4 
 .text.OS_ContextSwitchISR
                0x0000ae10       0x70 C:\Users\12199434\My Local Data\08\2019_Autumn_Project-master\Library\libOS.a(OS.o)
                0x0000ae10                OS_ContextSwitchISR
 .text.OS_SysTickISR
                0x0000ae80       0x5c C:\Users\12199434\My Local Data\08\2019_Autumn_Project-master\Library\libOS.a(OS.o)
                0x0000ae80                OS_SysTickISR
 .text.DACWrite
                0x0000aedc       0x6c C:\Users\12199434\My Local Data\08\2019_Autumn_Project-master\Library\libAnalog.a(analog.o)
 .text.Analog_Init
                0x0000af48      0x100 C:\Users\12199434\My Local Data\08\2019_Autumn_Project-master\Library\libAnalog.a(analog.o)
                0x0000af48                Analog_Init
 .text.Analog_Get
                0x0000b048       0x78 C:\Users\12199434\My Local Data\08\2019_Autumn_Project-master\Library\libAnalog.a(analog.o)
                0x0000b048                Analog_Get
 .text.Analog_Put
                0x0000b0c0       0x50 C:\Users\12199434\My Local Data\08\2019_Autumn_Project-master\Library\libAnalog.a(analog.o)
                0x0000b0c0                Analog_Put
 .text.InitChipSelectPins
                0x0000b110       0x6c C:\Users\12199434\My Local Data\08\2019_Autumn_Project-master\Library\libAnalog.a(SPI.o)
 .text.SetupModuleConfigurationRegister
                0x0000b17c      0x104 C:\Users\12199434\My Local Data\08\2019_Autumn_Project-master\Library\libAnalog.a(SPI.o)
 .text.SetBaudRate
                0x0000b280      0x15c C:\Users\12199434\My Local Data\08\2019_Autumn_Project-master\Library\libAnalog.a(SPI.o)
 .text.SetDelayAfterTransfer
                0x0000b3dc      0x168 C:\Users\12199434\My Local Data\08\2019_Autumn_Project-master\Library\libAnalog.a(SPI.o)
 .text.SetupClockAndTransferAttributesRegister
                0x0000b544      0x16c C:\Users\12199434\My Local Data\08\2019_Autumn_Project-master\Library\libAnalog.a(SPI.o)
 .text.SPI_Init
                0x0000b6b0       0x90 C:\Users\12199434\My Local Data\08\2019_Autumn_Project-master\Library\libAnalog.a(SPI.o)
                0x0000b6b0                SPI_Init
 .text.SPI_SelectSlaveDevice
                0x0000b740       0x6c C:\Users\12199434\My Local Data\08\2019_Autumn_Project-master\Library\libAnalog.a(SPI.o)
                0x0000b740                SPI_SelectSlaveDevice
 .text.SPI_Exchange
                0x0000b7ac       0x94 C:\Users\12199434\My Local Data\08\2019_Autumn_Project-master\Library\libAnalog.a(SPI.o)
                0x0000b7ac                SPI_Exchange
 .text.__cxa_end_cleanup
                0x0000b840        0xc c:/software/freescale/kds_3.0.0/toolchain/bin/../lib/gcc/arm-none-eabi/4.8.4/../../../../arm-none-eabi/lib/armv7e-m/fpu\libstdc++_s.a(eh_arm.o)
                0x0000b840                __cxa_end_cleanup
 .text._ZN10__cxxabiv1L24__is_gxx_exception_classEPc
                0x0000b84c       0x3a c:/software/freescale/kds_3.0.0/toolchain/bin/../lib/gcc/arm-none-eabi/4.8.4/../../../../arm-none-eabi/lib/armv7e-m/fpu\libstdc++_s.a(eh_arm.o)
 *fill*         0x0000b886        0x2 
 .text.__cxa_type_match
                0x0000b888       0xbc c:/software/freescale/kds_3.0.0/toolchain/bin/../lib/gcc/arm-none-eabi/4.8.4/../../../../arm-none-eabi/lib/armv7e-m/fpu\libstdc++_s.a(eh_arm.o)
                0x0000b888                __cxa_type_match
 .text.__cxa_begin_cleanup
                0x0000b944       0x3a c:/software/freescale/kds_3.0.0/toolchain/bin/../lib/gcc/arm-none-eabi/4.8.4/../../../../arm-none-eabi/lib/armv7e-m/fpu\libstdc++_s.a(eh_arm.o)
                0x0000b944                __cxa_begin_cleanup
 .text.__gnu_end_cleanup
                0x0000b97e       0x32 c:/software/freescale/kds_3.0.0/toolchain/bin/../lib/gcc/arm-none-eabi/4.8.4/../../../../arm-none-eabi/lib/armv7e-m/fpu\libstdc++_s.a(eh_arm.o)
                0x0000b97e                __gnu_end_cleanup
 .text._ZN10__cxxabiv111__terminateEPFvvE
                0x0000b9b0        0x8 c:/software/freescale/kds_3.0.0/toolchain/bin/../lib/gcc/arm-none-eabi/4.8.4/../../../../arm-none-eabi/lib/armv7e-m/fpu\libstdc++_s.a(eh_terminate.o)
                0x0000b9b0                __cxxabiv1::__terminate(void (*)())
 .text._ZSt9terminatev
                0x0000b9b8       0x10 c:/software/freescale/kds_3.0.0/toolchain/bin/../lib/gcc/arm-none-eabi/4.8.4/../../../../arm-none-eabi/lib/armv7e-m/fpu\libstdc++_s.a(eh_terminate.o)
                0x0000b9b8                std::terminate()
 .text._ZN10__cxxabiv112__unexpectedEPFvvE
                0x0000b9c8        0x8 c:/software/freescale/kds_3.0.0/toolchain/bin/../lib/gcc/arm-none-eabi/4.8.4/../../../../arm-none-eabi/lib/armv7e-m/fpu\libstdc++_s.a(eh_terminate.o)
                0x0000b9c8                __cxxabiv1::__unexpected(void (*)())
 .text._ZSt10unexpectedv
                0x0000b9d0       0x10 c:/software/freescale/kds_3.0.0/toolchain/bin/../lib/gcc/arm-none-eabi/4.8.4/../../../../arm-none-eabi/lib/armv7e-m/fpu\libstdc++_s.a(eh_terminate.o)
                0x0000b9d0                std::unexpected()
 .text._ZN10__cxxabiv1L24__is_gxx_exception_classEPc
                0x0000b9e0       0x3a c:/software/freescale/kds_3.0.0/toolchain/bin/../lib/gcc/arm-none-eabi/4.8.4/../../../../arm-none-eabi/lib/armv7e-m/fpu\libstdc++_s.a(eh_catch.o)
 .text.__cxa_begin_catch
                0x0000ba1a       0x52 c:/software/freescale/kds_3.0.0/toolchain/bin/../lib/gcc/arm-none-eabi/4.8.4/../../../../arm-none-eabi/lib/armv7e-m/fpu\libstdc++_s.a(eh_catch.o)
                0x0000ba1a                __cxa_begin_catch
 .text.__cxa_end_catch
                0x0000ba6c       0x4a c:/software/freescale/kds_3.0.0/toolchain/bin/../lib/gcc/arm-none-eabi/4.8.4/../../../../arm-none-eabi/lib/armv7e-m/fpu\libstdc++_s.a(eh_catch.o)
                0x0000ba6c                __cxa_end_catch
 *fill*         0x0000bab6        0x2 
 .text._Znwj    0x0000bab8       0x28 c:/software/freescale/kds_3.0.0/toolchain/bin/../lib/gcc/arm-none-eabi/4.8.4/../../../../arm-none-eabi/lib/armv7e-m/fpu\libstdc++_s.a(new_op.o)
                0x0000bab8                operator new(unsigned int)
 .text._ZdlPv   0x0000bae0        0x8 c:/software/freescale/kds_3.0.0/toolchain/bin/../lib/gcc/arm-none-eabi/4.8.4/../../../../arm-none-eabi/lib/armv7e-m/fpu\libstdc++_s.a(del_op.o)
                0x0000bae0                operator delete(void*)
 .text.__cxa_rethrow
                0x0000bae8       0x70 c:/software/freescale/kds_3.0.0/toolchain/bin/../lib/gcc/arm-none-eabi/4.8.4/../../../../arm-none-eabi/lib/armv7e-m/fpu\libstdc++_s.a(eh_throw.o)
                0x0000bae8                __cxa_rethrow
 .text.__cxa_guard_acquire
                0x0000bb58       0x1c c:/software/freescale/kds_3.0.0/toolchain/bin/../lib/gcc/arm-none-eabi/4.8.4/../../../../arm-none-eabi/lib/armv7e-m/fpu\libstdc++_s.a(guard.o)
                0x0000bb58                __cxa_guard_acquire
 .text.__cxa_guard_abort
                0x0000bb74        0x6 c:/software/freescale/kds_3.0.0/toolchain/bin/../lib/gcc/arm-none-eabi/4.8.4/../../../../arm-none-eabi/lib/armv7e-m/fpu\libstdc++_s.a(guard.o)
                0x0000bb74                __cxa_guard_abort
 .text.__cxa_guard_release
                0x0000bb7a        0x6 c:/software/freescale/kds_3.0.0/toolchain/bin/../lib/gcc/arm-none-eabi/4.8.4/../../../../arm-none-eabi/lib/armv7e-m/fpu\libstdc++_s.a(guard.o)
                0x0000bb7a                __cxa_guard_release
 .text._ZL12read_uleb128PKhPm
                0x0000bb80       0x20 c:/software/freescale/kds_3.0.0/toolchain/bin/../lib/gcc/arm-none-eabi/4.8.4/../../../../arm-none-eabi/lib/armv7e-m/fpu\libstdc++_s.a(eh_personality.o)
 .text._ZL12read_sleb128PKhPl
                0x0000bba0       0x30 c:/software/freescale/kds_3.0.0/toolchain/bin/../lib/gcc/arm-none-eabi/4.8.4/../../../../arm-none-eabi/lib/armv7e-m/fpu\libstdc++_s.a(eh_personality.o)
 .text._ZL28read_encoded_value_with_basehjPKhPj
                0x0000bbd0       0x8e c:/software/freescale/kds_3.0.0/toolchain/bin/../lib/gcc/arm-none-eabi/4.8.4/../../../../arm-none-eabi/lib/armv7e-m/fpu\libstdc++_s.a(eh_personality.o)
 .text._ZL21base_of_encoded_valuehP15_Unwind_Context
                0x0000bc5e       0x48 c:/software/freescale/kds_3.0.0/toolchain/bin/../lib/gcc/arm-none-eabi/4.8.4/../../../../arm-none-eabi/lib/armv7e-m/fpu\libstdc++_s.a(eh_personality.o)
 .text._ZL18read_encoded_valueP15_Unwind_ContexthPKhPj
                0x0000bca6       0x24 c:/software/freescale/kds_3.0.0/toolchain/bin/../lib/gcc/arm-none-eabi/4.8.4/../../../../arm-none-eabi/lib/armv7e-m/fpu\libstdc++_s.a(eh_personality.o)
 .text._ZL17parse_lsda_headerP15_Unwind_ContextPKhP16lsda_header_info
                0x0000bcca       0x60 c:/software/freescale/kds_3.0.0/toolchain/bin/../lib/gcc/arm-none-eabi/4.8.4/../../../../arm-none-eabi/lib/armv7e-m/fpu\libstdc++_s.a(eh_personality.o)
 .text._Unwind_GetGR
                0x0000bd2a       0x18 c:/software/freescale/kds_3.0.0/toolchain/bin/../lib/gcc/arm-none-eabi/4.8.4/../../../../arm-none-eabi/lib/armv7e-m/fpu\libstdc++_s.a(eh_personality.o)
 *fill*         0x0000bd42        0x2 
 .text.__gxx_personality_v0
                0x0000bd44      0x344 c:/software/freescale/kds_3.0.0/toolchain/bin/../lib/gcc/arm-none-eabi/4.8.4/../../../../arm-none-eabi/lib/armv7e-m/fpu\libstdc++_s.a(eh_personality.o)
                0x0000bd44                __gxx_personality_v0
 .text.__cxa_get_globals_fast
                0x0000c088        0x8 c:/software/freescale/kds_3.0.0/toolchain/bin/../lib/gcc/arm-none-eabi/4.8.4/../../../../arm-none-eabi/lib/armv7e-m/fpu\libstdc++_s.a(eh_globals.o)
                0x0000c088                __cxa_get_globals_fast
 .text.__cxa_get_globals
                0x0000c090        0x8 c:/software/freescale/kds_3.0.0/toolchain/bin/../lib/gcc/arm-none-eabi/4.8.4/../../../../arm-none-eabi/lib/armv7e-m/fpu\libstdc++_s.a(eh_globals.o)
                0x0000c090                __cxa_get_globals
 .text.__aeabi_atexit
                0x0000c098        0xa c:/software/freescale/kds_3.0.0/toolchain/bin/../lib/gcc/arm-none-eabi/4.8.4/../../../../arm-none-eabi/lib/armv7e-m/fpu\libstdc++_s.a(atexit_arm.o)
                0x0000c098                __aeabi_atexit
 *fill*         0x0000c0a2        0x2 
 .text._ZN9__gnu_cxx27__verbose_terminate_handlerEv
                0x0000c0a4       0x98 c:/software/freescale/kds_3.0.0/toolchain/bin/../lib/gcc/arm-none-eabi/4.8.4/../../../../arm-none-eabi/lib/armv7e-m/fpu\libstdc++_s.a(vterminate.o)
                0x0000c0a4                __gnu_cxx::__verbose_terminate_handler()
 .text.__cxa_current_exception_type
                0x0000c13c       0x1a c:/software/freescale/kds_3.0.0/toolchain/bin/../lib/gcc/arm-none-eabi/4.8.4/../../../../arm-none-eabi/lib/armv7e-m/fpu\libstdc++_s.a(eh_type.o)
                0x0000c13c                __cxa_current_exception_type
 .text._ZN10__cxxabiv1L24__is_gxx_exception_classEPc
                0x0000c156       0x3a c:/software/freescale/kds_3.0.0/toolchain/bin/../lib/gcc/arm-none-eabi/4.8.4/../../../../arm-none-eabi/lib/armv7e-m/fpu\libstdc++_s.a(eh_call.o)
 .text.__cxa_call_terminate
                0x0000c190       0x1e c:/software/freescale/kds_3.0.0/toolchain/bin/../lib/gcc/arm-none-eabi/4.8.4/../../../../arm-none-eabi/lib/armv7e-m/fpu\libstdc++_s.a(eh_call.o)
                0x0000c190                __cxa_call_terminate
 .text.__cxa_call_unexpected
                0x0000c1ae       0x28 c:/software/freescale/kds_3.0.0/toolchain/bin/../lib/gcc/arm-none-eabi/4.8.4/../../../../arm-none-eabi/lib/armv7e-m/fpu\libstdc++_s.a(eh_call.o)
                0x0000c1ae                __cxa_call_unexpected
 .text._ZSt17__throw_bad_allocv
                0x0000c1d6        0x6 c:/software/freescale/kds_3.0.0/toolchain/bin/../lib/gcc/arm-none-eabi/4.8.4/../../../../arm-none-eabi/lib/armv7e-m/fpu\libstdc++_s.a(functexcept.o)
                0x0000c1d6                std::__throw_bad_alloc()
 .text._ZSt20__throw_length_errorPKc
                0x0000c1dc        0x6 c:/software/freescale/kds_3.0.0/toolchain/bin/../lib/gcc/arm-none-eabi/4.8.4/../../../../arm-none-eabi/lib/armv7e-m/fpu\libstdc++_s.a(functexcept.o)
                0x0000c1dc                std::__throw_length_error(char const*)
 .text._ZNK10__cxxabiv117__class_type_info11__do_upcastEPKS0_PPv
                0x0000c1e2       0x34 c:/software/freescale/kds_3.0.0/toolchain/bin/../lib/gcc/arm-none-eabi/4.8.4/../../../../arm-none-eabi/lib/armv7e-m/fpu\libstdc++_s.a(class_type_info.o)
                0x0000c1e2                __cxxabiv1::__class_type_info::__do_upcast(__cxxabiv1::__class_type_info const*, void**) const
 .text._ZNK10__cxxabiv117__class_type_info20__do_find_public_srcEiPKvPKS0_S2_
                0x0000c216        0xc c:/software/freescale/kds_3.0.0/toolchain/bin/../lib/gcc/arm-none-eabi/4.8.4/../../../../arm-none-eabi/lib/armv7e-m/fpu\libstdc++_s.a(class_type_info.o)
                0x0000c216                __cxxabiv1::__class_type_info::__do_find_public_src(int, void const*, __cxxabiv1::__class_type_info const*, void const*) const
 *fill*         0x0000c222        0x2 
 .text._ZN10__cxxabiv117__class_type_infoD2Ev
                0x0000c224       0x14 c:/software/freescale/kds_3.0.0/toolchain/bin/../lib/gcc/arm-none-eabi/4.8.4/../../../../arm-none-eabi/lib/armv7e-m/fpu\libstdc++_s.a(class_type_info.o)
                0x0000c224                __cxxabiv1::__class_type_info::~__class_type_info()
                0x0000c224                __cxxabiv1::__class_type_info::~__class_type_info()
 .text._ZN10__cxxabiv117__class_type_infoD0Ev
                0x0000c238       0x12 c:/software/freescale/kds_3.0.0/toolchain/bin/../lib/gcc/arm-none-eabi/4.8.4/../../../../arm-none-eabi/lib/armv7e-m/fpu\libstdc++_s.a(class_type_info.o)
                0x0000c238                __cxxabiv1::__class_type_info::~__class_type_info()
 .text._ZNK10__cxxabiv117__class_type_info11__do_upcastEPKS0_PKvRNS0_15__upcast_resultE
                0x0000c24a       0x1a c:/software/freescale/kds_3.0.0/toolchain/bin/../lib/gcc/arm-none-eabi/4.8.4/../../../../arm-none-eabi/lib/armv7e-m/fpu\libstdc++_s.a(class_type_info.o)
                0x0000c24a                __cxxabiv1::__class_type_info::__do_upcast(__cxxabiv1::__class_type_info const*, void const*, __cxxabiv1::__class_type_info::__upcast_result&) const
 .text._ZNK10__cxxabiv117__class_type_info10__do_catchEPKSt9type_infoPPvj
                0x0000c264       0x26 c:/software/freescale/kds_3.0.0/toolchain/bin/../lib/gcc/arm-none-eabi/4.8.4/../../../../arm-none-eabi/lib/armv7e-m/fpu\libstdc++_s.a(class_type_info.o)
                0x0000c264                __cxxabiv1::__class_type_info::__do_catch(std::type_info const*, void**, unsigned int) const
 .text._ZNK10__cxxabiv117__class_type_info12__do_dyncastEiNS0_10__sub_kindEPKS0_PKvS3_S5_RNS0_16__dyncast_resultE
                0x0000c28a       0x38 c:/software/freescale/kds_3.0.0/toolchain/bin/../lib/gcc/arm-none-eabi/4.8.4/../../../../arm-none-eabi/lib/armv7e-m/fpu\libstdc++_s.a(class_type_info.o)
                0x0000c28a                __cxxabiv1::__class_type_info::__do_dyncast(int, __cxxabiv1::__class_type_info::__sub_kind, __cxxabiv1::__class_type_info const*, void const*, __cxxabiv1::__class_type_info const*, void const*, __cxxabiv1::__class_type_info::__dyncast_result&) const
 *fill*         0x0000c2c2        0x2 
 .text._ZN10__cxxabiv120__si_class_type_infoD2Ev
                0x0000c2c4       0x14 c:/software/freescale/kds_3.0.0/toolchain/bin/../lib/gcc/arm-none-eabi/4.8.4/../../../../arm-none-eabi/lib/armv7e-m/fpu\libstdc++_s.a(si_class_type_info.o)
                0x0000c2c4                __cxxabiv1::__si_class_type_info::~__si_class_type_info()
                0x0000c2c4                __cxxabiv1::__si_class_type_info::~__si_class_type_info()
 .text._ZN10__cxxabiv120__si_class_type_infoD0Ev
                0x0000c2d8       0x12 c:/software/freescale/kds_3.0.0/toolchain/bin/../lib/gcc/arm-none-eabi/4.8.4/../../../../arm-none-eabi/lib/armv7e-m/fpu\libstdc++_s.a(si_class_type_info.o)
                0x0000c2d8                __cxxabiv1::__si_class_type_info::~__si_class_type_info()
 .text._ZNK10__cxxabiv120__si_class_type_info20__do_find_public_srcEiPKvPKNS_17__class_type_infoES2_
                0x0000c2ea       0x34 c:/software/freescale/kds_3.0.0/toolchain/bin/../lib/gcc/arm-none-eabi/4.8.4/../../../../arm-none-eabi/lib/armv7e-m/fpu\libstdc++_s.a(si_class_type_info.o)
                0x0000c2ea                __cxxabiv1::__si_class_type_info::__do_find_public_src(int, void const*, __cxxabiv1::__class_type_info const*, void const*) const
 .text._ZNK10__cxxabiv120__si_class_type_info12__do_dyncastEiNS_17__class_type_info10__sub_kindEPKS1_PKvS4_S6_RNS1_16__dyncast_resultE
                0x0000c31e       0x7c c:/software/freescale/kds_3.0.0/toolchain/bin/../lib/gcc/arm-none-eabi/4.8.4/../../../../arm-none-eabi/lib/armv7e-m/fpu\libstdc++_s.a(si_class_type_info.o)
                0x0000c31e                __cxxabiv1::__si_class_type_info::__do_dyncast(int, __cxxabiv1::__class_type_info::__sub_kind, __cxxabiv1::__class_type_info const*, void const*, __cxxabiv1::__class_type_info const*, void const*, __cxxabiv1::__class_type_info::__dyncast_result&) const
 .text._ZNK10__cxxabiv120__si_class_type_info11__do_upcastEPKNS_17__class_type_infoEPKvRNS1_15__upcast_resultE
                0x0000c39a       0x24 c:/software/freescale/kds_3.0.0/toolchain/bin/../lib/gcc/arm-none-eabi/4.8.4/../../../../arm-none-eabi/lib/armv7e-m/fpu\libstdc++_s.a(si_class_type_info.o)
                0x0000c39a                __cxxabiv1::__si_class_type_info::__do_upcast(__cxxabiv1::__class_type_info const*, void const*, __cxxabiv1::__class_type_info::__upcast_result&) const
 *fill*         0x0000c3be        0x2 
 .text._ZNSt9type_infoD2Ev
                0x0000c3c0        0xc c:/software/freescale/kds_3.0.0/toolchain/bin/../lib/gcc/arm-none-eabi/4.8.4/../../../../arm-none-eabi/lib/armv7e-m/fpu\libstdc++_s.a(tinfo.o)
                0x0000c3c0                std::type_info::~type_info()
                0x0000c3c0                std::type_info::~type_info()
 .text._ZNKSt9type_info14__is_pointer_pEv
                0x0000c3cc        0x4 c:/software/freescale/kds_3.0.0/toolchain/bin/../lib/gcc/arm-none-eabi/4.8.4/../../../../arm-none-eabi/lib/armv7e-m/fpu\libstdc++_s.a(tinfo.o)
                0x0000c3cc                std::type_info::__is_pointer_p() const
 .text._ZNKSt9type_info15__is_function_pEv
                0x0000c3d0        0x4 c:/software/freescale/kds_3.0.0/toolchain/bin/../lib/gcc/arm-none-eabi/4.8.4/../../../../arm-none-eabi/lib/armv7e-m/fpu\libstdc++_s.a(tinfo.o)
                0x0000c3d0                std::type_info::__is_function_p() const
 .text._ZNKSt9type_info11__do_upcastEPKN10__cxxabiv117__class_type_infoEPPv
                0x0000c3d4        0x4 c:/software/freescale/kds_3.0.0/toolchain/bin/../lib/gcc/arm-none-eabi/4.8.4/../../../../arm-none-eabi/lib/armv7e-m/fpu\libstdc++_s.a(tinfo.o)
                0x0000c3d4                std::type_info::__do_upcast(__cxxabiv1::__class_type_info const*, void**) const
 .text._ZNSt9type_infoD0Ev
                0x0000c3d8       0x14 c:/software/freescale/kds_3.0.0/toolchain/bin/../lib/gcc/arm-none-eabi/4.8.4/../../../../arm-none-eabi/lib/armv7e-m/fpu\libstdc++_s.a(tinfo.o)
                0x0000c3d8                std::type_info::~type_info()
 .text._ZNKSt9type_infoeqERKS_
                0x0000c3ec       0x2e c:/software/freescale/kds_3.0.0/toolchain/bin/../lib/gcc/arm-none-eabi/4.8.4/../../../../arm-none-eabi/lib/armv7e-m/fpu\libstdc++_s.a(tinfo.o)
                0x0000c3ec                std::type_info::operator==(std::type_info const&) const
 .text._ZNKSt9type_info10__do_catchEPKS_PPvj
                0x0000c41a        0x4 c:/software/freescale/kds_3.0.0/toolchain/bin/../lib/gcc/arm-none-eabi/4.8.4/../../../../arm-none-eabi/lib/armv7e-m/fpu\libstdc++_s.a(tinfo.o)
                0x0000c41a                std::type_info::__do_catch(std::type_info const*, void**, unsigned int) const
 *fill*         0x0000c41e        0x2 
 .text.fmod     0x0000c420       0xcc c:/software/freescale/kds_3.0.0/toolchain/bin/../lib/gcc/arm-none-eabi/4.8.4/../../../../arm-none-eabi/lib/armv7e-m/fpu\libm.a(lib_a-w_fmod.o)
                0x0000c420                fmod
 .text.__ieee754_fmod
                0x0000c4ec      0x284 c:/software/freescale/kds_3.0.0/toolchain/bin/../lib/gcc/arm-none-eabi/4.8.4/../../../../arm-none-eabi/lib/armv7e-m/fpu\libm.a(lib_a-e_fmod.o)
                0x0000c4ec                __ieee754_fmod
 .text.__fpclassifyd
                0x0000c770       0x54 c:/software/freescale/kds_3.0.0/toolchain/bin/../lib/gcc/arm-none-eabi/4.8.4/../../../../arm-none-eabi/lib/armv7e-m/fpu\libm.a(lib_a-s_fpclassify.o)
                0x0000c770                __fpclassifyd
 .text.matherr  0x0000c7c4        0x4 c:/software/freescale/kds_3.0.0/toolchain/bin/../lib/gcc/arm-none-eabi/4.8.4/../../../../arm-none-eabi/lib/armv7e-m/fpu\libm.a(lib_a-s_matherr.o)
                0x0000c7c4                matherr
 .text.abort    0x0000c7c8        0xe c:/software/freescale/kds_3.0.0/toolchain/bin/../lib/gcc/arm-none-eabi/4.8.4/../../../../arm-none-eabi/lib/armv7e-m/fpu\libg_s.a(lib_a-abort.o)
                0x0000c7c8                abort
 *fill*         0x0000c7d6        0x2 
 .text.__cxa_atexit
                0x0000c7d8       0x20 c:/software/freescale/kds_3.0.0/toolchain/bin/../lib/gcc/arm-none-eabi/4.8.4/../../../../arm-none-eabi/lib/armv7e-m/fpu\libg_s.a(lib_a-cxa_atexit.o)
                0x0000c7d8                __cxa_atexit
 .text.__errno  0x0000c7f8        0xc c:/software/freescale/kds_3.0.0/toolchain/bin/../lib/gcc/arm-none-eabi/4.8.4/../../../../arm-none-eabi/lib/armv7e-m/fpu\libg_s.a(lib_a-errno.o)
                0x0000c7f8                __errno
 .text.exit     0x0000c804       0x28 c:/software/freescale/kds_3.0.0/toolchain/bin/../lib/gcc/arm-none-eabi/4.8.4/../../../../arm-none-eabi/lib/armv7e-m/fpu\libg_s.a(lib_a-exit.o)
                0x0000c804                exit
 .text._fputs_r
                0x0000c82c       0xa8 c:/software/freescale/kds_3.0.0/toolchain/bin/../lib/gcc/arm-none-eabi/4.8.4/../../../../arm-none-eabi/lib/armv7e-m/fpu\libg_s.a(lib_a-fputs.o)
                0x0000c82c                _fputs_r
 .text.fputs    0x0000c8d4       0x14 c:/software/freescale/kds_3.0.0/toolchain/bin/../lib/gcc/arm-none-eabi/4.8.4/../../../../arm-none-eabi/lib/armv7e-m/fpu\libg_s.a(lib_a-fputs.o)
                0x0000c8d4                fputs
 .text.__libc_init_array
                0x0000c8e8       0x4c c:/software/freescale/kds_3.0.0/toolchain/bin/../lib/gcc/arm-none-eabi/4.8.4/../../../../arm-none-eabi/lib/armv7e-m/fpu\libg_s.a(lib_a-init.o)
                0x0000c8e8                __libc_init_array
 .text.malloc   0x0000c934       0x10 c:/software/freescale/kds_3.0.0/toolchain/bin/../lib/gcc/arm-none-eabi/4.8.4/../../../../arm-none-eabi/lib/armv7e-m/fpu\libg_s.a(lib_a-malloc.o)
                0x0000c934                malloc
 .text.free     0x0000c944       0x10 c:/software/freescale/kds_3.0.0/toolchain/bin/../lib/gcc/arm-none-eabi/4.8.4/../../../../arm-none-eabi/lib/armv7e-m/fpu\libg_s.a(lib_a-malloc.o)
                0x0000c944                free
 .text.memcmp   0x0000c954       0x1e c:/software/freescale/kds_3.0.0/toolchain/bin/../lib/gcc/arm-none-eabi/4.8.4/../../../../arm-none-eabi/lib/armv7e-m/fpu\libg_s.a(lib_a-memcmp.o)
                0x0000c954                memcmp
 .text.memcpy   0x0000c972       0x12 c:/software/freescale/kds_3.0.0/toolchain/bin/../lib/gcc/arm-none-eabi/4.8.4/../../../../arm-none-eabi/lib/armv7e-m/fpu\libg_s.a(lib_a-memcpy-stub.o)
                0x0000c972                memcpy
 .text.memmove  0x0000c984       0x36 c:/software/freescale/kds_3.0.0/toolchain/bin/../lib/gcc/arm-none-eabi/4.8.4/../../../../arm-none-eabi/lib/armv7e-m/fpu\libg_s.a(lib_a-memmove.o)
                0x0000c984                memmove
 .text.memset   0x0000c9ba       0x10 c:/software/freescale/kds_3.0.0/toolchain/bin/../lib/gcc/arm-none-eabi/4.8.4/../../../../arm-none-eabi/lib/armv7e-m/fpu\libg_s.a(lib_a-memset.o)
                0x0000c9ba                memset
 *fill*         0x0000c9ca        0x2 
 .text._free_r  0x0000c9cc       0x88 c:/software/freescale/kds_3.0.0/toolchain/bin/../lib/gcc/arm-none-eabi/4.8.4/../../../../arm-none-eabi/lib/armv7e-m/fpu\libg_s.a(lib_a-nano-freer.o)
                0x0000c9cc                _free_r
 .text._malloc_r
                0x0000ca54       0xa8 c:/software/freescale/kds_3.0.0/toolchain/bin/../lib/gcc/arm-none-eabi/4.8.4/../../../../arm-none-eabi/lib/armv7e-m/fpu\libg_s.a(lib_a-nano-mallocr.o)
                0x0000ca54                _malloc_r
 .text.realloc  0x0000cafc       0x14 c:/software/freescale/kds_3.0.0/toolchain/bin/../lib/gcc/arm-none-eabi/4.8.4/../../../../arm-none-eabi/lib/armv7e-m/fpu\libg_s.a(lib_a-realloc.o)
                0x0000cafc                realloc
 .text._sbrk_r  0x0000cb10       0x20 c:/software/freescale/kds_3.0.0/toolchain/bin/../lib/gcc/arm-none-eabi/4.8.4/../../../../arm-none-eabi/lib/armv7e-m/fpu\libg_s.a(lib_a-sbrkr.o)
                0x0000cb10                _sbrk_r
 .text._raise_r
                0x0000cb30       0x50 c:/software/freescale/kds_3.0.0/toolchain/bin/../lib/gcc/arm-none-eabi/4.8.4/../../../../arm-none-eabi/lib/armv7e-m/fpu\libg_s.a(lib_a-signal.o)
                0x0000cb30                _raise_r
 .text.raise    0x0000cb80       0x10 c:/software/freescale/kds_3.0.0/toolchain/bin/../lib/gcc/arm-none-eabi/4.8.4/../../../../arm-none-eabi/lib/armv7e-m/fpu\libg_s.a(lib_a-signal.o)
                0x0000cb80                raise
 .text._kill_r  0x0000cb90       0x24 c:/software/freescale/kds_3.0.0/toolchain/bin/../lib/gcc/arm-none-eabi/4.8.4/../../../../arm-none-eabi/lib/armv7e-m/fpu\libg_s.a(lib_a-signalr.o)
                0x0000cb90                _kill_r
 .text._getpid_r
                0x0000cbb4        0x4 c:/software/freescale/kds_3.0.0/toolchain/bin/../lib/gcc/arm-none-eabi/4.8.4/../../../../arm-none-eabi/lib/armv7e-m/fpu\libg_s.a(lib_a-signalr.o)
                0x0000cbb4                _getpid_r
 .text.sprintf  0x0000cbb8       0x48 c:/software/freescale/kds_3.0.0/toolchain/bin/../lib/gcc/arm-none-eabi/4.8.4/../../../../arm-none-eabi/lib/armv7e-m/fpu\libg_s.a(lib_a-sprintf.o)
                0x0000cbb8                siprintf
                0x0000cbb8                sprintf
 .text.strlen   0x0000cc00       0x10 c:/software/freescale/kds_3.0.0/toolchain/bin/../lib/gcc/arm-none-eabi/4.8.4/../../../../arm-none-eabi/lib/armv7e-m/fpu\libg_s.a(lib_a-strlen.o)
                0x0000cc00                strlen
 .text.strncmp  0x0000cc10       0x2e c:/software/freescale/kds_3.0.0/toolchain/bin/../lib/gcc/arm-none-eabi/4.8.4/../../../../arm-none-eabi/lib/armv7e-m/fpu\libg_s.a(lib_a-strncmp.o)
                0x0000cc10                strncmp
 .text.__ssputs_r
                0x0000cc3e       0xb8 c:/software/freescale/kds_3.0.0/toolchain/bin/../lib/gcc/arm-none-eabi/4.8.4/../../../../arm-none-eabi/lib/armv7e-m/fpu\libg_s.a(lib_a-svfprintf.o)
                0x0000cc3e                __ssputs_r
 *fill*         0x0000ccf6        0x2 
 .text._svfprintf_r
                0x0000ccf8      0x1dc c:/software/freescale/kds_3.0.0/toolchain/bin/../lib/gcc/arm-none-eabi/4.8.4/../../../../arm-none-eabi/lib/armv7e-m/fpu\libg_s.a(lib_a-svfprintf.o)
                0x0000ccf8                _svfiprintf_r
                0x0000ccf8                _svfprintf_r
 .text._printf_common
                0x0000ced4       0xe4 c:/software/freescale/kds_3.0.0/toolchain/bin/../lib/gcc/arm-none-eabi/4.8.4/../../../../arm-none-eabi/lib/armv7e-m/fpu\libg_s.a(lib_a-vfprintf_i.o)
                0x0000ced4                _printf_common
 .text._printf_i
                0x0000cfb8      0x228 c:/software/freescale/kds_3.0.0/toolchain/bin/../lib/gcc/arm-none-eabi/4.8.4/../../../../arm-none-eabi/lib/armv7e-m/fpu\libg_s.a(lib_a-vfprintf_i.o)
                0x0000cfb8                _printf_i
 .text.__swbuf_r
                0x0000d1e0       0xa8 c:/software/freescale/kds_3.0.0/toolchain/bin/../lib/gcc/arm-none-eabi/4.8.4/../../../../arm-none-eabi/lib/armv7e-m/fpu\libg_s.a(lib_a-wbuf.o)
                0x0000d1e0                __swbuf_r
 .text._write_r
                0x0000d288       0x24 c:/software/freescale/kds_3.0.0/toolchain/bin/../lib/gcc/arm-none-eabi/4.8.4/../../../../arm-none-eabi/lib/armv7e-m/fpu\libg_s.a(lib_a-writer.o)
                0x0000d288                _write_r
 .text.__swsetup_r
                0x0000d2ac       0xdc c:/software/freescale/kds_3.0.0/toolchain/bin/../lib/gcc/arm-none-eabi/4.8.4/../../../../arm-none-eabi/lib/armv7e-m/fpu\libg_s.a(lib_a-wsetup.o)
                0x0000d2ac                __swsetup_r
 .text.__sflush_r
                0x0000d388      0x106 c:/software/freescale/kds_3.0.0/toolchain/bin/../lib/gcc/arm-none-eabi/4.8.4/../../../../arm-none-eabi/lib/armv7e-m/fpu\libg_s.a(lib_a-fflush.o)
                0x0000d388                __sflush_r
 *fill*         0x0000d48e        0x2 
 .text._fflush_r
                0x0000d490       0x54 c:/software/freescale/kds_3.0.0/toolchain/bin/../lib/gcc/arm-none-eabi/4.8.4/../../../../arm-none-eabi/lib/armv7e-m/fpu\libg_s.a(lib_a-fflush.o)
                0x0000d490                _fflush_r
 .text._cleanup_r
                0x0000d4e4       0x32 c:/software/freescale/kds_3.0.0/toolchain/bin/../lib/gcc/arm-none-eabi/4.8.4/../../../../arm-none-eabi/lib/armv7e-m/fpu\libg_s.a(lib_a-findfp.o)
                0x0000d4e4                _cleanup_r
 *fill*         0x0000d516        0x2 
 .text.std.isra.0
                0x0000d518       0x48 c:/software/freescale/kds_3.0.0/toolchain/bin/../lib/gcc/arm-none-eabi/4.8.4/../../../../arm-none-eabi/lib/armv7e-m/fpu\libg_s.a(lib_a-findfp.o)
 .text.__sfmoreglue
                0x0000d560       0x2c c:/software/freescale/kds_3.0.0/toolchain/bin/../lib/gcc/arm-none-eabi/4.8.4/../../../../arm-none-eabi/lib/armv7e-m/fpu\libg_s.a(lib_a-findfp.o)
                0x0000d560                __sfmoreglue
 .text.__sinit  0x0000d58c       0x60 c:/software/freescale/kds_3.0.0/toolchain/bin/../lib/gcc/arm-none-eabi/4.8.4/../../../../arm-none-eabi/lib/armv7e-m/fpu\libg_s.a(lib_a-findfp.o)
                0x0000d58c                __sinit
 .text.__sfp    0x0000d5ec       0x74 c:/software/freescale/kds_3.0.0/toolchain/bin/../lib/gcc/arm-none-eabi/4.8.4/../../../../arm-none-eabi/lib/armv7e-m/fpu\libg_s.a(lib_a-findfp.o)
                0x0000d5ec                __sfp
 .text.__smakebuf_r
                0x0000d660       0x9c c:/software/freescale/kds_3.0.0/toolchain/bin/../lib/gcc/arm-none-eabi/4.8.4/../../../../arm-none-eabi/lib/armv7e-m/fpu\libg_s.a(lib_a-makebuf.o)
                0x0000d660                __smakebuf_r
 .text.memchr   0x0000d6fc       0x1e c:/software/freescale/kds_3.0.0/toolchain/bin/../lib/gcc/arm-none-eabi/4.8.4/../../../../arm-none-eabi/lib/armv7e-m/fpu\libg_s.a(lib_a-memchr-stub.o)
                0x0000d6fc                memchr
 .text._realloc_r
                0x0000d71a       0x4c c:/software/freescale/kds_3.0.0/toolchain/bin/../lib/gcc/arm-none-eabi/4.8.4/../../../../arm-none-eabi/lib/armv7e-m/fpu\libg_s.a(lib_a-nano-reallocr.o)
                0x0000d71a                _realloc_r
 .text.__sread  0x0000d766       0x22 c:/software/freescale/kds_3.0.0/toolchain/bin/../lib/gcc/arm-none-eabi/4.8.4/../../../../arm-none-eabi/lib/armv7e-m/fpu\libg_s.a(lib_a-stdio.o)
                0x0000d766                __sread
 .text.__swrite
                0x0000d788       0x38 c:/software/freescale/kds_3.0.0/toolchain/bin/../lib/gcc/arm-none-eabi/4.8.4/../../../../arm-none-eabi/lib/armv7e-m/fpu\libg_s.a(lib_a-stdio.o)
                0x0000d788                __swrite
 .text.__sseek  0x0000d7c0       0x24 c:/software/freescale/kds_3.0.0/toolchain/bin/../lib/gcc/arm-none-eabi/4.8.4/../../../../arm-none-eabi/lib/armv7e-m/fpu\libg_s.a(lib_a-stdio.o)
                0x0000d7c0                __sseek
 .text.__sclose
                0x0000d7e4        0x8 c:/software/freescale/kds_3.0.0/toolchain/bin/../lib/gcc/arm-none-eabi/4.8.4/../../../../arm-none-eabi/lib/armv7e-m/fpu\libg_s.a(lib_a-stdio.o)
                0x0000d7e4                __sclose
 .text._close_r
                0x0000d7ec       0x20 c:/software/freescale/kds_3.0.0/toolchain/bin/../lib/gcc/arm-none-eabi/4.8.4/../../../../arm-none-eabi/lib/armv7e-m/fpu\libg_s.a(lib_a-closer.o)
                0x0000d7ec                _close_r
 .text._fstat_r
                0x0000d80c       0x24 c:/software/freescale/kds_3.0.0/toolchain/bin/../lib/gcc/arm-none-eabi/4.8.4/../../../../arm-none-eabi/lib/armv7e-m/fpu\libg_s.a(lib_a-fstatr.o)
                0x0000d80c                _fstat_r
 .text._isatty_r
                0x0000d830       0x20 c:/software/freescale/kds_3.0.0/toolchain/bin/../lib/gcc/arm-none-eabi/4.8.4/../../../../arm-none-eabi/lib/armv7e-m/fpu\libg_s.a(lib_a-isattyr.o)
                0x0000d830                _isatty_r
 .text._lseek_r
                0x0000d850       0x24 c:/software/freescale/kds_3.0.0/toolchain/bin/../lib/gcc/arm-none-eabi/4.8.4/../../../../arm-none-eabi/lib/armv7e-m/fpu\libg_s.a(lib_a-lseekr.o)
                0x0000d850                _lseek_r
 .text._malloc_usable_size_r
                0x0000d874       0x12 c:/software/freescale/kds_3.0.0/toolchain/bin/../lib/gcc/arm-none-eabi/4.8.4/../../../../arm-none-eabi/lib/armv7e-m/fpu\libg_s.a(lib_a-nano-msizer.o)
                0x0000d874                _malloc_usable_size_r
 *fill*         0x0000d886        0x2 
 .text._read_r  0x0000d888       0x24 c:/software/freescale/kds_3.0.0/toolchain/bin/../lib/gcc/arm-none-eabi/4.8.4/../../../../arm-none-eabi/lib/armv7e-m/fpu\libg_s.a(lib_a-readr.o)
                0x0000d888                _read_r
 .text._close   0x0000d8ac       0x10 c:/software/freescale/kds_3.0.0/toolchain/bin/../lib/gcc/arm-none-eabi/4.8.4/../../../../arm-none-eabi/lib/armv7e-m/fpu\libnosys.a(close.o)
                0x0000d8ac                _close
 .text._fstat   0x0000d8bc       0x10 c:/software/freescale/kds_3.0.0/toolchain/bin/../lib/gcc/arm-none-eabi/4.8.4/../../../../arm-none-eabi/lib/armv7e-m/fpu\libnosys.a(fstat.o)
                0x0000d8bc                _fstat
 .text._getpid  0x0000d8cc       0x10 c:/software/freescale/kds_3.0.0/toolchain/bin/../lib/gcc/arm-none-eabi/4.8.4/../../../../arm-none-eabi/lib/armv7e-m/fpu\libnosys.a(getpid.o)
                0x0000d8cc                _getpid
 .text._isatty  0x0000d8dc       0x10 c:/software/freescale/kds_3.0.0/toolchain/bin/../lib/gcc/arm-none-eabi/4.8.4/../../../../arm-none-eabi/lib/armv7e-m/fpu\libnosys.a(isatty.o)
                0x0000d8dc                _isatty
 .text._kill    0x0000d8ec       0x10 c:/software/freescale/kds_3.0.0/toolchain/bin/../lib/gcc/arm-none-eabi/4.8.4/../../../../arm-none-eabi/lib/armv7e-m/fpu\libnosys.a(kill.o)
                0x0000d8ec                _kill
 .text._lseek   0x0000d8fc       0x10 c:/software/freescale/kds_3.0.0/toolchain/bin/../lib/gcc/arm-none-eabi/4.8.4/../../../../arm-none-eabi/lib/armv7e-m/fpu\libnosys.a(lseek.o)
                0x0000d8fc                _lseek
 .text._read    0x0000d90c       0x10 c:/software/freescale/kds_3.0.0/toolchain/bin/../lib/gcc/arm-none-eabi/4.8.4/../../../../arm-none-eabi/lib/armv7e-m/fpu\libnosys.a(read.o)
                0x0000d90c                _read
 .text._sbrk    0x0000d91c       0x34 c:/software/freescale/kds_3.0.0/toolchain/bin/../lib/gcc/arm-none-eabi/4.8.4/../../../../arm-none-eabi/lib/armv7e-m/fpu\libnosys.a(sbrk.o)
                0x0000d91c                _sbrk
 .text._write   0x0000d950       0x10 c:/software/freescale/kds_3.0.0/toolchain/bin/../lib/gcc/arm-none-eabi/4.8.4/../../../../arm-none-eabi/lib/armv7e-m/fpu\libnosys.a(write.o)
                0x0000d950                _write
 .text._exit    0x0000d960        0x4 c:/software/freescale/kds_3.0.0/toolchain/bin/../lib/gcc/arm-none-eabi/4.8.4/../../../../arm-none-eabi/lib/armv7e-m/fpu\libnosys.a(_exit.o)
                0x0000d960                _exit
 *(.rodata)
 .rodata        0x0000d964       0x1c ./Sources/Analog.o
 .rodata        0x0000d980        0x8 ./Sources/IDMT.o
 .rodata        0x0000d988        0x4 C:\Users\12199434\My Local Data\08\2019_Autumn_Project-master\Library\libAnalog.a(analog.o)
 .rodata        0x0000d98c       0xa0 C:\Users\12199434\My Local Data\08\2019_Autumn_Project-master\Library\libAnalog.a(SPI.o)
 .rodata        0x0000da2c      0x738 c:/software/freescale/kds_3.0.0/toolchain/bin/../lib/gcc/arm-none-eabi/4.8.4/../../../../arm-none-eabi/lib/armv7e-m/fpu\libstdc++_s.a(cp-demangle.o)
 *(.rodata*)
 .rodata._ZL24ANALOG_THREAD_PRIORITIES
                0x0000e164        0x4 ./Sources/main.o
 .rodata.SPI_SETUP
                0x0000e168       0x1c C:\Users\12199434\My Local Data\08\2019_Autumn_Project-master\Library\libAnalog.a(analog.o)
 .rodata.str1.1
                0x0000e184       0x80 c:/software/freescale/kds_3.0.0/toolchain/bin/../lib/gcc/arm-none-eabi/4.8.4/../../../../arm-none-eabi/lib/armv7e-m/fpu\libstdc++_s.a(vterminate.o)
 .rodata._ZTIN10__cxxabiv115__forced_unwindE
                0x0000e204        0x8 c:/software/freescale/kds_3.0.0/toolchain/bin/../lib/gcc/arm-none-eabi/4.8.4/../../../../arm-none-eabi/lib/armv7e-m/fpu\libstdc++_s.a(eh_exception.o)
                0x0000e204                typeinfo for __cxxabiv1::__forced_unwind
 .rodata._ZTSN10__cxxabiv119__foreign_exceptionE
                0x0000e20c       0x24 c:/software/freescale/kds_3.0.0/toolchain/bin/../lib/gcc/arm-none-eabi/4.8.4/../../../../arm-none-eabi/lib/armv7e-m/fpu\libstdc++_s.a(eh_exception.o)
                0x0000e20c                typeinfo name for __cxxabiv1::__foreign_exception
 .rodata._ZTIN10__cxxabiv119__foreign_exceptionE
                0x0000e230        0x8 c:/software/freescale/kds_3.0.0/toolchain/bin/../lib/gcc/arm-none-eabi/4.8.4/../../../../arm-none-eabi/lib/armv7e-m/fpu\libstdc++_s.a(eh_exception.o)
                0x0000e230                typeinfo for __cxxabiv1::__foreign_exception
 .rodata._ZTSN10__cxxabiv115__forced_unwindE
                0x0000e238       0x20 c:/software/freescale/kds_3.0.0/toolchain/bin/../lib/gcc/arm-none-eabi/4.8.4/../../../../arm-none-eabi/lib/armv7e-m/fpu\libstdc++_s.a(eh_exception.o)
                0x0000e238                typeinfo name for __cxxabiv1::__forced_unwind
 .rodata.str1.4
                0x0000e258      0x7f2 c:/software/freescale/kds_3.0.0/toolchain/bin/../lib/gcc/arm-none-eabi/4.8.4/../../../../arm-none-eabi/lib/armv7e-m/fpu\libstdc++_s.a(cp-demangle.o)
                                0x840 (size before relaxing)
 *fill*         0x0000ea4a        0x6 
 .rodata._ZTVN10__cxxabiv117__class_type_infoE
                0x0000ea50       0x30 c:/software/freescale/kds_3.0.0/toolchain/bin/../lib/gcc/arm-none-eabi/4.8.4/../../../../arm-none-eabi/lib/armv7e-m/fpu\libstdc++_s.a(class_type_info.o)
                0x0000ea50                vtable for __cxxabiv1::__class_type_info
 .rodata._ZTIN10__cxxabiv117__class_type_infoE
                0x0000ea80        0xc c:/software/freescale/kds_3.0.0/toolchain/bin/../lib/gcc/arm-none-eabi/4.8.4/../../../../arm-none-eabi/lib/armv7e-m/fpu\libstdc++_s.a(class_type_info.o)
                0x0000ea80                typeinfo for __cxxabiv1::__class_type_info
 .rodata._ZTSN10__cxxabiv117__class_type_infoE
                0x0000ea8c       0x22 c:/software/freescale/kds_3.0.0/toolchain/bin/../lib/gcc/arm-none-eabi/4.8.4/../../../../arm-none-eabi/lib/armv7e-m/fpu\libstdc++_s.a(class_type_info.o)
                0x0000ea8c                typeinfo name for __cxxabiv1::__class_type_info
 *fill*         0x0000eaae        0x2 
 .rodata._ZTVN10__cxxabiv120__si_class_type_infoE
                0x0000eab0       0x30 c:/software/freescale/kds_3.0.0/toolchain/bin/../lib/gcc/arm-none-eabi/4.8.4/../../../../arm-none-eabi/lib/armv7e-m/fpu\libstdc++_s.a(si_class_type_info.o)
                0x0000eab0                vtable for __cxxabiv1::__si_class_type_info
 .rodata._ZTIN10__cxxabiv120__si_class_type_infoE
                0x0000eae0        0xc c:/software/freescale/kds_3.0.0/toolchain/bin/../lib/gcc/arm-none-eabi/4.8.4/../../../../arm-none-eabi/lib/armv7e-m/fpu\libstdc++_s.a(si_class_type_info.o)
                0x0000eae0                typeinfo for __cxxabiv1::__si_class_type_info
 .rodata._ZTSN10__cxxabiv120__si_class_type_infoE
                0x0000eaec       0x25 c:/software/freescale/kds_3.0.0/toolchain/bin/../lib/gcc/arm-none-eabi/4.8.4/../../../../arm-none-eabi/lib/armv7e-m/fpu\libstdc++_s.a(si_class_type_info.o)
                0x0000eaec                typeinfo name for __cxxabiv1::__si_class_type_info
 *fill*         0x0000eb11        0x3 
 .rodata._ZTISt9type_info
                0x0000eb14        0x8 c:/software/freescale/kds_3.0.0/toolchain/bin/../lib/gcc/arm-none-eabi/4.8.4/../../../../arm-none-eabi/lib/armv7e-m/fpu\libstdc++_s.a(tinfo.o)
                0x0000eb14                typeinfo for std::type_info
 .rodata._ZTSSt9type_info
                0x0000eb1c        0xd c:/software/freescale/kds_3.0.0/toolchain/bin/../lib/gcc/arm-none-eabi/4.8.4/../../../../arm-none-eabi/lib/armv7e-m/fpu\libstdc++_s.a(tinfo.o)
                0x0000eb1c                typeinfo name for std::type_info
 *fill*         0x0000eb29        0x7 
 .rodata._ZTVSt9type_info
                0x0000eb30       0x20 c:/software/freescale/kds_3.0.0/toolchain/bin/../lib/gcc/arm-none-eabi/4.8.4/../../../../arm-none-eabi/lib/armv7e-m/fpu\libstdc++_s.a(tinfo.o)
                0x0000eb30                vtable for std::type_info
 .rodata.str1.4
                0x0000eb50        0x8 c:/software/freescale/kds_3.0.0/toolchain/bin/../lib/gcc/arm-none-eabi/4.8.4/../../../../arm-none-eabi/lib/armv7e-m/fpu\libm.a(lib_a-w_fmod.o)
 .rodata.Zero   0x0000eb58       0x10 c:/software/freescale/kds_3.0.0/toolchain/bin/../lib/gcc/arm-none-eabi/4.8.4/../../../../arm-none-eabi/lib/armv7e-m/fpu\libm.a(lib_a-e_fmod.o)
 .rodata.str1.1
                0x0000eb68        0x2 c:/software/freescale/kds_3.0.0/toolchain/bin/../lib/gcc/arm-none-eabi/4.8.4/../../../../arm-none-eabi/lib/armv7e-m/fpu\libg_s.a(lib_a-impure.o)
 *fill*         0x0000eb6a        0x2 
 .rodata._global_impure_ptr
                0x0000eb6c        0x4 c:/software/freescale/kds_3.0.0/toolchain/bin/../lib/gcc/arm-none-eabi/4.8.4/../../../../arm-none-eabi/lib/armv7e-m/fpu\libg_s.a(lib_a-impure.o)
                0x0000eb6c                _global_impure_ptr
 .rodata.str1.1
                0x0000eb70       0x11 c:/software/freescale/kds_3.0.0/toolchain/bin/../lib/gcc/arm-none-eabi/4.8.4/../../../../arm-none-eabi/lib/armv7e-m/fpu\libg_s.a(lib_a-svfprintf.o)
 .rodata.str1.1
                0x0000eb81       0x22 c:/software/freescale/kds_3.0.0/toolchain/bin/../lib/gcc/arm-none-eabi/4.8.4/../../../../arm-none-eabi/lib/armv7e-m/fpu\libg_s.a(lib_a-vfprintf_i.o)
 *fill*         0x0000eba3        0x1 
 .rodata.__sf_fake_stdin
                0x0000eba4       0x20 c:/software/freescale/kds_3.0.0/toolchain/bin/../lib/gcc/arm-none-eabi/4.8.4/../../../../arm-none-eabi/lib/armv7e-m/fpu\libg_s.a(lib_a-findfp.o)
                0x0000eba4                __sf_fake_stdin
 .rodata.__sf_fake_stdout
                0x0000ebc4       0x20 c:/software/freescale/kds_3.0.0/toolchain/bin/../lib/gcc/arm-none-eabi/4.8.4/../../../../arm-none-eabi/lib/armv7e-m/fpu\libg_s.a(lib_a-findfp.o)
                0x0000ebc4                __sf_fake_stdout
 .rodata.__sf_fake_stderr
                0x0000ebe4       0x20 c:/software/freescale/kds_3.0.0/toolchain/bin/../lib/gcc/arm-none-eabi/4.8.4/../../../../arm-none-eabi/lib/armv7e-m/fpu\libg_s.a(lib_a-findfp.o)
                0x0000ebe4                __sf_fake_stderr
 *(.glue_7)
 .glue_7        0x00000000        0x0 linker stubs
 *(.glue_7t)
 .glue_7t       0x00000000        0x0 linker stubs
 *(.eh_frame)
 .eh_frame      0x0000ec04        0x0 c:/software/freescale/kds_3.0.0/toolchain/bin/../lib/gcc/arm-none-eabi/4.8.4/armv7e-m/fpu/crtbegin.o
 *(.init)
 .init          0x0000ec04        0x4 c:/software/freescale/kds_3.0.0/toolchain/bin/../lib/gcc/arm-none-eabi/4.8.4/armv7e-m/fpu/crti.o
                0x0000ec04                _init
 .init          0x0000ec08        0x8 c:/software/freescale/kds_3.0.0/toolchain/bin/../lib/gcc/arm-none-eabi/4.8.4/armv7e-m/fpu/crtn.o
 *(.fini)
 .fini          0x0000ec10        0x4 c:/software/freescale/kds_3.0.0/toolchain/bin/../lib/gcc/arm-none-eabi/4.8.4/armv7e-m/fpu/crti.o
                0x0000ec10                _fini
 .fini          0x0000ec14        0x8 c:/software/freescale/kds_3.0.0/toolchain/bin/../lib/gcc/arm-none-eabi/4.8.4/armv7e-m/fpu/crtn.o
                0x0000ec1c                . = ALIGN (0x4)
                0x0000ec1c                _etext = .

.vfp11_veneer   0x0000ec1c        0x0
 .vfp11_veneer  0x00000000        0x0 linker stubs

.v4_bx          0x0000ec1c        0x0
 .v4_bx         0x00000000        0x0 linker stubs

.iplt           0x0000ec1c        0x0
 .iplt          0x00000000        0x0 c:/software/freescale/kds_3.0.0/toolchain/bin/../lib/gcc/arm-none-eabi/4.8.4/armv7e-m/fpu/crtbegin.o

.ARM.extab      0x0000ec1c      0x394
 *(.ARM.extab* .gnu.linkonce.armextab.*)
 .ARM.extab.text._ZnwjPv
                0x0000ec1c        0x0 ./Sources/Analog.o
 .ARM.extab.text._ZN6Analog8Analog_tC2Em
                0x0000ec1c        0xc ./Sources/Analog.o
 .ARM.extab.text._ZN6Analog8Analog_t9GetSampleEv
                0x0000ec28        0xc ./Sources/Analog.o
 .ARM.extab.text._ZN6Analog8Analog_t9GetSignalEv
                0x0000ec34        0xc ./Sources/Analog.o
 .ARM.extab.text._ZN6Analog8Analog_t9PutSampleEsh
                0x0000ec40        0xc ./Sources/Analog.o
 .ARM.extab.text._ZNSt6vectorIlSaIlEEC2Ev
                0x0000ec4c        0xc ./Sources/Analog.o
 .ARM.extab.text._ZNKSt6vectorIlSaIlEE4sizeEv
                0x0000ec58        0x0 ./Sources/Analog.o
 .ARM.extab.text._ZSt7forwardIRKlEOT_RNSt16remove_referenceIS2_E4typeE
                0x0000ec58        0x0 ./Sources/Analog.o
 .ARM.extab.text._ZNSt6vectorIlSaIlEE9push_backERKl
                0x0000ec58        0xc ./Sources/Analog.o
 .ARM.extab.text._ZNSt12_Vector_baseIlSaIlEE12_Vector_implD2Ev
                0x0000ec64        0x0 ./Sources/Analog.o
 .ARM.extab.text._ZNSt12_Vector_baseIlSaIlEEC2Ev
                0x0000ec64        0x0 ./Sources/Analog.o
 .ARM.extab.text._ZNSt12_Vector_baseIlSaIlEED2Ev
                0x0000ec64       0x10 ./Sources/Analog.o
 .ARM.extab.text._ZNSt16allocator_traitsISaIlEE9constructIlJRKlEEEDTcl12_S_constructfp_fp0_spcl7forwardIT0_Efp1_EEERS0_PT_DpOS5_
                0x0000ec74        0xc ./Sources/Analog.o
 .ARM.extab.text._ZNSt6vectorIlSaIlEE19_M_emplace_back_auxIJRKlEEEvDpOT_
                0x0000ec80       0x30 ./Sources/Analog.o
 .ARM.extab.text._ZNSt12_Vector_baseIlSaIlEE12_Vector_implC2Ev
                0x0000ecb0        0x0 ./Sources/Analog.o
 .ARM.extab.text._ZNSaIlED2Ev
                0x0000ecb0        0x0 ./Sources/Analog.o
 .ARM.extab.text._ZNSt12_Vector_baseIlSaIlEE13_M_deallocateEPlj
                0x0000ecb0        0x0 ./Sources/Analog.o
 .ARM.extab.text._ZNSt16allocator_traitsISaIlEE12_S_constructIlJRKlEEENSt9enable_ifIXsrNS1_18__construct_helperIT_JDpT0_EEE5valueEvE4typeERS0_PS7_DpOS8_
                0x0000ecb0        0x0 ./Sources/Analog.o
 .ARM.extab.text._ZNKSt6vectorIlSaIlEE12_M_check_lenEjPKc
                0x0000ecb0        0xc ./Sources/Analog.o
 .ARM.extab.text._ZNSt12_Vector_baseIlSaIlEE11_M_allocateEj
                0x0000ecbc        0xc ./Sources/Analog.o
 .ARM.extab.text._ZNSt12_Vector_baseIlSaIlEE19_M_get_Tp_allocatorEv
                0x0000ecc8        0x0 ./Sources/Analog.o
 .ARM.extab.text._ZSt34__uninitialized_move_if_noexcept_aIPlS0_SaIlEET0_T_S3_S2_RT1_
                0x0000ecc8        0xc ./Sources/Analog.o
 .ARM.extab.text._ZNSt16allocator_traitsISaIlEE7destroyIlEEvRS0_PT_
                0x0000ecd4        0xc ./Sources/Analog.o
 .ARM.extab.text._ZSt8_DestroyIPllEvT_S1_RSaIT0_E
                0x0000ece0        0xc ./Sources/Analog.o
 .ARM.extab.text._ZNSaIlEC2Ev
                0x0000ecec        0x0 ./Sources/Analog.o
 .ARM.extab.text._ZN9__gnu_cxx13new_allocatorIlED2Ev
                0x0000ecec        0x0 ./Sources/Analog.o
 .ARM.extab.text._ZN9__gnu_cxx13new_allocatorIlE10deallocateEPlj
                0x0000ecec        0x0 ./Sources/Analog.o
 .ARM.extab.text._ZN9__gnu_cxx13new_allocatorIlE9constructIlJRKlEEEvPT_DpOT0_
                0x0000ecec        0x0 ./Sources/Analog.o
 .ARM.extab.text._ZNKSt6vectorIlSaIlEE8max_sizeEv
                0x0000ecec       0x10 ./Sources/Analog.o
 .ARM.extab.text._ZSt3maxIjERKT_S2_S2_
                0x0000ecfc        0x0 ./Sources/Analog.o
 .ARM.extab.text._ZN9__gnu_cxx13new_allocatorIlE8allocateEjPKv
                0x0000ecfc        0xc ./Sources/Analog.o